190.117.246.30 - - [28/Feb/2014:19:47:36 +0000] "GET /themes/cp_themes/default/images/success.png HTTP/1.1" 200 1018 "http://packvehicular.com/casa.php?S=62096981cfe8daf9c43d1b09ca0a5e26&D=cp&C=homepage" "Mozilla/5.0 (Macintosh; Intel Mac OS X 10_9_1) AppleWebKit/537.36 (KHTML, like Gecko) Chrome/32.0.1700.107 Safari/537.36"
190.117.246.30 - - [28/Feb/2014:19:47:36 +0000] "GET /themes/cp_themes/default/images/alert.png HTTP/1.1" 200 801 "http://packvehicular.com/casa.php?S=62096981cfe8daf9c43d1b09ca0a5e26&D=cp&C=homepage" "Mozilla/5.0 (Macintosh; Intel Mac OS X 10_9_1) AppleWebKit/537.36 (KHTML, like Gecko) Chrome/32.0.1700.107 Safari/537.36"
190.117.246.30 - - [28/Feb/2014:19:47:36 +0000] "GET /themes/third_party/nsm_morphine_theme/styles/screen.css HTTP/1.1" 404 486 "http://packvehicular.com/casa.php?S=a870adeaf48be5aaf3c69aadc01cfe4e&D=cp&C=design&M=edit_template&id=26" "Mozilla/5.0 (Windows NT 6.2; WOW64) AppleWebKit/537.36 (KHTML, like Gecko) Chrome/33.0.1750.117 Safari/537.36"
190.117.246.30 - - [28/Feb/2014:19:47:36 +0000] "GET /casa.php?S=a870adeaf48be5aaf3c69aadc01cfe4e&D=cp&C=javascript&M=combo_load&plugin=markitup&file=ee_txtarea,cp/template_editor,cp/manager&v=1393480016 HTTP/1.1" 200 19784 "http://packvehicular.com/casa.php?S=a870adeaf48be5aaf3c69aadc01cfe4e&D=cp&C=design&M=edit_template&id=26" "Mozilla/5.0 (Windows NT 6.2; WOW64) AppleWebKit/537.36 (KHTML, like Gecko) Chrome/33.0.1750.117 Safari/537.36"
190.117.246.30 - - [28/Feb/2014:19:47:37 +0000] "GET /themes/cp_themes/default/images/backgrounds_sprite.png HTTP/1.1" 200 989 "http://packvehicular.com/casa.php?S=62096981cfe8daf9c43d1b09ca0a5e26&D=cp&C=homepage" "Mozilla/5.0 (Macintosh; Intel Mac OS X 10_9_1) AppleWebKit/537.36 (KHTML, like Gecko) Chrome/32.0.1700.107 Safari/537.36"
190.117.246.30 - - [28/Feb/2014:19:47:37 +0000] "GET /themes/cp_themes/default/images/error.png HTTP/1.1" 200 777 "http://packvehicular.com/casa.php?S=62096981cfe8daf9c43d1b09ca0a5e26&D=cp&C=homepage" "Mozilla/5.0 (Macintosh; Intel Mac OS X 10_9_1) AppleWebKit/537.36 (KHTML, like Gecko) Chrome/32.0.1700.107 Safari/537.36"
190.117.246.30 - - [28/Feb/2014:19:47:37 +0000] "GET /themes/cp_themes/default/images/info.png HTTP/1.1" 200 756 "http://packvehicular.com/casa.php?S=62096981cfe8daf9c43d1b09ca0a5e26&D=cp&C=homepage" "Mozilla/5.0 (Macintosh; Intel Mac OS X 10_9_1) AppleWebKit/537.36 (KHTML, like Gecko) Chrome/32.0.1700.107 Safari/537.36"
190.117.246.30 - - [28/Feb/2014:19:47:37 +0000] "GET /themes/cp_themes/default/images/nav_arrow_light.png HTTP/1.1" 200 495 "http://packvehicular.com/casa.php?S=62096981cfe8daf9c43d1b09ca0a5e26&D=cp&C=homepage" "Mozilla/5.0 (Macintosh; Intel Mac OS X 10_9_1) AppleWebKit/537.36 (KHTML, like Gecko) Chrome/32.0.1700.107 Safari/537.36"
190.117.246.30 - - [28/Feb/2014:19:47:37 +0000] "GET /themes/cp_themes/default/images/cp_sprite.png HTTP/1.1" 200 11919 "http://packvehicular.com/casa.php?S=62096981cfe8daf9c43d1b09ca0a5e26&D=cp&C=homepage" "Mozilla/5.0 (Macintosh; Intel Mac OS X 10_9_1) AppleWebKit/537.36 (KHTML, like Gecko) Chrome/32.0.1700.107 Safari/537.36"
190.117.246.30 - - [28/Feb/2014:19:47:37 +0000] "GET /themes/third_party/nsm_morphine_theme/scripts/compressed.js HTTP/1.1" 404 487 "http://packvehicular.com/casa.php?S=a870adeaf48be5aaf3c69aadc01cfe4e&D=cp&C=design&M=edit_template&id=26" "Mozilla/5.0 (Windows NT 6.2; WOW64) AppleWebKit/537.36 (KHTML, like Gecko) Chrome/33.0.1750.117 Safari/537.36"
190.117.246.30 - - [28/Feb/2014:19:47:37 +0000] "GET /themes/cp_themes/default/images/active_user.png HTTP/1.1" 200 449 "http://packvehicular.com/casa.php?S=62096981cfe8daf9c43d1b09ca0a5e26&D=cp&C=homepage" "Mozilla/5.0 (Macintosh; Intel Mac OS X 10_9_1) AppleWebKit/537.36 (KHTML, like Gecko) Chrome/32.0.1700.107 Safari/537.36"
190.117.246.30 - - [28/Feb/2014:19:47:37 +0000] "GET /themes/cp_themes/default/images/template_edit_header_background.png HTTP/1.1" 200 443 "http://packvehicular.com/casa.php?S=a870adeaf48be5aaf3c69aadc01cfe4e&D=cp&C=design&M=edit_template&id=26" "Mozilla/5.0 (Windows NT 6.2; WOW64) AppleWebKit/537.36 (KHTML, like Gecko) Chrome/33.0.1750.117 Safari/537.36"
190.117.246.30 - - [28/Feb/2014:19:47:37 +0000] "GET /themes/cp_themes/default/images/template_edit_minus.png HTTP/1.1" 200 510 "http://packvehicular.com/casa.php?S=a870adeaf48be5aaf3c69aadc01cfe4e&D=cp&C=design&M=edit_template&id=26" "Mozilla/5.0 (Windows NT 6.2; WOW64) AppleWebKit/537.36 (KHTML, like Gecko) Chrome/33.0.1750.117 Safari/537.36"
190.117.246.30 - - [28/Feb/2014:19:47:37 +0000] "GET /themes/cp_themes/default/images/hide_sidebar_arrow.gif HTTP/1.1" 200 656 "http://packvehicular.com/casa.php?S=62096981cfe8daf9c43d1b09ca0a5e26&D=cp&C=homepage" "Mozilla/5.0 (Macintosh; Intel Mac OS X 10_9_1) AppleWebKit/537.36 (KHTML, like Gecko) Chrome/32.0.1700.107 Safari/537.36"
190.117.246.30 - - [28/Feb/2014:19:47:38 +0000] "GET /themes/cp_themes/default/images/heading_images_sprite.gif HTTP/1.1" 200 2116 "http://packvehicular.com/casa.php?S=62096981cfe8daf9c43d1b09ca0a5e26&D=cp&C=homepage" "Mozilla/5.0 (Macintosh; Intel Mac OS X 10_9_1) AppleWebKit/537.36 (KHTML, like Gecko) Chrome/32.0.1700.107 Safari/537.36"
190.117.246.30 - - [28/Feb/2014:19:47:38 +0000] "GET /themes/cp_themes/default/images/contentmenu_icons.gif HTTP/1.1" 200 1049 "http://packvehicular.com/casa.php?S=62096981cfe8daf9c43d1b09ca0a5e26&D=cp&C=homepage" "Mozilla/5.0 (Macintosh; Intel Mac OS X 10_9_1) AppleWebKit/537.36 (KHTML, like Gecko) Chrome/32.0.1700.107 Safari/537.36"
190.117.246.30 - - [28/Feb/2014:19:47:38 +0000] "GET /themes/cp_themes/default/images/template_edit_plus.png HTTP/1.1" 200 553 "http://packvehicular.com/casa.php?S=a870adeaf48be5aaf3c69aadc01cfe4e&D=cp&C=design&M=edit_template&id=26" "Mozilla/5.0 (Windows NT 6.2; WOW64) AppleWebKit/537.36 (KHTML, like Gecko) Chrome/33.0.1750.117 Safari/537.36"
190.117.246.30 - - [28/Feb/2014:19:47:38 +0000] "GET /themes/cp_themes/default/images/ui-bg_highlight-hard_0_ECF1F4_1x100.png HTTP/1.1" 200 378 "http://packvehicular.com/casa.php?S=62096981cfe8daf9c43d1b09ca0a5e26&D=cp&C=homepage" "Mozilla/5.0 (Macintosh; Intel Mac OS X 10_9_1) AppleWebKit/537.36 (KHTML, like Gecko) Chrome/32.0.1700.107 Safari/537.36"
190.117.246.30 - - [28/Feb/2014:19:47:38 +0000] "GET /themes/cp_themes/default/images/list_arrow.gif HTTP/1.1" 200 370 "http://packvehicular.com/casa.php?S=62096981cfe8daf9c43d1b09ca0a5e26&D=cp&C=homepage" "Mozilla/5.0 (Macintosh; Intel Mac OS X 10_9_1) AppleWebKit/537.36 (KHTML, like Gecko) Chrome/32.0.1700.107 Safari/537.36"
190.117.246.30 - - [28/Feb/2014:19:47:42 +0000] "POST /casa.php?S=a870adeaf48be5aaf3c69aadc01cfe4e&D=cp&C=design&M=update_template&tgpref=1 HTTP/1.1" 302 806 "http://packvehicular.com/casa.php?S=a870adeaf48be5aaf3c69aadc01cfe4e&D=cp&C=design&M=edit_template&id=26" "Mozilla/5.0 (Windows NT 6.2; WOW64) AppleWebKit/537.36 (KHTML, like Gecko) Chrome/33.0.1750.117 Safari/537.36"
127.0.0.1 - - [28/Feb/2014:19:47:45 +0000] "OPTIONS * HTTP/1.0" 200 126 "-" "Apache/2.2.22 (Ubuntu) (internal dummy connection)"
127.0.0.1 - - [28/Feb/2014:19:47:46 +0000] "OPTIONS * HTTP/1.0" 200 126 "-" "Apache/2.2.22 (Ubuntu) (internal dummy connection)"
190.117.246.30 - - [28/Feb/2014:19:47:46 +0000] "GET /casa.php?S=a870adeaf48be5aaf3c69aadc01cfe4e&D=cp&C=design&M=edit_template&id=26 HTTP/1.1" 200 8464 "http://packvehicular.com/casa.php?S=a870adeaf48be5aaf3c69aadc01cfe4e&D=cp&C=design&M=edit_template&id=26" "Mozilla/5.0 (Windows NT 6.2; WOW64) AppleWebKit/537.36 (KHTML, like Gecko) Chrome/33.0.1750.117 Safari/537.36"
127.0.0.1 - - [28/Feb/2014:19:47:47 +0000] "OPTIONS * HTTP/1.0" 200 126 "-" "Apache/2.2.22 (Ubuntu) (internal dummy connection)"
190.117.246.30 - - [28/Feb/2014:19:47:49 +0000] "GET /themes/third_party/nsm_morphine_theme/styles/screen.css HTTP/1.1" 404 791 "http://packvehicular.com/casa.php?S=a870adeaf48be5aaf3c69aadc01cfe4e&D=cp&C=design&M=edit_template&id=26" "Mozilla/5.0 (Windows NT 6.2; WOW64) AppleWebKit/537.36 (KHTML, like Gecko) Chrome/33.0.1750.117 Safari/537.36"
190.117.246.30 - - [28/Feb/2014:19:47:49 +0000] "GET /themes/third_party/nsm_morphine_theme/scripts/compressed.js HTTP/1.1" 404 792 "http://packvehicular.com/casa.php?S=a870adeaf48be5aaf3c69aadc01cfe4e&D=cp&C=design&M=edit_template&id=26" "Mozilla/5.0 (Windows NT 6.2; WOW64) AppleWebKit/537.36 (KHTML, like Gecko) Chrome/33.0.1750.117 Safari/537.36"
127.0.0.1 - - [28/Feb/2014:19:47:59 +0000] "OPTIONS * HTTP/1.0" 200 126 "-" "Apache/2.2.22 (Ubuntu) (internal dummy connection)"
190.117.246.30 - - [28/Feb/2014:19:48:02 +0000] "GET /phinfo HTTP/1.1" 404 819 "-" "Mozilla/5.0 (Windows NT 6.2; WOW64) AppleWebKit/537.36 (KHTML, like Gecko) Chrome/33.0.1750.117 Safari/537.36"
127.0.0.1 - - [28/Feb/2014:19:48:19 +0000] "OPTIONS * HTTP/1.0" 200 126 "-" "Apache/2.2.22 (Ubuntu) (internal dummy connection)"
190.117.246.30 - - [28/Feb/2014:19:48:23 +0000] "GET /asda/asda HTTP/1.1" 404 732 "-" "Mozilla/5.0 (Windows NT 6.2; WOW64) AppleWebKit/537.36 (KHTML, like Gecko) Chrome/33.0.1750.117 Safari/537.36"
190.117.246.30 - - [28/Feb/2014:19:48:33 +0000] "GET /casa.php?S=a870adeaf48be5aaf3c69aadc01cfe4e&D=cp&C=design&M=global_template_preferences HTTP/1.1" 200 6982 "http://packvehicular.com/casa.php?S=a870adeaf48be5aaf3c69aadc01cfe4e&D=cp&C=design&M=edit_template&id=26" "Mozilla/5.0 (Windows NT 6.2; WOW64) AppleWebKit/537.36 (KHTML, like Gecko) Chrome/33.0.1750.117 Safari/537.36"
190.117.246.30 - - [28/Feb/2014:19:48:36 +0000] "GET /themes/third_party/nsm_morphine_theme/styles/screen.css HTTP/1.1" 404 486 "http://packvehicular.com/casa.php?S=a870adeaf48be5aaf3c69aadc01cfe4e&D=cp&C=design&M=global_template_preferences" "Mozilla/5.0 (Windows NT 6.2; WOW64) AppleWebKit/537.36 (KHTML, like Gecko) Chrome/33.0.1750.117 Safari/537.36"
190.117.246.30 - - [28/Feb/2014:19:48:36 +0000] "GET /themes/third_party/nsm_morphine_theme/scripts/compressed.js HTTP/1.1" 404 487 "http://packvehicular.com/casa.php?S=a870adeaf48be5aaf3c69aadc01cfe4e&D=cp&C=design&M=global_template_preferences" "Mozilla/5.0 (Windows NT 6.2; WOW64) AppleWebKit/537.36 (KHTML, like Gecko) Chrome/33.0.1750.117 Safari/537.36"
190.117.246.30 - - [28/Feb/2014:19:48:41 +0000] "POST /casa.php?S=a870adeaf48be5aaf3c69aadc01cfe4e&D=cp&C=design&M=update_global_template_prefs HTTP/1.1" 302 705 "http://packvehicular.com/casa.php?S=a870adeaf48be5aaf3c69aadc01cfe4e&D=cp&C=design&M=global_template_preferences" "Mozilla/5.0 (Windows NT 6.2; WOW64) AppleWebKit/537.36 (KHTML, like Gecko) Chrome/33.0.1750.117 Safari/537.36"
190.117.246.30 - - [28/Feb/2014:19:48:42 +0000] "GET /casa.php?S=a870adeaf48be5aaf3c69aadc01cfe4e&D=cp&C=design&M=global_template_preferences HTTP/1.1" 200 7187 "http://packvehicular.com/casa.php?S=a870adeaf48be5aaf3c69aadc01cfe4e&D=cp&C=design&M=global_template_preferences" "Mozilla/5.0 (Windows NT 6.2; WOW64) AppleWebKit/537.36 (KHTML, like Gecko) Chrome/33.0.1750.117 Safari/537.36"
190.117.246.30 - - [28/Feb/2014:19:48:44 +0000] "GET /themes/third_party/nsm_morphine_theme/styles/screen.css HTTP/1.1" 404 7311 "http://packvehicular.com/casa.php?S=a870adeaf48be5aaf3c69aadc01cfe4e&D=cp&C=design&M=global_template_preferences" "Mozilla/5.0 (Windows NT 6.2; WOW64) AppleWebKit/537.36 (KHTML, like Gecko) Chrome/33.0.1750.117 Safari/537.36"
190.117.246.30 - - [28/Feb/2014:19:48:44 +0000] "GET /themes/javascript/compressed/jquery/jquery.js?v=1393480016 HTTP/1.1" 304 212 "http://packvehicular.com/casa.php?S=a870adeaf48be5aaf3c69aadc01cfe4e&D=cp&C=design&M=global_template_preferences" "Mozilla/5.0 (Windows NT 6.2; WOW64) AppleWebKit/537.36 (KHTML, like Gecko) Chrome/33.0.1750.117 Safari/537.36"
190.117.246.30 - - [28/Feb/2014:19:48:44 +0000] "GET /casa.php?S=a870adeaf48be5aaf3c69aadc01cfe4e&D=cp&C=javascript&M=combo_load&ui=core,widget,mouse,position,sortable,dialog&plugin=ee_interact.event,ee_broadcast.event,ee_notice,ee_txtarea,tablesorter,ee_toggle_all,ee_navigation&file=json2,underscore,cp/global_start&v=1393480016 HTTP/1.1" 304 177 "http://packvehicular.com/casa.php?S=a870adeaf48be5aaf3c69aadc01cfe4e&D=cp&C=design&M=global_template_preferences" "Mozilla/5.0 (Windows NT 6.2; WOW64) AppleWebKit/537.36 (KHTML, like Gecko) Chrome/33.0.1750.117 Safari/537.36"
190.117.246.30 - - [28/Feb/2014:19:48:44 +0000] "GET /themes/third_party/nsm_morphine_theme/scripts/compressed.js HTTP/1.1" 404 7312 "http://packvehicular.com/casa.php?S=a870adeaf48be5aaf3c69aadc01cfe4e&D=cp&C=design&M=global_template_preferences" "Mozilla/5.0 (Windows NT 6.2; WOW64) AppleWebKit/537.36 (KHTML, like Gecko) Chrome/33.0.1750.117 Safari/537.36"
190.117.246.30 - - [28/Feb/2014:19:48:44 +0000] "GET /casa.php?S=a870adeaf48be5aaf3c69aadc01cfe4e&D=cp&C=javascript&M=combo_load&file=cp/global_end&v=1393480016 HTTP/1.1" 304 177 "http://packvehicular.com/casa.php?S=a870adeaf48be5aaf3c69aadc01cfe4e&D=cp&C=design&M=global_template_preferences" "Mozilla/5.0 (Windows NT 6.2; WOW64) AppleWebKit/537.36 (KHTML, like Gecko) Chrome/33.0.1750.117 Safari/537.36"
190.117.246.30 - - [28/Feb/2014:19:48:47 +0000] "GET /asda/asda HTTP/1.1" 404 7399 "-" "Mozilla/5.0 (Windows NT 6.2; WOW64) AppleWebKit/537.36 (KHTML, like Gecko) Chrome/33.0.1750.117 Safari/537.36"
190.117.246.30 - - [28/Feb/2014:19:48:47 +0000] "GET /css/foundation.css HTTP/1.1" 200 19067 "http://packvehicular.com/asda/asda" "Mozilla/5.0 (Windows NT 6.2; WOW64) AppleWebKit/537.36 (KHTML, like Gecko) Chrome/33.0.1750.117 Safari/537.36"
190.117.246.30 - - [28/Feb/2014:19:48:47 +0000] "GET /js/modernizr.js HTTP/1.1" 304 210 "http://packvehicular.com/asda/asda" "Mozilla/5.0 (Windows NT 6.2; WOW64) AppleWebKit/537.36 (KHTML, like Gecko) Chrome/33.0.1750.117 Safari/537.36"
190.117.246.30 - - [28/Feb/2014:19:48:47 +0000] "GET /css/custom.css HTTP/1.1" 200 4576 "http://packvehicular.com/asda/asda" "Mozilla/5.0 (Windows NT 6.2; WOW64) AppleWebKit/537.36 (KHTML, like Gecko) Chrome/33.0.1750.117 Safari/537.36"
190.117.246.30 - - [28/Feb/2014:19:48:47 +0000] "GET /js/jquery.js HTTP/1.1" 304 211 "http://packvehicular.com/asda/asda" "Mozilla/5.0 (Windows NT 6.2; WOW64) AppleWebKit/537.36 (KHTML, like Gecko) Chrome/33.0.1750.117 Safari/537.36"
190.117.246.30 - - [28/Feb/2014:19:48:47 +0000] "GET /js/foundation.min.js HTTP/1.1" 200 19903 "http://packvehicular.com/asda/asda" "Mozilla/5.0 (Windows NT 6.2; WOW64) AppleWebKit/537.36 (KHTML, like Gecko) Chrome/33.0.1750.117 Safari/537.36"
190.117.246.30 - - [28/Feb/2014:19:48:48 +0000] "GET /js/waypoints.min.js HTTP/1.1" 200 2969 "http://packvehicular.com/asda/asda" "Mozilla/5.0 (Windows NT 6.2; WOW64) AppleWebKit/537.36 (KHTML, like Gecko) Chrome/33.0.1750.117 Safari/537.36"
190.117.246.30 - - [28/Feb/2014:19:48:47 +0000] "GET /img/logo.png HTTP/1.1" 200 61604 "http://packvehicular.com/asda/asda" "Mozilla/5.0 (Windows NT 6.2; WOW64) AppleWebKit/537.36 (KHTML, like Gecko) Chrome/33.0.1750.117 Safari/537.36"
190.117.246.30 - - [28/Feb/2014:19:48:48 +0000] "GET /js/positiva.js HTTP/1.1" 304 210 "http://packvehicular.com/asda/asda" "Mozilla/5.0 (Windows NT 6.2; WOW64) AppleWebKit/537.36 (KHTML, like Gecko) Chrome/33.0.1750.117 Safari/537.36"
190.117.246.30 - - [28/Feb/2014:19:48:48 +0000] "GET /js/spin.min.js HTTP/1.1" 200 2540 "http://packvehicular.com/asda/asda" "Mozilla/5.0 (Windows NT 6.2; WOW64) AppleWebKit/537.36 (KHTML, like Gecko) Chrome/33.0.1750.117 Safari/537.36"
190.117.246.30 - - [28/Feb/2014:19:48:49 +0000] "GET /fonts/vimsm-webfont.woff HTTP/1.1" 200 17448 "http://packvehicular.com/asda/asda" "Mozilla/5.0 (Windows NT 6.2; WOW64) AppleWebKit/537.36 (KHTML, like Gecko) Chrome/33.0.1750.117 Safari/537.36"
190.117.246.30 - - [28/Feb/2014:19:48:49 +0000] "GET /fonts/fb-tw.woff HTTP/1.1" 200 1558 "http://packvehicular.com/asda/asda" "Mozilla/5.0 (Windows NT 6.2; WOW64) AppleWebKit/537.36 (KHTML, like Gecko) Chrome/33.0.1750.117 Safari/537.36"
190.117.246.30 - - [28/Feb/2014:19:48:49 +0000] "GET /img/banner.png HTTP/1.1" 200 65568 "http://packvehicular.com/asda/asda" "Mozilla/5.0 (Windows NT 6.2; WOW64) AppleWebKit/537.36 (KHTML, like Gecko) Chrome/33.0.1750.117 Safari/537.36"
127.0.0.1 - - [28/Feb/2014:19:48:57 +0000] "OPTIONS * HTTP/1.0" 200 126 "-" "Apache/2.2.22 (Ubuntu) (internal dummy connection)"
190.117.246.30 - - [28/Feb/2014:19:48:59 +0000] "GET /casa.php?S=a870adeaf48be5aaf3c69aadc01cfe4e&D=cp&C=addons_modules&M=show_module_cp&module=pdf_press HTTP/1.1" 200 7888 "http://54.200.189.71/casa.php?S=a870adeaf48be5aaf3c69aadc01cfe4e&D=cp&C=addons_modules" "Mozilla/5.0 (Windows NT 6.2; WOW64) AppleWebKit/537.36 (KHTML, like Gecko) Chrome/33.0.1750.117 Safari/537.36"
190.117.246.30 - - [28/Feb/2014:19:49:01 +0000] "GET /themes/third_party/nsm_morphine_theme/styles/screen.css HTTP/1.1" 404 7124 "http://54.200.189.71/casa.php?S=a870adeaf48be5aaf3c69aadc01cfe4e&D=cp&C=addons_modules&M=show_module_cp&module=pdf_press" "Mozilla/5.0 (Windows NT 6.2; WOW64) AppleWebKit/537.36 (KHTML, like Gecko) Chrome/33.0.1750.117 Safari/537.36"
190.117.246.30 - - [28/Feb/2014:19:49:01 +0000] "GET /themes/third_party/nsm_morphine_theme/scripts/compressed.js HTTP/1.1" 404 7125 "http://54.200.189.71/casa.php?S=a870adeaf48be5aaf3c69aadc01cfe4e&D=cp&C=addons_modules&M=show_module_cp&module=pdf_press" "Mozilla/5.0 (Windows NT 6.2; WOW64) AppleWebKit/537.36 (KHTML, like Gecko) Chrome/33.0.1750.117 Safari/537.36"
190.117.246.30 - - [28/Feb/2014:19:49:24 +0000] "GET /casa.php?S=62096981cfe8daf9c43d1b09ca0a5e26&D=cp&C=addons_modules HTTP/1.1" 200 6951 "http://packvehicular.com/casa.php?S=62096981cfe8daf9c43d1b09ca0a5e26&D=cp&C=homepage" "Mozilla/5.0 (Macintosh; Intel Mac OS X 10_9_1) AppleWebKit/537.36 (KHTML, like Gecko) Chrome/32.0.1700.107 Safari/537.36"
190.117.246.30 - - [28/Feb/2014:19:49:27 +0000] "GET /themes/third_party/nsm_morphine_theme/styles/screen.css HTTP/1.1" 404 7115 "http://packvehicular.com/casa.php?S=62096981cfe8daf9c43d1b09ca0a5e26&D=cp&C=addons_modules" "Mozilla/5.0 (Macintosh; Intel Mac OS X 10_9_1) AppleWebKit/537.36 (KHTML, like Gecko) Chrome/32.0.1700.107 Safari/537.36"
190.117.246.30 - - [28/Feb/2014:19:49:27 +0000] "GET /themes/third_party/nsm_morphine_theme/scripts/compressed.js HTTP/1.1" 404 7116 "http://packvehicular.com/casa.php?S=62096981cfe8daf9c43d1b09ca0a5e26&D=cp&C=addons_modules" "Mozilla/5.0 (Macintosh; Intel Mac OS X 10_9_1) AppleWebKit/537.36 (KHTML, like Gecko) Chrome/32.0.1700.107 Safari/537.36"
190.117.246.30 - - [28/Feb/2014:19:49:29 +0000] "GET /themes/cp_themes/default/images/table_column_heading_active_bg.jpg HTTP/1.1" 200 656 "http://packvehicular.com/casa.php?S=62096981cfe8daf9c43d1b09ca0a5e26&D=cp&C=addons_modules" "Mozilla/5.0 (Macintosh; Intel Mac OS X 10_9_1) AppleWebKit/537.36 (KHTML, like Gecko) Chrome/32.0.1700.107 Safari/537.36"
190.117.246.30 - - [28/Feb/2014:19:49:32 +0000] "GET /casa.php?S=62096981cfe8daf9c43d1b09ca0a5e26&D=cp&C=addons_modules&M=show_module_cp&module=pdf_press HTTP/1.1" 200 7879 "http://packvehicular.com/casa.php?S=62096981cfe8daf9c43d1b09ca0a5e26&D=cp&C=addons_modules" "Mozilla/5.0 (Macintosh; Intel Mac OS X 10_9_1) AppleWebKit/537.36 (KHTML, like Gecko) Chrome/32.0.1700.107 Safari/537.36"
190.117.246.30 - - [28/Feb/2014:19:49:34 +0000] "GET /themes/third_party/nsm_morphine_theme/styles/screen.css HTTP/1.1" 404 7115 "http://packvehicular.com/casa.php?S=62096981cfe8daf9c43d1b09ca0a5e26&D=cp&C=addons_modules&M=show_module_cp&module=pdf_press" "Mozilla/5.0 (Macintosh; Intel Mac OS X 10_9_1) AppleWebKit/537.36 (KHTML, like Gecko) Chrome/32.0.1700.107 Safari/537.36"
190.117.246.30 - - [28/Feb/2014:19:49:35 +0000] "GET /themes/third_party/nsm_morphine_theme/scripts/compressed.js HTTP/1.1" 404 7116 "http://packvehicular.com/casa.php?S=62096981cfe8daf9c43d1b09ca0a5e26&D=cp&C=addons_modules&M=show_module_cp&module=pdf_press" "Mozilla/5.0 (Macintosh; Intel Mac OS X 10_9_1) AppleWebKit/537.36 (KHTML, like Gecko) Chrome/32.0.1700.107 Safari/537.36"
190.117.246.30 - - [28/Feb/2014:19:52:21 +0000] "GET /casa.php?S=62096981cfe8daf9c43d1b09ca0a5e26&D=cp&C=addons_modules&M=show_module_cp&module=pdf_press HTTP/1.1" 200 7879 "http://packvehicular.com/casa.php?S=62096981cfe8daf9c43d1b09ca0a5e26&D=cp&C=addons_modules" "Mozilla/5.0 (Macintosh; Intel Mac OS X 10_9_1) AppleWebKit/537.36 (KHTML, like Gecko) Chrome/32.0.1700.107 Safari/537.36"
190.117.246.30 - - [28/Feb/2014:19:52:23 +0000] "GET /themes/cp_themes/default/css/jquery-ui-1.8.16.custom.css?v=1393480016 HTTP/1.1" 304 210 "http://packvehicular.com/casa.php?S=62096981cfe8daf9c43d1b09ca0a5e26&D=cp&C=homepage" "Mozilla/5.0 (Macintosh; Intel Mac OS X 10_9_1) AppleWebKit/537.36 (KHTML, like Gecko) Chrome/32.0.1700.107 Safari/537.36"
190.117.246.30 - - [28/Feb/2014:19:52:23 +0000] "GET /themes/cp_themes/default/css/global.css?v=1393480016 HTTP/1.1" 304 212 "http://packvehicular.com/casa.php?S=62096981cfe8daf9c43d1b09ca0a5e26&D=cp&C=homepage" "Mozilla/5.0 (Macintosh; Intel Mac OS X 10_9_1) AppleWebKit/537.36 (KHTML, like Gecko) Chrome/32.0.1700.107 Safari/537.36"
190.117.246.30 - - [28/Feb/2014:19:52:23 +0000] "GET /themes/javascript/compressed/jquery/jquery.js?v=1393480016 HTTP/1.1" 304 212 "http://packvehicular.com/casa.php?S=0&D=cp&C=login" "Mozilla/5.0 (Macintosh; Intel Mac OS X 10_9_1) AppleWebKit/537.36 (KHTML, like Gecko) Chrome/32.0.1700.107 Safari/537.36"
190.117.246.30 - - [28/Feb/2014:19:52:23 +0000] "GET /themes/third_party/nsm_morphine_theme/styles/screen.css HTTP/1.1" 404 7116 "http://packvehicular.com/casa.php?S=62096981cfe8daf9c43d1b09ca0a5e26&D=cp&C=addons_modules&M=show_module_cp&module=pdf_press" "Mozilla/5.0 (Macintosh; Intel Mac OS X 10_9_1) AppleWebKit/537.36 (KHTML, like Gecko) Chrome/32.0.1700.107 Safari/537.36"
190.117.246.30 - - [28/Feb/2014:19:52:23 +0000] "GET /themes/third_party/nsm_morphine_theme/scripts/compressed.js HTTP/1.1" 404 7116 "http://packvehicular.com/casa.php?S=62096981cfe8daf9c43d1b09ca0a5e26&D=cp&C=addons_modules&M=show_module_cp&module=pdf_press" "Mozilla/5.0 (Macintosh; Intel Mac OS X 10_9_1) AppleWebKit/537.36 (KHTML, like Gecko) Chrome/32.0.1700.107 Safari/537.36"
190.117.246.30 - - [28/Feb/2014:19:52:24 +0000] "GET /casa.php?S=62096981cfe8daf9c43d1b09ca0a5e26&D=cp&C=javascript&M=combo_load&ui=core,widget,mouse,position,sortable,dialog&plugin=ee_interact.event,ee_broadcast.event,ee_notice,ee_txtarea,tablesorter,ee_toggle_all,ee_navigation&file=json2,underscore,cp/global_start&v=1393480016 HTTP/1.1" 304 177 "http://packvehicular.com/casa.php?S=62096981cfe8daf9c43d1b09ca0a5e26&D=cp&C=homepage" "Mozilla/5.0 (Macintosh; Intel Mac OS X 10_9_1) AppleWebKit/537.36 (KHTML, like Gecko) Chrome/32.0.1700.107 Safari/537.36"
190.117.246.30 - - [28/Feb/2014:19:52:25 +0000] "GET /themes/cp_themes/default/images/home_icon.png HTTP/1.1" 304 185 "http://packvehicular.com/casa.php?S=62096981cfe8daf9c43d1b09ca0a5e26&D=cp&C=homepage" "Mozilla/5.0 (Macintosh; Intel Mac OS X 10_9_1) AppleWebKit/537.36 (KHTML, like Gecko) Chrome/32.0.1700.107 Safari/537.36"
190.117.246.30 - - [28/Feb/2014:19:52:25 +0000] "GET /casa.php?S=62096981cfe8daf9c43d1b09ca0a5e26&D=cp&C=javascript&M=combo_load&file=cp/global_end&v=1393480016 HTTP/1.1" 304 176 "http://packvehicular.com/casa.php?S=62096981cfe8daf9c43d1b09ca0a5e26&D=cp&C=homepage" "Mozilla/5.0 (Macintosh; Intel Mac OS X 10_9_1) AppleWebKit/537.36 (KHTML, like Gecko) Chrome/32.0.1700.107 Safari/537.36"
190.117.246.30 - - [28/Feb/2014:19:52:25 +0000] "GET /themes/cp_themes/default/images/site_logo.gif HTTP/1.1" 304 186 "http://packvehicular.com/casa.php?S=62096981cfe8daf9c43d1b09ca0a5e26&D=cp&C=homepage" "Mozilla/5.0 (Macintosh; Intel Mac OS X 10_9_1) AppleWebKit/537.36 (KHTML, like Gecko) Chrome/32.0.1700.107 Safari/537.36"
190.117.246.30 - - [28/Feb/2014:19:52:25 +0000] "GET /themes/cp_themes/default/images/indicator.gif HTTP/1.1" 304 186 "http://packvehicular.com/casa.php?S=62096981cfe8daf9c43d1b09ca0a5e26&D=cp&C=homepage" "Mozilla/5.0 (Macintosh; Intel Mac OS X 10_9_1) AppleWebKit/537.36 (KHTML, like Gecko) Chrome/32.0.1700.107 Safari/537.36"
190.117.246.30 - - [28/Feb/2014:19:52:25 +0000] "GET /themes/cp_themes/default/images/search_button.gif HTTP/1.1" 304 186 "http://packvehicular.com/casa.php?S=62096981cfe8daf9c43d1b09ca0a5e26&D=cp&C=homepage" "Mozilla/5.0 (Macintosh; Intel Mac OS X 10_9_1) AppleWebKit/537.36 (KHTML, like Gecko) Chrome/32.0.1700.107 Safari/537.36"
190.117.246.30 - - [28/Feb/2014:19:52:26 +0000] "GET /themes/cp_themes/default/images/ee_logo_footer.gif HTTP/1.1" 304 186 "http://packvehicular.com/casa.php?S=62096981cfe8daf9c43d1b09ca0a5e26&D=cp&C=homepage" "Mozilla/5.0 (Macintosh; Intel Mac OS X 10_9_1) AppleWebKit/537.36 (KHTML, like Gecko) Chrome/32.0.1700.107 Safari/537.36"
190.117.246.30 - - [28/Feb/2014:19:52:26 +0000] "GET /themes/cp_themes/default/images/success.png HTTP/1.1" 304 186 "http://packvehicular.com/casa.php?S=62096981cfe8daf9c43d1b09ca0a5e26&D=cp&C=homepage" "Mozilla/5.0 (Macintosh; Intel Mac OS X 10_9_1) AppleWebKit/537.36 (KHTML, like Gecko) Chrome/32.0.1700.107 Safari/537.36"
190.117.246.30 - - [28/Feb/2014:19:52:26 +0000] "GET /themes/cp_themes/default/images/alert.png HTTP/1.1" 304 186 "http://packvehicular.com/casa.php?S=62096981cfe8daf9c43d1b09ca0a5e26&D=cp&C=homepage" "Mozilla/5.0 (Macintosh; Intel Mac OS X 10_9_1) AppleWebKit/537.36 (KHTML, like Gecko) Chrome/32.0.1700.107 Safari/537.36"
190.117.246.30 - - [28/Feb/2014:19:52:27 +0000] "GET /themes/cp_themes/default/images/error.png HTTP/1.1" 304 186 "http://packvehicular.com/casa.php?S=62096981cfe8daf9c43d1b09ca0a5e26&D=cp&C=homepage" "Mozilla/5.0 (Macintosh; Intel Mac OS X 10_9_1) AppleWebKit/537.36 (KHTML, like Gecko) Chrome/32.0.1700.107 Safari/537.36"
190.117.246.30 - - [28/Feb/2014:19:52:27 +0000] "GET /themes/cp_themes/default/images/info.png HTTP/1.1" 304 186 "http://packvehicular.com/casa.php?S=62096981cfe8daf9c43d1b09ca0a5e26&D=cp&C=homepage" "Mozilla/5.0 (Macintosh; Intel Mac OS X 10_9_1) AppleWebKit/537.36 (KHTML, like Gecko) Chrome/32.0.1700.107 Safari/537.36"
127.0.0.1 - - [28/Feb/2014:19:52:34 +0000] "OPTIONS * HTTP/1.0" 200 126 "-" "Apache/2.2.22 (Ubuntu) (internal dummy connection)"
190.117.246.30 - - [28/Feb/2014:19:52:39 +0000] "GET /casa.php?S=62096981cfe8daf9c43d1b09ca0a5e26&D=cp&C=addons_modules&M=show_module_cp&module=pdf_press HTTP/1.1" 200 7880 "http://packvehicular.com/casa.php?S=62096981cfe8daf9c43d1b09ca0a5e26&D=cp&C=addons_modules" "Mozilla/5.0 (Macintosh; Intel Mac OS X 10_9_1) AppleWebKit/537.36 (KHTML, like Gecko) Chrome/32.0.1700.107 Safari/537.36"
190.117.246.30 - - [28/Feb/2014:19:52:41 +0000] "GET /themes/cp_themes/default/css/jquery-ui-1.8.16.custom.css?v=1393480016 HTTP/1.1" 304 210 "http://packvehicular.com/casa.php?S=62096981cfe8daf9c43d1b09ca0a5e26&D=cp&C=homepage" "Mozilla/5.0 (Macintosh; Intel Mac OS X 10_9_1) AppleWebKit/537.36 (KHTML, like Gecko) Chrome/32.0.1700.107 Safari/537.36"
190.117.246.30 - - [28/Feb/2014:19:52:41 +0000] "GET /themes/cp_themes/default/css/global.css?v=1393480016 HTTP/1.1" 304 212 "http://packvehicular.com/casa.php?S=62096981cfe8daf9c43d1b09ca0a5e26&D=cp&C=homepage" "Mozilla/5.0 (Macintosh; Intel Mac OS X 10_9_1) AppleWebKit/537.36 (KHTML, like Gecko) Chrome/32.0.1700.107 Safari/537.36"
190.117.246.30 - - [28/Feb/2014:19:52:41 +0000] "GET /themes/javascript/compressed/jquery/jquery.js?v=1393480016 HTTP/1.1" 304 212 "http://packvehicular.com/casa.php?S=0&D=cp&C=login" "Mozilla/5.0 (Macintosh; Intel Mac OS X 10_9_1) AppleWebKit/537.36 (KHTML, like Gecko) Chrome/32.0.1700.107 Safari/537.36"
190.117.246.30 - - [28/Feb/2014:19:52:41 +0000] "GET /themes/third_party/nsm_morphine_theme/styles/screen.css HTTP/1.1" 404 7116 "http://packvehicular.com/casa.php?S=62096981cfe8daf9c43d1b09ca0a5e26&D=cp&C=addons_modules&M=show_module_cp&module=pdf_press" "Mozilla/5.0 (Macintosh; Intel Mac OS X 10_9_1) AppleWebKit/537.36 (KHTML, like Gecko) Chrome/32.0.1700.107 Safari/537.36"
190.117.246.30 - - [28/Feb/2014:19:52:42 +0000] "GET /casa.php?S=62096981cfe8daf9c43d1b09ca0a5e26&D=cp&C=javascript&M=combo_load&ui=core,widget,mouse,position,sortable,dialog&plugin=ee_interact.event,ee_broadcast.event,ee_notice,ee_txtarea,tablesorter,ee_toggle_all,ee_navigation&file=json2,underscore,cp/global_start&v=1393480016 HTTP/1.1" 304 177 "http://packvehicular.com/casa.php?S=62096981cfe8daf9c43d1b09ca0a5e26&D=cp&C=homepage" "Mozilla/5.0 (Macintosh; Intel Mac OS X 10_9_1) AppleWebKit/537.36 (KHTML, like Gecko) Chrome/32.0.1700.107 Safari/537.36"
190.117.246.30 - - [28/Feb/2014:19:52:42 +0000] "GET /themes/third_party/nsm_morphine_theme/scripts/compressed.js HTTP/1.1" 404 7116 "http://packvehicular.com/casa.php?S=62096981cfe8daf9c43d1b09ca0a5e26&D=cp&C=addons_modules&M=show_module_cp&module=pdf_press" "Mozilla/5.0 (Macintosh; Intel Mac OS X 10_9_1) AppleWebKit/537.36 (KHTML, like Gecko) Chrome/32.0.1700.107 Safari/537.36"
190.117.246.30 - - [28/Feb/2014:19:52:43 +0000] "GET /themes/cp_themes/default/images/home_icon.png HTTP/1.1" 304 185 "http://packvehicular.com/casa.php?S=62096981cfe8daf9c43d1b09ca0a5e26&D=cp&C=homepage" "Mozilla/5.0 (Macintosh; Intel Mac OS X 10_9_1) AppleWebKit/537.36 (KHTML, like Gecko) Chrome/32.0.1700.107 Safari/537.36"
190.117.246.30 - - [28/Feb/2014:19:52:43 +0000] "GET /casa.php?S=62096981cfe8daf9c43d1b09ca0a5e26&D=cp&C=javascript&M=combo_load&file=cp/global_end&v=1393480016 HTTP/1.1" 304 176 "http://packvehicular.com/casa.php?S=62096981cfe8daf9c43d1b09ca0a5e26&D=cp&C=homepage" "Mozilla/5.0 (Macintosh; Intel Mac OS X 10_9_1) AppleWebKit/537.36 (KHTML, like Gecko) Chrome/32.0.1700.107 Safari/537.36"
190.117.246.30 - - [28/Feb/2014:19:52:44 +0000] "GET /themes/cp_themes/default/images/site_logo.gif HTTP/1.1" 304 186 "http://packvehicular.com/casa.php?S=62096981cfe8daf9c43d1b09ca0a5e26&D=cp&C=homepage" "Mozilla/5.0 (Macintosh; Intel Mac OS X 10_9_1) AppleWebKit/537.36 (KHTML, like Gecko) Chrome/32.0.1700.107 Safari/537.36"
190.117.246.30 - - [28/Feb/2014:19:52:44 +0000] "GET /themes/cp_themes/default/images/indicator.gif HTTP/1.1" 304 186 "http://packvehicular.com/casa.php?S=62096981cfe8daf9c43d1b09ca0a5e26&D=cp&C=homepage" "Mozilla/5.0 (Macintosh; Intel Mac OS X 10_9_1) AppleWebKit/537.36 (KHTML, like Gecko) Chrome/32.0.1700.107 Safari/537.36"
190.117.246.30 - - [28/Feb/2014:19:52:44 +0000] "GET /themes/cp_themes/default/images/search_button.gif HTTP/1.1" 304 186 "http://packvehicular.com/casa.php?S=62096981cfe8daf9c43d1b09ca0a5e26&D=cp&C=homepage" "Mozilla/5.0 (Macintosh; Intel Mac OS X 10_9_1) AppleWebKit/537.36 (KHTML, like Gecko) Chrome/32.0.1700.107 Safari/537.36"
190.117.246.30 - - [28/Feb/2014:19:52:44 +0000] "GET /themes/cp_themes/default/images/ee_logo_footer.gif HTTP/1.1" 304 186 "http://packvehicular.com/casa.php?S=62096981cfe8daf9c43d1b09ca0a5e26&D=cp&C=homepage" "Mozilla/5.0 (Macintosh; Intel Mac OS X 10_9_1) AppleWebKit/537.36 (KHTML, like Gecko) Chrome/32.0.1700.107 Safari/537.36"
190.117.246.30 - - [28/Feb/2014:19:52:45 +0000] "GET /themes/cp_themes/default/images/alert.png HTTP/1.1" 304 186 "http://packvehicular.com/casa.php?S=62096981cfe8daf9c43d1b09ca0a5e26&D=cp&C=homepage" "Mozilla/5.0 (Macintosh; Intel Mac OS X 10_9_1) AppleWebKit/537.36 (KHTML, like Gecko) Chrome/32.0.1700.107 Safari/537.36"
190.117.246.30 - - [28/Feb/2014:19:52:45 +0000] "GET /themes/cp_themes/default/images/error.png HTTP/1.1" 304 186 "http://packvehicular.com/casa.php?S=62096981cfe8daf9c43d1b09ca0a5e26&D=cp&C=homepage" "Mozilla/5.0 (Macintosh; Intel Mac OS X 10_9_1) AppleWebKit/537.36 (KHTML, like Gecko) Chrome/32.0.1700.107 Safari/537.36"
190.117.246.30 - - [28/Feb/2014:19:52:46 +0000] "GET /themes/cp_themes/default/images/info.png HTTP/1.1" 304 186 "http://packvehicular.com/casa.php?S=62096981cfe8daf9c43d1b09ca0a5e26&D=cp&C=homepage" "Mozilla/5.0 (Macintosh; Intel Mac OS X 10_9_1) AppleWebKit/537.36 (KHTML, like Gecko) Chrome/32.0.1700.107 Safari/537.36"
190.117.246.30 - - [28/Feb/2014:19:52:46 +0000] "GET /themes/cp_themes/default/images/success.png HTTP/1.1" 304 186 "http://packvehicular.com/casa.php?S=62096981cfe8daf9c43d1b09ca0a5e26&D=cp&C=homepage" "Mozilla/5.0 (Macintosh; Intel Mac OS X 10_9_1) AppleWebKit/537.36 (KHTML, like Gecko) Chrome/32.0.1700.107 Safari/537.36"
127.0.0.1 - - [28/Feb/2014:19:52:53 +0000] "OPTIONS * HTTP/1.0" 200 126 "-" "Apache/2.2.22 (Ubuntu) (internal dummy connection)"
190.117.246.30 - - [28/Feb/2014:19:53:07 +0000] "GET /casa.php?S=62096981cfe8daf9c43d1b09ca0a5e26&D=cp&C=addons_modules&M=show_module_cp&module=pdf_press&method=preview HTTP/1.1" 200 7623 "http://packvehicular.com/casa.php?S=62096981cfe8daf9c43d1b09ca0a5e26&D=cp&C=addons_modules&M=show_module_cp&module=pdf_press" "Mozilla/5.0 (Macintosh; Intel Mac OS X 10_9_1) AppleWebKit/537.36 (KHTML, like Gecko) Chrome/32.0.1700.107 Safari/537.36"
190.117.246.30 - - [28/Feb/2014:19:53:09 +0000] "GET /themes/third_party/nsm_morphine_theme/styles/screen.css HTTP/1.1" 404 7115 "http://packvehicular.com/casa.php?S=62096981cfe8daf9c43d1b09ca0a5e26&D=cp&C=addons_modules&M=show_module_cp&module=pdf_press&method=preview" "Mozilla/5.0 (Macintosh; Intel Mac OS X 10_9_1) AppleWebKit/537.36 (KHTML, like Gecko) Chrome/32.0.1700.107 Safari/537.36"
190.117.246.30 - - [28/Feb/2014:19:53:09 +0000] "GET /themes/third_party/nsm_morphine_theme/scripts/compressed.js HTTP/1.1" 404 7116 "http://packvehicular.com/casa.php?S=62096981cfe8daf9c43d1b09ca0a5e26&D=cp&C=addons_modules&M=show_module_cp&module=pdf_press&method=preview" "Mozilla/5.0 (Macintosh; Intel Mac OS X 10_9_1) AppleWebKit/537.36 (KHTML, like Gecko) Chrome/32.0.1700.107 Safari/537.36"
190.117.246.30 - - [28/Feb/2014:19:53:18 +0000] "GET /casa.php?S=62096981cfe8daf9c43d1b09ca0a5e26&D=cp&C=addons_modules&M=show_module_cp&module=pdf_press&method=preview HTTP/1.1" 200 7622 "http://packvehicular.com/casa.php?S=62096981cfe8daf9c43d1b09ca0a5e26&D=cp&C=addons_modules&M=show_module_cp&module=pdf_press&method=preview" "Mozilla/5.0 (Macintosh; Intel Mac OS X 10_9_1) AppleWebKit/537.36 (KHTML, like Gecko) Chrome/32.0.1700.107 Safari/537.36"
190.117.246.30 - - [28/Feb/2014:19:53:21 +0000] "GET /themes/third_party/nsm_morphine_theme/styles/screen.css HTTP/1.1" 404 7115 "http://packvehicular.com/casa.php?S=62096981cfe8daf9c43d1b09ca0a5e26&D=cp&C=addons_modules&M=show_module_cp&module=pdf_press&method=preview" "Mozilla/5.0 (Macintosh; Intel Mac OS X 10_9_1) AppleWebKit/537.36 (KHTML, like Gecko) Chrome/32.0.1700.107 Safari/537.36"
190.117.246.30 - - [28/Feb/2014:19:53:21 +0000] "GET /themes/third_party/nsm_morphine_theme/scripts/compressed.js HTTP/1.1" 404 7116 "http://packvehicular.com/casa.php?S=62096981cfe8daf9c43d1b09ca0a5e26&D=cp&C=addons_modules&M=show_module_cp&module=pdf_press&method=preview" "Mozilla/5.0 (Macintosh; Intel Mac OS X 10_9_1) AppleWebKit/537.36 (KHTML, like Gecko) Chrome/32.0.1700.107 Safari/537.36"
190.117.246.30 - - [28/Feb/2014:20:13:04 +0000] "GET / HTTP/1.1" 401 659 "-" "Mozilla/5.0 (Macintosh; Intel Mac OS X 10_9_1) AppleWebKit/537.36 (KHTML, like Gecko) Chrome/32.0.1700.107 Safari/537.36"
190.117.246.30 - - [28/Feb/2014:20:13:14 +0000] "GET / HTTP/1.1" 401 659 "-" "Mozilla/5.0 (Macintosh; Intel Mac OS X 10_9_1) AppleWebKit/537.36 (KHTML, like Gecko) Chrome/32.0.1700.107 Safari/537.36"
190.81.33.161 - - [28/Feb/2014:20:13:29 +0000] "GET / HTTP/1.1" 401 659 "-" "Mozilla/5.0 (Windows NT 6.1) AppleWebKit/537.36 (KHTML, like Gecko) Chrome/33.0.1750.117 Safari/537.36"
190.81.33.161 - - [28/Feb/2014:20:13:45 +0000] "GET /favicon.ico HTTP/1.1" 401 659 "-" "Mozilla/5.0 (Windows NT 6.1) AppleWebKit/537.36 (KHTML, like Gecko) Chrome/33.0.1750.117 Safari/537.36"
190.81.33.161 - - [28/Feb/2014:20:19:23 +0000] "GET / HTTP/1.1" 200 8183 "-" "Mozilla/5.0 (Windows NT 6.1) AppleWebKit/537.36 (KHTML, like Gecko) Chrome/33.0.1750.117 Safari/537.36"
190.81.33.161 - - [28/Feb/2014:20:19:23 +0000] "GET /css/foundation.css HTTP/1.1" 200 19068 "http://packvehicular.com/" "Mozilla/5.0 (Windows NT 6.1) AppleWebKit/537.36 (KHTML, like Gecko) Chrome/33.0.1750.117 Safari/537.36"
190.81.33.161 - - [28/Feb/2014:20:19:24 +0000] "GET /css/custom.css HTTP/1.1" 200 4577 "http://packvehicular.com/" "Mozilla/5.0 (Windows NT 6.1) AppleWebKit/537.36 (KHTML, like Gecko) Chrome/33.0.1750.117 Safari/537.36"
190.81.33.161 - - [28/Feb/2014:20:19:24 +0000] "GET /js/modernizr.js HTTP/1.1" 200 4445 "http://packvehicular.com/" "Mozilla/5.0 (Windows NT 6.1) AppleWebKit/537.36 (KHTML, like Gecko) Chrome/33.0.1750.117 Safari/537.36"
190.81.33.161 - - [28/Feb/2014:20:19:25 +0000] "GET /js/foundation.min.js HTTP/1.1" 200 19903 "http://packvehicular.com/" "Mozilla/5.0 (Windows NT 6.1) AppleWebKit/537.36 (KHTML, like Gecko) Chrome/33.0.1750.117 Safari/537.36"
190.81.33.161 - - [28/Feb/2014:20:19:26 +0000] "GET /js/waypoints.min.js HTTP/1.1" 200 2969 "http://packvehicular.com/" "Mozilla/5.0 (Windows NT 6.1) AppleWebKit/537.36 (KHTML, like Gecko) Chrome/33.0.1750.117 Safari/537.36"
190.81.33.161 - - [28/Feb/2014:20:19:25 +0000] "GET /js/jquery.js HTTP/1.1" 200 73452 "http://packvehicular.com/" "Mozilla/5.0 (Windows NT 6.1) AppleWebKit/537.36 (KHTML, like Gecko) Chrome/33.0.1750.117 Safari/537.36"
190.81.33.161 - - [28/Feb/2014:20:19:26 +0000] "GET /js/positiva.js HTTP/1.1" 200 2988 "http://packvehicular.com/" "Mozilla/5.0 (Windows NT 6.1) AppleWebKit/537.36 (KHTML, like Gecko) Chrome/33.0.1750.117 Safari/537.36"
190.81.33.161 - - [28/Feb/2014:20:19:26 +0000] "GET /js/spin.min.js HTTP/1.1" 200 2540 "http://packvehicular.com/" "Mozilla/5.0 (Windows NT 6.1) AppleWebKit/537.36 (KHTML, like Gecko) Chrome/33.0.1750.117 Safari/537.36"
190.81.33.161 - - [28/Feb/2014:20:19:26 +0000] "GET /img/car.png HTTP/1.1" 200 94399 "http://packvehicular.com/" "Mozilla/5.0 (Windows NT 6.1) AppleWebKit/537.36 (KHTML, like Gecko) Chrome/33.0.1750.117 Safari/537.36"
190.81.33.161 - - [28/Feb/2014:20:19:28 +0000] "GET /img/logo.png HTTP/1.1" 200 61604 "http://packvehicular.com/" "Mozilla/5.0 (Windows NT 6.1) AppleWebKit/537.36 (KHTML, like Gecko) Chrome/33.0.1750.117 Safari/537.36"
190.81.33.161 - - [28/Feb/2014:20:19:28 +0000] "GET /fonts/vimsm-webfont.woff HTTP/1.1" 200 17448 "http://packvehicular.com/" "Mozilla/5.0 (Windows NT 6.1) AppleWebKit/537.36 (KHTML, like Gecko) Chrome/33.0.1750.117 Safari/537.36"
190.81.33.161 - - [28/Feb/2014:20:19:28 +0000] "GET /img/down_arrow.svg HTTP/1.1" 200 1003 "http://packvehicular.com/" "Mozilla/5.0 (Windows NT 6.1) AppleWebKit/537.36 (KHTML, like Gecko) Chrome/33.0.1750.117 Safari/537.36"
190.81.33.161 - - [28/Feb/2014:20:19:28 +0000] "GET /fonts/fb-tw.woff HTTP/1.1" 200 1558 "http://packvehicular.com/" "Mozilla/5.0 (Windows NT 6.1) AppleWebKit/537.36 (KHTML, like Gecko) Chrome/33.0.1750.117 Safari/537.36"
190.81.33.161 - - [28/Feb/2014:20:19:28 +0000] "GET /img/down_arrow_gray.svg HTTP/1.1" 200 1172 "http://packvehicular.com/" "Mozilla/5.0 (Windows NT 6.1) AppleWebKit/537.36 (KHTML, like Gecko) Chrome/33.0.1750.117 Safari/537.36"
190.81.33.161 - - [28/Feb/2014:20:19:28 +0000] "GET /img/banner.png HTTP/1.1" 200 65568 "http://packvehicular.com/" "Mozilla/5.0 (Windows NT 6.1) AppleWebKit/537.36 (KHTML, like Gecko) Chrome/33.0.1750.117 Safari/537.36"
190.81.33.161 - - [28/Feb/2014:20:19:36 +0000] "GET /favicon.ico HTTP/1.1" 404 7089 "-" "Mozilla/5.0 (Windows NT 6.1) AppleWebKit/537.36 (KHTML, like Gecko) Chrome/33.0.1750.117 Safari/537.36"
127.0.0.1 - - [28/Feb/2014:20:19:46 +0000] "OPTIONS * HTTP/1.0" 200 126 "-" "Apache/2.2.22 (Ubuntu) (internal dummy connection)"
190.117.246.37 - - [28/Feb/2014:20:23:58 +0000] "GET /casa.php HTTP/1.1" 302 425 "-" "Mozilla/5.0 (Windows NT 6.2; WOW64) AppleWebKit/537.36 (KHTML, like Gecko) Chrome/33.0.1750.117 Safari/537.36"
190.117.246.37 - - [28/Feb/2014:20:23:59 +0000] "GET /casa.php?S=0&D=cp&C=homepage HTTP/1.1" 302 421 "-" "Mozilla/5.0 (Windows NT 6.2; WOW64) AppleWebKit/537.36 (KHTML, like Gecko) Chrome/33.0.1750.117 Safari/537.36"
190.117.246.37 - - [28/Feb/2014:20:23:59 +0000] "GET /casa.php?S=0&D=cp&C=login HTTP/1.1" 200 1244 "-" "Mozilla/5.0 (Windows NT 6.2; WOW64) AppleWebKit/537.36 (KHTML, like Gecko) Chrome/33.0.1750.117 Safari/537.36"
190.117.246.37 - - [28/Feb/2014:20:24:04 +0000] "GET / HTTP/1.1" 200 8280 "-" "Mozilla/5.0 (Windows NT 6.2; WOW64) AppleWebKit/537.36 (KHTML, like Gecko) Chrome/33.0.1750.117 Safari/537.36"
190.117.246.37 - - [28/Feb/2014:20:24:07 +0000] "GET /casa.php HTTP/1.1" 302 424 "-" "Mozilla/5.0 (Windows NT 6.2; WOW64) AppleWebKit/537.36 (KHTML, like Gecko) Chrome/33.0.1750.117 Safari/537.36"
190.117.246.37 - - [28/Feb/2014:20:24:07 +0000] "GET /casa.php?S=0&D=cp&C=homepage HTTP/1.1" 302 421 "-" "Mozilla/5.0 (Windows NT 6.2; WOW64) AppleWebKit/537.36 (KHTML, like Gecko) Chrome/33.0.1750.117 Safari/537.36"
190.117.246.37 - - [28/Feb/2014:20:24:08 +0000] "GET /casa.php?S=0&D=cp&C=login HTTP/1.1" 200 1244 "-" "Mozilla/5.0 (Windows NT 6.2; WOW64) AppleWebKit/537.36 (KHTML, like Gecko) Chrome/33.0.1750.117 Safari/537.36"
127.0.0.1 - - [28/Feb/2014:20:24:14 +0000] "OPTIONS * HTTP/1.0" 200 126 "-" "Apache/2.2.22 (Ubuntu) (internal dummy connection)"
190.117.246.30 - - [28/Feb/2014:20:24:58 +0000] "GET / HTTP/1.1" 200 8225 "-" "Mozilla/5.0 (Macintosh; Intel Mac OS X 10_9_1) AppleWebKit/537.36 (KHTML, like Gecko) Chrome/32.0.1700.107 Safari/537.36"
190.117.246.30 - - [28/Feb/2014:20:25:00 +0000] "GET /css/foundation.css HTTP/1.1" 200 19052 "http://packvehicular.com/" "Mozilla/5.0 (Macintosh; Intel Mac OS X 10_9_1) AppleWebKit/537.36 (KHTML, like Gecko) Chrome/32.0.1700.107 Safari/537.36"
190.117.246.30 - - [28/Feb/2014:20:25:00 +0000] "GET /img/car.png HTTP/1.1" 200 94383 "http://packvehicular.com/" "Mozilla/5.0 (Macintosh; Intel Mac OS X 10_9_1) AppleWebKit/537.36 (KHTML, like Gecko) Chrome/32.0.1700.107 Safari/537.36"
190.117.246.30 - - [28/Feb/2014:20:25:01 +0000] "GET /css/custom.css HTTP/1.1" 200 4561 "http://packvehicular.com/" "Mozilla/5.0 (Macintosh; Intel Mac OS X 10_9_1) AppleWebKit/537.36 (KHTML, like Gecko) Chrome/32.0.1700.107 Safari/537.36"
190.117.246.30 - - [28/Feb/2014:20:25:01 +0000] "GET /js/modernizr.js HTTP/1.1" 304 195 "http://packvehicular.com/" "Mozilla/5.0 (Macintosh; Intel Mac OS X 10_9_1) AppleWebKit/537.36 (KHTML, like Gecko) Chrome/32.0.1700.107 Safari/537.36"
190.117.246.30 - - [28/Feb/2014:20:25:01 +0000] "GET /js/positiva.js HTTP/1.1" 304 195 "http://packvehicular.com/" "Mozilla/5.0 (Macintosh; Intel Mac OS X 10_9_1) AppleWebKit/537.36 (KHTML, like Gecko) Chrome/32.0.1700.107 Safari/537.36"
190.117.246.30 - - [28/Feb/2014:20:25:01 +0000] "GET /js/jquery.js HTTP/1.1" 304 196 "http://packvehicular.com/" "Mozilla/5.0 (Macintosh; Intel Mac OS X 10_9_1) AppleWebKit/537.36 (KHTML, like Gecko) Chrome/32.0.1700.107 Safari/537.36"
190.117.246.30 - - [28/Feb/2014:20:25:02 +0000] "GET /js/foundation.min.js HTTP/1.1" 304 195 "http://packvehicular.com/" "Mozilla/5.0 (Macintosh; Intel Mac OS X 10_9_1) AppleWebKit/537.36 (KHTML, like Gecko) Chrome/32.0.1700.107 Safari/537.36"
190.117.246.30 - - [28/Feb/2014:20:25:03 +0000] "GET /js/waypoints.min.js HTTP/1.1" 304 194 "http://packvehicular.com/" "Mozilla/5.0 (Macintosh; Intel Mac OS X 10_9_1) AppleWebKit/537.36 (KHTML, like Gecko) Chrome/32.0.1700.107 Safari/537.36"
190.117.246.30 - - [28/Feb/2014:20:25:03 +0000] "GET /js/spin.min.js HTTP/1.1" 304 194 "http://packvehicular.com/" "Mozilla/5.0 (Macintosh; Intel Mac OS X 10_9_1) AppleWebKit/537.36 (KHTML, like Gecko) Chrome/32.0.1700.107 Safari/537.36"
190.117.246.30 - - [28/Feb/2014:20:25:03 +0000] "GET /img/logo.png HTTP/1.1" 200 61588 "http://packvehicular.com/" "Mozilla/5.0 (Macintosh; Intel Mac OS X 10_9_1) AppleWebKit/537.36 (KHTML, like Gecko) Chrome/32.0.1700.107 Safari/537.36"
190.117.246.30 - - [28/Feb/2014:20:25:04 +0000] "GET /img/banner.png HTTP/1.1" 200 65552 "http://packvehicular.com/" "Mozilla/5.0 (Macintosh; Intel Mac OS X 10_9_1) AppleWebKit/537.36 (KHTML, like Gecko) Chrome/32.0.1700.107 Safari/537.36"
190.117.246.30 - - [28/Feb/2014:20:25:04 +0000] "GET /img/down_arrow.svg HTTP/1.1" 200 987 "http://packvehicular.com/" "Mozilla/5.0 (Macintosh; Intel Mac OS X 10_9_1) AppleWebKit/537.36 (KHTML, like Gecko) Chrome/32.0.1700.107 Safari/537.36"
190.117.246.30 - - [28/Feb/2014:20:25:04 +0000] "GET /fonts/vimsm-webfont.woff HTTP/1.1" 200 17432 "http://packvehicular.com/" "Mozilla/5.0 (Macintosh; Intel Mac OS X 10_9_1) AppleWebKit/537.36 (KHTML, like Gecko) Chrome/32.0.1700.107 Safari/537.36"
190.117.246.30 - - [28/Feb/2014:20:25:05 +0000] "GET /fonts/fb-tw.woff HTTP/1.1" 200 1542 "http://packvehicular.com/" "Mozilla/5.0 (Macintosh; Intel Mac OS X 10_9_1) AppleWebKit/537.36 (KHTML, like Gecko) Chrome/32.0.1700.107 Safari/537.36"
190.117.246.30 - - [28/Feb/2014:20:25:05 +0000] "GET /img/down_arrow_gray.svg HTTP/1.1" 200 1156 "http://packvehicular.com/" "Mozilla/5.0 (Macintosh; Intel Mac OS X 10_9_1) AppleWebKit/537.36 (KHTML, like Gecko) Chrome/32.0.1700.107 Safari/537.36"
127.0.0.1 - - [28/Feb/2014:20:25:12 +0000] "OPTIONS * HTTP/1.0" 200 110 "-" "Apache (internal dummy connection)"
190.117.246.30 - - [28/Feb/2014:20:25:28 +0000] "GET / HTTP/1.1" 200 8225 "-" "Mozilla/5.0 (Macintosh; Intel Mac OS X 10_9_1) AppleWebKit/537.36 (KHTML, like Gecko) Chrome/32.0.1700.107 Safari/537.36"
190.117.246.30 - - [28/Feb/2014:20:25:30 +0000] "GET /css/foundation.css HTTP/1.1" 304 195 "http://packvehicular.com/" "Mozilla/5.0 (Macintosh; Intel Mac OS X 10_9_1) AppleWebKit/537.36 (KHTML, like Gecko) Chrome/32.0.1700.107 Safari/537.36"
190.117.246.30 - - [28/Feb/2014:20:25:30 +0000] "GET /css/custom.css HTTP/1.1" 304 195 "http://packvehicular.com/" "Mozilla/5.0 (Macintosh; Intel Mac OS X 10_9_1) AppleWebKit/537.36 (KHTML, like Gecko) Chrome/32.0.1700.107 Safari/537.36"
190.117.246.30 - - [28/Feb/2014:20:25:30 +0000] "GET /js/modernizr.js HTTP/1.1" 304 195 "http://packvehicular.com/" "Mozilla/5.0 (Macintosh; Intel Mac OS X 10_9_1) AppleWebKit/537.36 (KHTML, like Gecko) Chrome/32.0.1700.107 Safari/537.36"
190.117.246.30 - - [28/Feb/2014:20:25:30 +0000] "GET /js/jquery.js HTTP/1.1" 304 196 "http://packvehicular.com/" "Mozilla/5.0 (Macintosh; Intel Mac OS X 10_9_1) AppleWebKit/537.36 (KHTML, like Gecko) Chrome/32.0.1700.107 Safari/537.36"
190.117.246.30 - - [28/Feb/2014:20:25:30 +0000] "GET /js/foundation.min.js HTTP/1.1" 304 196 "http://packvehicular.com/" "Mozilla/5.0 (Macintosh; Intel Mac OS X 10_9_1) AppleWebKit/537.36 (KHTML, like Gecko) Chrome/32.0.1700.107 Safari/537.36"
190.117.246.30 - - [28/Feb/2014:20:25:30 +0000] "GET /js/waypoints.min.js HTTP/1.1" 304 195 "http://packvehicular.com/" "Mozilla/5.0 (Macintosh; Intel Mac OS X 10_9_1) AppleWebKit/537.36 (KHTML, like Gecko) Chrome/32.0.1700.107 Safari/537.36"
190.117.246.30 - - [28/Feb/2014:20:25:31 +0000] "GET /js/positiva.js HTTP/1.1" 304 194 "http://packvehicular.com/" "Mozilla/5.0 (Macintosh; Intel Mac OS X 10_9_1) AppleWebKit/537.36 (KHTML, like Gecko) Chrome/32.0.1700.107 Safari/537.36"
190.117.246.30 - - [28/Feb/2014:20:25:31 +0000] "GET /js/spin.min.js HTTP/1.1" 304 194 "http://packvehicular.com/" "Mozilla/5.0 (Macintosh; Intel Mac OS X 10_9_1) AppleWebKit/537.36 (KHTML, like Gecko) Chrome/32.0.1700.107 Safari/537.36"
190.117.246.30 - - [28/Feb/2014:20:25:32 +0000] "GET /img/car.png HTTP/1.1" 304 172 "http://packvehicular.com/" "Mozilla/5.0 (Macintosh; Intel Mac OS X 10_9_1) AppleWebKit/537.36 (KHTML, like Gecko) Chrome/32.0.1700.107 Safari/537.36"
190.117.246.30 - - [28/Feb/2014:20:25:33 +0000] "GET /img/logo.png HTTP/1.1" 304 171 "http://packvehicular.com/" "Mozilla/5.0 (Macintosh; Intel Mac OS X 10_9_1) AppleWebKit/537.36 (KHTML, like Gecko) Chrome/32.0.1700.107 Safari/537.36"
190.117.246.30 - - [28/Feb/2014:20:25:33 +0000] "GET /img/banner.png HTTP/1.1" 304 171 "http://packvehicular.com/" "Mozilla/5.0 (Macintosh; Intel Mac OS X 10_9_1) AppleWebKit/537.36 (KHTML, like Gecko) Chrome/32.0.1700.107 Safari/537.36"
127.0.0.1 - - [28/Feb/2014:20:25:40 +0000] "OPTIONS * HTTP/1.0" 200 110 "-" "Apache (internal dummy connection)"
190.117.246.37 - - [28/Feb/2014:20:26:32 +0000] "GET /casa.php?S=0&D=cp&C=login HTTP/1.1" 401 631 "-" "Mozilla/5.0 (Windows NT 6.2; WOW64) AppleWebKit/537.36 (KHTML, like Gecko) Chrome/33.0.1750.117 Safari/537.36"
190.117.246.37 - - [28/Feb/2014:20:26:39 +0000] "GET /casa.php HTTP/1.1" 401 631 "-" "Mozilla/5.0 (Windows NT 6.2; WOW64) AppleWebKit/537.36 (KHTML, like Gecko) Chrome/33.0.1750.117 Safari/537.36"
127.0.0.1 - - [28/Feb/2014:20:26:47 +0000] "OPTIONS * HTTP/1.0" 200 110 "-" "Apache (internal dummy connection)"
190.117.246.37 - admin [28/Feb/2014:20:26:49 +0000] "GET /casa.php HTTP/1.1" 401 631 "-" "Mozilla/5.0 (Windows NT 6.2; WOW64) AppleWebKit/537.36 (KHTML, like Gecko) Chrome/33.0.1750.117 Safari/537.36"
190.117.246.37 - - [28/Feb/2014:20:27:06 +0000] "GET /casa.php HTTP/1.1" 401 631 "-" "Mozilla/5.0 (Windows NT 6.2; WOW64) AppleWebKit/537.36 (KHTML, like Gecko) Chrome/33.0.1750.117 Safari/537.36"
190.117.246.37 - admin [28/Feb/2014:20:27:29 +0000] "GET /casa.php HTTP/1.1" 401 631 "-" "Mozilla/5.0 (Windows NT 6.2; WOW64) AppleWebKit/537.36 (KHTML, like Gecko) Chrome/33.0.1750.117 Safari/537.36"
190.117.246.37 - lapositiva [28/Feb/2014:20:27:41 +0000] "GET /casa.php HTTP/1.1" 401 631 "-" "Mozilla/5.0 (Windows NT 6.2; WOW64) AppleWebKit/537.36 (KHTML, like Gecko) Chrome/33.0.1750.117 Safari/537.36"
190.117.246.30 - - [28/Feb/2014:20:29:18 +0000] "GET /casa.php?S=62096981cfe8daf9c43d1b09ca0a5e26&D=cp HTTP/1.1" 401 631 "http://packvehicular.com/casa.php?S=62096981cfe8daf9c43d1b09ca0a5e26&D=cp&C=addons_modules&M=show_module_cp&module=pdf_press&method=preview" "Mozilla/5.0 (Macintosh; Intel Mac OS X 10_9_1) AppleWebKit/537.36 (KHTML, like Gecko) Chrome/32.0.1700.107 Safari/537.36"
127.0.0.1 - - [28/Feb/2014:20:29:50 +0000] "OPTIONS * HTTP/1.0" 200 110 "-" "Apache (internal dummy connection)"
190.117.246.37 - - [28/Feb/2014:20:30:17 +0000] "GET /casa.php?S=a870adeaf48be5aaf3c69aadc01cfe4e&D=cp&C=login&M=logout HTTP/1.1" 401 632 "http://54.200.189.71/casa.php?S=a870adeaf48be5aaf3c69aadc01cfe4e&D=cp&C=addons_modules&M=show_module_cp&module=pdf_press" "Mozilla/5.0 (Windows NT 6.2; WOW64) AppleWebKit/537.36 (KHTML, like Gecko) Chrome/33.0.1750.117 Safari/537.36"
