200.48.4.26 - - [27/Feb/2014:21:50:42 +0000] "POST /?/content/menor_de_10k HTTP/1.1" 200 10389 "http://www.packvehicular.com/" "Mozilla/5.0 (iPhone; CPU iPhone OS 7_0_6 like Mac OS X) AppleWebKit/537.51.1 (KHTML, like Gecko) Version/7.0 Mobile/11B651 Safari/9537.53"
200.48.4.26 - - [27/Feb/2014:21:50:43 +0000] "GET /img/down.png HTTP/1.1" 200 49125 "http://www.packvehicular.com/?/content/menor_de_10k" "Mozilla/5.0 (iPhone; CPU iPhone OS 7_0_6 like Mac OS X) AppleWebKit/537.51.1 (KHTML, like Gecko) Version/7.0 Mobile/11B651 Safari/9537.53"
200.48.4.26 - - [27/Feb/2014:21:50:43 +0000] "GET /img/logo_blanco.png HTTP/1.1" 200 58166 "http://www.packvehicular.com/?/content/menor_de_10k" "Mozilla/5.0 (iPhone; CPU iPhone OS 7_0_6 like Mac OS X) AppleWebKit/537.51.1 (KHTML, like Gecko) Version/7.0 Mobile/11B651 Safari/9537.53"
200.48.4.26 - - [27/Feb/2014:21:50:50 +0000] "GET /?/content/pop-ups HTTP/1.1" 200 8214 "http://www.packvehicular.com/?/content/menor_de_10k" "Mozilla/5.0 (iPhone; CPU iPhone OS 7_0_6 like Mac OS X) AppleWebKit/537.51.1 (KHTML, like Gecko) Version/7.0 Mobile/11B651 Safari/9537.53"
200.48.4.26 - - [27/Feb/2014:21:51:55 +0000] "POST /?/content/distrito/ HTTP/1.1" 200 842 "http://www.packvehicular.com/?/content/menor_de_10k" "Mozilla/5.0 (iPhone; CPU iPhone OS 7_0_6 like Mac OS X) AppleWebKit/537.51.1 (KHTML, like Gecko) Version/7.0 Mobile/11B651 Safari/9537.53"
200.48.4.26 - - [27/Feb/2014:21:51:58 +0000] "POST /?/content/agencia/ HTTP/1.1" 200 894 "http://www.packvehicular.com/?/content/menor_de_10k" "Mozilla/5.0 (iPhone; CPU iPhone OS 7_0_6 like Mac OS X) AppleWebKit/537.51.1 (KHTML, like Gecko) Version/7.0 Mobile/11B651 Safari/9537.53"
190.233.111.230 - - [27/Feb/2014:22:09:19 +0000] "GET / HTTP/1.1" 200 8370 "-" "Mozilla/5.0 (Macintosh; Intel Mac OS X 10_9_1) AppleWebKit/537.36 (KHTML, like Gecko) Chrome/34.0.1847.11 Safari/537.36"
190.233.111.230 - - [27/Feb/2014:22:09:21 +0000] "GET /img/logo.png HTTP/1.1" 304 188 "http://54.200.189.71/" "Mozilla/5.0 (Macintosh; Intel Mac OS X 10_9_1) AppleWebKit/537.36 (KHTML, like Gecko) Chrome/34.0.1847.11 Safari/537.36"
190.233.111.230 - - [27/Feb/2014:22:09:21 +0000] "GET /js/jquery.js HTTP/1.1" 304 211 "http://54.200.189.71/" "Mozilla/5.0 (Macintosh; Intel Mac OS X 10_9_1) AppleWebKit/537.36 (KHTML, like Gecko) Chrome/34.0.1847.11 Safari/537.36"
190.233.111.230 - - [27/Feb/2014:22:09:22 +0000] "GET /js/foundation.min.js HTTP/1.1" 304 211 "http://54.200.189.71/" "Mozilla/5.0 (Macintosh; Intel Mac OS X 10_9_1) AppleWebKit/537.36 (KHTML, like Gecko) Chrome/34.0.1847.11 Safari/537.36"
190.233.111.230 - - [27/Feb/2014:22:09:22 +0000] "GET /js/waypoints.min.js HTTP/1.1" 304 210 "http://54.200.189.71/" "Mozilla/5.0 (Macintosh; Intel Mac OS X 10_9_1) AppleWebKit/537.36 (KHTML, like Gecko) Chrome/34.0.1847.11 Safari/537.36"
190.233.111.230 - - [27/Feb/2014:22:09:23 +0000] "GET /img/banner.png HTTP/1.1" 304 188 "http://54.200.189.71/" "Mozilla/5.0 (Macintosh; Intel Mac OS X 10_9_1) AppleWebKit/537.36 (KHTML, like Gecko) Chrome/34.0.1847.11 Safari/537.36"
190.233.111.230 - - [27/Feb/2014:22:09:23 +0000] "GET /css/foundation.css HTTP/1.1" 304 211 "http://54.200.189.71/" "Mozilla/5.0 (Macintosh; Intel Mac OS X 10_9_1) AppleWebKit/537.36 (KHTML, like Gecko) Chrome/34.0.1847.11 Safari/537.36"
190.233.111.230 - - [27/Feb/2014:22:09:23 +0000] "GET /img/car.png HTTP/1.1" 304 189 "http://54.200.189.71/" "Mozilla/5.0 (Macintosh; Intel Mac OS X 10_9_1) AppleWebKit/537.36 (KHTML, like Gecko) Chrome/34.0.1847.11 Safari/537.36"
190.233.111.230 - - [27/Feb/2014:22:09:23 +0000] "GET /css/custom.css HTTP/1.1" 304 211 "http://54.200.189.71/" "Mozilla/5.0 (Macintosh; Intel Mac OS X 10_9_1) AppleWebKit/537.36 (KHTML, like Gecko) Chrome/34.0.1847.11 Safari/537.36"
190.233.111.230 - - [27/Feb/2014:22:09:23 +0000] "GET /js/modernizr.js HTTP/1.1" 304 211 "http://54.200.189.71/" "Mozilla/5.0 (Macintosh; Intel Mac OS X 10_9_1) AppleWebKit/537.36 (KHTML, like Gecko) Chrome/34.0.1847.11 Safari/537.36"
190.233.111.230 - - [27/Feb/2014:22:09:23 +0000] "GET /js/positiva.js HTTP/1.1" 304 210 "http://54.200.189.71/" "Mozilla/5.0 (Macintosh; Intel Mac OS X 10_9_1) AppleWebKit/537.36 (KHTML, like Gecko) Chrome/34.0.1847.11 Safari/537.36"
190.233.111.230 - - [27/Feb/2014:22:09:23 +0000] "GET /js/spin.min.js HTTP/1.1" 304 210 "http://54.200.189.71/" "Mozilla/5.0 (Macintosh; Intel Mac OS X 10_9_1) AppleWebKit/537.36 (KHTML, like Gecko) Chrome/34.0.1847.11 Safari/537.36"
190.233.111.230 - - [27/Feb/2014:22:09:23 +0000] "GET /fonts/vimsm-webfont.woff HTTP/1.1" 304 187 "http://54.200.189.71/" "Mozilla/5.0 (Macintosh; Intel Mac OS X 10_9_1) AppleWebKit/537.36 (KHTML, like Gecko) Chrome/34.0.1847.11 Safari/537.36"
190.233.111.230 - - [27/Feb/2014:22:09:23 +0000] "GET /img/down_arrow.svg HTTP/1.1" 304 186 "http://54.200.189.71/" "Mozilla/5.0 (Macintosh; Intel Mac OS X 10_9_1) AppleWebKit/537.36 (KHTML, like Gecko) Chrome/34.0.1847.11 Safari/537.36"
190.233.111.230 - - [27/Feb/2014:22:09:23 +0000] "GET /fonts/fb-tw.woff HTTP/1.1" 304 186 "http://54.200.189.71/" "Mozilla/5.0 (Macintosh; Intel Mac OS X 10_9_1) AppleWebKit/537.36 (KHTML, like Gecko) Chrome/34.0.1847.11 Safari/537.36"
190.233.111.230 - - [27/Feb/2014:22:09:24 +0000] "GET /img/down_arrow_gray.svg HTTP/1.1" 304 186 "http://54.200.189.71/" "Mozilla/5.0 (Macintosh; Intel Mac OS X 10_9_1) AppleWebKit/537.36 (KHTML, like Gecko) Chrome/34.0.1847.11 Safari/537.36"
190.233.111.230 - - [27/Feb/2014:22:09:28 +0000] "GET / HTTP/1.1" 200 8313 "-" "Mozilla/5.0 (Macintosh; Intel Mac OS X 10_9_1) AppleWebKit/537.36 (KHTML, like Gecko) Chrome/34.0.1847.11 Safari/537.36"
127.0.0.1 - - [27/Feb/2014:22:09:35 +0000] "OPTIONS * HTTP/1.0" 200 126 "-" "Apache/2.2.22 (Ubuntu) (internal dummy connection)"
127.0.0.1 - - [27/Feb/2014:22:09:40 +0000] "OPTIONS * HTTP/1.0" 200 126 "-" "Apache/2.2.22 (Ubuntu) (internal dummy connection)"
127.0.0.1 - - [27/Feb/2014:22:09:41 +0000] "OPTIONS * HTTP/1.0" 200 126 "-" "Apache/2.2.22 (Ubuntu) (internal dummy connection)"
127.0.0.1 - - [27/Feb/2014:22:09:42 +0000] "OPTIONS * HTTP/1.0" 200 126 "-" "Apache/2.2.22 (Ubuntu) (internal dummy connection)"
200.48.4.26 - - [27/Feb/2014:23:06:04 +0000] "GET / HTTP/1.1" 200 8183 "-" "Mozilla/5.0 (Windows NT 5.1) AppleWebKit/537.36 (KHTML, like Gecko) Chrome/33.0.1750.117 Safari/537.36"
200.48.4.26 - - [27/Feb/2014:23:06:15 +0000] "GET / HTTP/1.1" 200 8183 "-" "Mozilla/5.0 (Windows NT 5.1) AppleWebKit/537.36 (KHTML, like Gecko) Chrome/33.0.1750.117 Safari/537.36"
200.48.4.26 - - [27/Feb/2014:23:06:29 +0000] "GET /css/foundation.css HTTP/1.1" 200 19068 "http://www.packvehicular.com/" "Mozilla/5.0 (Windows NT 5.1) AppleWebKit/537.36 (KHTML, like Gecko) Chrome/33.0.1750.117 Safari/537.36"
200.48.4.26 - - [27/Feb/2014:23:06:29 +0000] "GET /css/custom.css HTTP/1.1" 200 4577 "http://www.packvehicular.com/" "Mozilla/5.0 (Windows NT 5.1) AppleWebKit/537.36 (KHTML, like Gecko) Chrome/33.0.1750.117 Safari/537.36"
200.48.4.26 - - [27/Feb/2014:23:06:29 +0000] "GET /js/modernizr.js HTTP/1.1" 200 4446 "http://www.packvehicular.com/" "Mozilla/5.0 (Windows NT 5.1) AppleWebKit/537.36 (KHTML, like Gecko) Chrome/33.0.1750.117 Safari/537.36"
200.48.4.26 - - [27/Feb/2014:23:06:29 +0000] "GET /js/foundation.min.js HTTP/1.1" 200 19903 "http://www.packvehicular.com/" "Mozilla/5.0 (Windows NT 5.1) AppleWebKit/537.36 (KHTML, like Gecko) Chrome/33.0.1750.117 Safari/537.36"
200.48.4.26 - - [27/Feb/2014:23:06:29 +0000] "GET /js/waypoints.min.js HTTP/1.1" 200 2970 "http://www.packvehicular.com/" "Mozilla/5.0 (Windows NT 5.1) AppleWebKit/537.36 (KHTML, like Gecko) Chrome/33.0.1750.117 Safari/537.36"
200.48.4.26 - - [27/Feb/2014:23:06:29 +0000] "GET /js/jquery.js HTTP/1.1" 200 73452 "http://www.packvehicular.com/" "Mozilla/5.0 (Windows NT 5.1) AppleWebKit/537.36 (KHTML, like Gecko) Chrome/33.0.1750.117 Safari/537.36"
127.0.0.1 - - [27/Feb/2014:23:06:37 +0000] "OPTIONS * HTTP/1.0" 200 126 "-" "Apache/2.2.22 (Ubuntu) (internal dummy connection)"
200.48.4.26 - - [27/Feb/2014:23:06:42 +0000] "GET /js/positiva.js HTTP/1.1" 200 2989 "http://www.packvehicular.com/" "Mozilla/5.0 (Windows NT 5.1) AppleWebKit/537.36 (KHTML, like Gecko) Chrome/33.0.1750.117 Safari/537.36"
200.48.4.26 - - [27/Feb/2014:23:06:42 +0000] "GET /js/spin.min.js HTTP/1.1" 200 2541 "http://www.packvehicular.com/" "Mozilla/5.0 (Windows NT 5.1) AppleWebKit/537.36 (KHTML, like Gecko) Chrome/33.0.1750.117 Safari/537.36"
200.48.4.26 - - [27/Feb/2014:23:06:42 +0000] "GET /img/car.png HTTP/1.1" 200 94400 "http://www.packvehicular.com/" "Mozilla/5.0 (Windows NT 5.1) AppleWebKit/537.36 (KHTML, like Gecko) Chrome/33.0.1750.117 Safari/537.36"
200.48.4.26 - - [27/Feb/2014:23:06:42 +0000] "GET /img/logo.png HTTP/1.1" 200 61605 "http://www.packvehicular.com/" "Mozilla/5.0 (Windows NT 5.1) AppleWebKit/537.36 (KHTML, like Gecko) Chrome/33.0.1750.117 Safari/537.36"
200.48.4.26 - - [27/Feb/2014:23:06:42 +0000] "GET /img/banner.png HTTP/1.1" 200 65569 "http://www.packvehicular.com/" "Mozilla/5.0 (Windows NT 5.1) AppleWebKit/537.36 (KHTML, like Gecko) Chrome/33.0.1750.117 Safari/537.36"
200.48.4.26 - - [27/Feb/2014:23:06:43 +0000] "GET /fonts/vimsm-webfont.woff HTTP/1.1" 200 17449 "http://www.packvehicular.com/" "Mozilla/5.0 (Windows NT 5.1) AppleWebKit/537.36 (KHTML, like Gecko) Chrome/33.0.1750.117 Safari/537.36"
127.0.0.1 - - [27/Feb/2014:23:06:50 +0000] "OPTIONS * HTTP/1.0" 200 126 "-" "Apache/2.2.22 (Ubuntu) (internal dummy connection)"
200.48.4.26 - - [27/Feb/2014:23:06:54 +0000] "GET /img/down_arrow.svg HTTP/1.1" 200 1004 "http://www.packvehicular.com/" "Mozilla/5.0 (Windows NT 5.1) AppleWebKit/537.36 (KHTML, like Gecko) Chrome/33.0.1750.117 Safari/537.36"
200.48.4.26 - - [27/Feb/2014:23:06:54 +0000] "GET /fonts/fb-tw.woff HTTP/1.1" 200 1559 "http://www.packvehicular.com/" "Mozilla/5.0 (Windows NT 5.1) AppleWebKit/537.36 (KHTML, like Gecko) Chrome/33.0.1750.117 Safari/537.36"
200.48.4.26 - - [27/Feb/2014:23:06:55 +0000] "GET /img/down_arrow_gray.svg HTTP/1.1" 200 1173 "http://www.packvehicular.com/" "Mozilla/5.0 (Windows NT 5.1) AppleWebKit/537.36 (KHTML, like Gecko) Chrome/33.0.1750.117 Safari/537.36"
200.48.4.26 - - [27/Feb/2014:23:07:07 +0000] "GET /favicon.ico HTTP/1.1" 404 461 "-" "Mozilla/5.0 (Windows NT 5.1) AppleWebKit/537.36 (KHTML, like Gecko) Chrome/33.0.1750.117 Safari/537.36"
200.48.4.26 - - [27/Feb/2014:23:07:42 +0000] "POST /?/content/modelos/ HTTP/1.1" 200 772 "http://www.packvehicular.com/" "Mozilla/5.0 (Windows NT 5.1) AppleWebKit/537.36 (KHTML, like Gecko) Chrome/33.0.1750.117 Safari/537.36"
200.48.4.26 - - [27/Feb/2014:23:13:28 +0000] "POST /?/content/versiones/ HTTP/1.1" 200 875 "http://www.packvehicular.com/" "Mozilla/5.0 (Windows NT 5.1) AppleWebKit/537.36 (KHTML, like Gecko) Chrome/33.0.1750.117 Safari/537.36"
200.48.4.26 - - [27/Feb/2014:23:13:44 +0000] "POST /?/content/ano/ HTTP/1.1" 200 784 "http://www.packvehicular.com/" "Mozilla/5.0 (Windows NT 5.1) AppleWebKit/537.36 (KHTML, like Gecko) Chrome/33.0.1750.117 Safari/537.36"
200.48.4.26 - - [27/Feb/2014:23:15:36 +0000] "POST /?/content/menor_de_10k HTTP/1.1" 200 10387 "http://www.packvehicular.com/" "Mozilla/5.0 (Windows NT 5.1) AppleWebKit/537.36 (KHTML, like Gecko) Chrome/33.0.1750.117 Safari/537.36"
200.48.4.26 - - [27/Feb/2014:23:15:49 +0000] "GET /img/logo_blanco.png HTTP/1.1" 200 58166 "http://www.packvehicular.com/?/content/menor_de_10k" "Mozilla/5.0 (Windows NT 5.1) AppleWebKit/537.36 (KHTML, like Gecko) Chrome/33.0.1750.117 Safari/537.36"
200.48.4.26 - - [27/Feb/2014:23:15:49 +0000] "GET /img/down.png HTTP/1.1" 200 49126 "http://www.packvehicular.com/?/content/menor_de_10k" "Mozilla/5.0 (Windows NT 5.1) AppleWebKit/537.36 (KHTML, like Gecko) Chrome/33.0.1750.117 Safari/537.36"
200.48.4.26 - - [27/Feb/2014:23:15:49 +0000] "GET /img/checkbox.png HTTP/1.1" 200 53956 "http://www.packvehicular.com/?/content/menor_de_10k" "Mozilla/5.0 (Windows NT 5.1) AppleWebKit/537.36 (KHTML, like Gecko) Chrome/33.0.1750.117 Safari/537.36"
67.215.248.8 - - [27/Feb/2014:23:19:12 +0000] "GET /w00tw00t.at.blackhats.romanian.anti-sec:) HTTP/1.1" 404 510 "-" "ZmEu"
67.215.248.8 - - [27/Feb/2014:23:19:12 +0000] "GET /phpMyAdmin/scripts/setup.php HTTP/1.1" 404 510 "-" "ZmEu"
67.215.248.8 - - [27/Feb/2014:23:19:12 +0000] "GET /phpmyadmin/scripts/setup.php HTTP/1.1" 404 510 "-" "ZmEu"
67.215.248.8 - - [27/Feb/2014:23:19:13 +0000] "GET /pma/scripts/setup.php HTTP/1.1" 404 510 "-" "ZmEu"
67.215.248.8 - - [27/Feb/2014:23:19:13 +0000] "GET /myadmin/scripts/setup.php HTTP/1.1" 404 510 "-" "ZmEu"
67.215.248.8 - - [27/Feb/2014:23:19:13 +0000] "GET /MyAdmin/scripts/setup.php HTTP/1.1" 404 510 "-" "ZmEu"
50.57.65.48 - - [28/Feb/2014:00:52:27 +0000] "\"GET /cgi-bin/php HTTP/1.0 " 501 583 "-" "-"
190.237.26.236 - - [28/Feb/2014:02:12:52 +0000] "GET / HTTP/1.1" 200 8183 "-" "Mozilla/5.0 (iPhone; CPU iPhone OS 7_0_4 like Mac OS X) AppleWebKit/537.51.1 (KHTML, like Gecko) Version/7.0 Mobile/11B554a Safari/9537.53"
190.237.26.236 - - [28/Feb/2014:02:12:53 +0000] "GET /css/foundation.css HTTP/1.1" 200 19067 "http://packvehicular.com/" "Mozilla/5.0 (iPhone; CPU iPhone OS 7_0_4 like Mac OS X) AppleWebKit/537.51.1 (KHTML, like Gecko) Version/7.0 Mobile/11B554a Safari/9537.53"
190.237.26.236 - - [28/Feb/2014:02:12:53 +0000] "GET /css/custom.css HTTP/1.1" 200 4577 "http://packvehicular.com/" "Mozilla/5.0 (iPhone; CPU iPhone OS 7_0_4 like Mac OS X) AppleWebKit/537.51.1 (KHTML, like Gecko) Version/7.0 Mobile/11B554a Safari/9537.53"
190.237.26.236 - - [28/Feb/2014:02:12:53 +0000] "GET /js/modernizr.js HTTP/1.1" 200 4445 "http://packvehicular.com/" "Mozilla/5.0 (iPhone; CPU iPhone OS 7_0_4 like Mac OS X) AppleWebKit/537.51.1 (KHTML, like Gecko) Version/7.0 Mobile/11B554a Safari/9537.53"
190.237.26.236 - - [28/Feb/2014:02:12:53 +0000] "GET /js/foundation.min.js HTTP/1.1" 200 19902 "http://packvehicular.com/" "Mozilla/5.0 (iPhone; CPU iPhone OS 7_0_4 like Mac OS X) AppleWebKit/537.51.1 (KHTML, like Gecko) Version/7.0 Mobile/11B554a Safari/9537.53"
190.237.26.236 - - [28/Feb/2014:02:12:53 +0000] "GET /js/positiva.js HTTP/1.1" 200 2989 "http://packvehicular.com/" "Mozilla/5.0 (iPhone; CPU iPhone OS 7_0_4 like Mac OS X) AppleWebKit/537.51.1 (KHTML, like Gecko) Version/7.0 Mobile/11B554a Safari/9537.53"
190.237.26.236 - - [28/Feb/2014:02:12:53 +0000] "GET /js/waypoints.min.js HTTP/1.1" 200 2970 "http://packvehicular.com/" "Mozilla/5.0 (iPhone; CPU iPhone OS 7_0_4 like Mac OS X) AppleWebKit/537.51.1 (KHTML, like Gecko) Version/7.0 Mobile/11B554a Safari/9537.53"
190.237.26.236 - - [28/Feb/2014:02:12:53 +0000] "GET /js/spin.min.js HTTP/1.1" 200 2541 "http://packvehicular.com/" "Mozilla/5.0 (iPhone; CPU iPhone OS 7_0_4 like Mac OS X) AppleWebKit/537.51.1 (KHTML, like Gecko) Version/7.0 Mobile/11B554a Safari/9537.53"
190.237.26.236 - - [28/Feb/2014:02:12:53 +0000] "GET /fonts/vimsm-webfont.woff HTTP/1.1" 200 17448 "http://packvehicular.com/" "Mozilla/5.0 (iPhone; CPU iPhone OS 7_0_4 like Mac OS X) AppleWebKit/537.51.1 (KHTML, like Gecko) Version/7.0 Mobile/11B554a Safari/9537.53"
190.237.26.236 - - [28/Feb/2014:02:12:54 +0000] "GET /js/jquery.js HTTP/1.1" 200 73451 "http://packvehicular.com/" "Mozilla/5.0 (iPhone; CPU iPhone OS 7_0_4 like Mac OS X) AppleWebKit/537.51.1 (KHTML, like Gecko) Version/7.0 Mobile/11B554a Safari/9537.53"
190.237.26.236 - - [28/Feb/2014:02:12:54 +0000] "GET /fonts/fb-tw.woff HTTP/1.1" 200 1559 "http://packvehicular.com/" "Mozilla/5.0 (iPhone; CPU iPhone OS 7_0_4 like Mac OS X) AppleWebKit/537.51.1 (KHTML, like Gecko) Version/7.0 Mobile/11B554a Safari/9537.53"
190.237.26.236 - - [28/Feb/2014:02:12:54 +0000] "GET /img/logo.png HTTP/1.1" 200 61604 "http://packvehicular.com/" "Mozilla/5.0 (iPhone; CPU iPhone OS 7_0_4 like Mac OS X) AppleWebKit/537.51.1 (KHTML, like Gecko) Version/7.0 Mobile/11B554a Safari/9537.53"
190.237.26.236 - - [28/Feb/2014:02:12:54 +0000] "GET /img/car.png HTTP/1.1" 200 94399 "http://packvehicular.com/" "Mozilla/5.0 (iPhone; CPU iPhone OS 7_0_4 like Mac OS X) AppleWebKit/537.51.1 (KHTML, like Gecko) Version/7.0 Mobile/11B554a Safari/9537.53"
190.237.26.236 - - [28/Feb/2014:02:12:54 +0000] "GET /img/down_arrow.svg HTTP/1.1" 200 1003 "http://packvehicular.com/" "Mozilla/5.0 (iPhone; CPU iPhone OS 7_0_4 like Mac OS X) AppleWebKit/537.51.1 (KHTML, like Gecko) Version/7.0 Mobile/11B554a Safari/9537.53"
190.237.26.236 - - [28/Feb/2014:02:12:54 +0000] "GET /img/banner.png HTTP/1.1" 200 65568 "http://packvehicular.com/" "Mozilla/5.0 (iPhone; CPU iPhone OS 7_0_4 like Mac OS X) AppleWebKit/537.51.1 (KHTML, like Gecko) Version/7.0 Mobile/11B554a Safari/9537.53"
190.237.26.236 - - [28/Feb/2014:02:12:54 +0000] "GET /img/down_arrow_gray.svg HTTP/1.1" 200 1172 "http://packvehicular.com/" "Mozilla/5.0 (iPhone; CPU iPhone OS 7_0_4 like Mac OS X) AppleWebKit/537.51.1 (KHTML, like Gecko) Version/7.0 Mobile/11B554a Safari/9537.53"
127.0.0.1 - - [28/Feb/2014:02:13:00 +0000] "OPTIONS * HTTP/1.0" 200 126 "-" "Apache/2.2.22 (Ubuntu) (internal dummy connection)"
190.237.26.236 - - [28/Feb/2014:02:13:33 +0000] "POST /?/content/modelos/ HTTP/1.1" 200 802 "http://packvehicular.com/" "Mozilla/5.0 (iPhone; CPU iPhone OS 7_0_4 like Mac OS X) AppleWebKit/537.51.1 (KHTML, like Gecko) Version/7.0 Mobile/11B554a Safari/9537.53"
190.237.26.236 - - [28/Feb/2014:02:13:37 +0000] "POST /?/content/versiones/ HTTP/1.1" 200 774 "http://packvehicular.com/" "Mozilla/5.0 (iPhone; CPU iPhone OS 7_0_4 like Mac OS X) AppleWebKit/537.51.1 (KHTML, like Gecko) Version/7.0 Mobile/11B554a Safari/9537.53"
190.237.26.236 - - [28/Feb/2014:02:13:42 +0000] "POST /?/content/ano/ HTTP/1.1" 200 790 "http://packvehicular.com/" "Mozilla/5.0 (iPhone; CPU iPhone OS 7_0_4 like Mac OS X) AppleWebKit/537.51.1 (KHTML, like Gecko) Version/7.0 Mobile/11B554a Safari/9537.53"
190.237.26.236 - - [28/Feb/2014:02:13:48 +0000] "POST /?/content/mas_de_15k HTTP/1.1" 200 7815 "http://packvehicular.com/" "Mozilla/5.0 (iPhone; CPU iPhone OS 7_0_4 like Mac OS X) AppleWebKit/537.51.1 (KHTML, like Gecko) Version/7.0 Mobile/11B554a Safari/9537.53"
190.237.26.236 - - [28/Feb/2014:02:13:48 +0000] "GET /img/down.png HTTP/1.1" 200 49125 "http://packvehicular.com/?/content/mas_de_15k" "Mozilla/5.0 (iPhone; CPU iPhone OS 7_0_4 like Mac OS X) AppleWebKit/537.51.1 (KHTML, like Gecko) Version/7.0 Mobile/11B554a Safari/9537.53"
190.237.26.236 - - [28/Feb/2014:02:13:48 +0000] "GET /img/logo_blanco.png HTTP/1.1" 200 58166 "http://packvehicular.com/?/content/mas_de_15k" "Mozilla/5.0 (iPhone; CPU iPhone OS 7_0_4 like Mac OS X) AppleWebKit/537.51.1 (KHTML, like Gecko) Version/7.0 Mobile/11B554a Safari/9537.53"
190.237.26.236 - - [28/Feb/2014:02:14:09 +0000] "POST /?/content/mas_de_15k HTTP/1.1" 200 7783 "http://packvehicular.com/" "Mozilla/5.0 (iPhone; CPU iPhone OS 7_0_4 like Mac OS X) AppleWebKit/537.51.1 (KHTML, like Gecko) Version/7.0 Mobile/11B554a Safari/9537.53"
190.237.26.236 - - [28/Feb/2014:02:14:50 +0000] "GET / HTTP/1.1" 200 8270 "-" "Mozilla/5.0 (iPhone; CPU iPhone OS 7_0_4 like Mac OS X) AppleWebKit/537.51.1 (KHTML, like Gecko) Version/7.0 Mobile/11B554a Safari/9537.53"
190.233.149.94 - - [28/Feb/2014:02:32:45 +0000] "GET / HTTP/1.1" 200 8313 "-" "Mozilla/5.0 (Macintosh; Intel Mac OS X 10_9_1) AppleWebKit/537.36 (KHTML, like Gecko) Chrome/34.0.1847.11 Safari/537.36"
190.233.149.94 - - [28/Feb/2014:02:32:46 +0000] "GET /js/modernizr.js HTTP/1.1" 200 4445 "http://packvehicular.com/" "Mozilla/5.0 (Macintosh; Intel Mac OS X 10_9_1) AppleWebKit/537.36 (KHTML, like Gecko) Chrome/34.0.1847.11 Safari/537.36"
190.233.149.94 - - [28/Feb/2014:02:32:46 +0000] "GET /js/waypoints.min.js HTTP/1.1" 200 2970 "http://packvehicular.com/" "Mozilla/5.0 (Macintosh; Intel Mac OS X 10_9_1) AppleWebKit/537.36 (KHTML, like Gecko) Chrome/34.0.1847.11 Safari/537.36"
190.233.149.94 - - [28/Feb/2014:02:32:46 +0000] "GET /js/foundation.min.js HTTP/1.1" 200 19903 "http://packvehicular.com/" "Mozilla/5.0 (Macintosh; Intel Mac OS X 10_9_1) AppleWebKit/537.36 (KHTML, like Gecko) Chrome/34.0.1847.11 Safari/537.36"
190.233.149.94 - - [28/Feb/2014:02:32:46 +0000] "GET /js/jquery.js HTTP/1.1" 200 73452 "http://packvehicular.com/" "Mozilla/5.0 (Macintosh; Intel Mac OS X 10_9_1) AppleWebKit/537.36 (KHTML, like Gecko) Chrome/34.0.1847.11 Safari/537.36"
190.233.149.94 - - [28/Feb/2014:02:32:46 +0000] "GET /js/spin.min.js HTTP/1.1" 200 2541 "http://packvehicular.com/" "Mozilla/5.0 (Macintosh; Intel Mac OS X 10_9_1) AppleWebKit/537.36 (KHTML, like Gecko) Chrome/34.0.1847.11 Safari/537.36"
190.233.149.94 - - [28/Feb/2014:02:32:46 +0000] "GET /js/positiva.js HTTP/1.1" 200 2989 "http://packvehicular.com/" "Mozilla/5.0 (Macintosh; Intel Mac OS X 10_9_1) AppleWebKit/537.36 (KHTML, like Gecko) Chrome/34.0.1847.11 Safari/537.36"
127.0.0.1 - - [28/Feb/2014:02:32:53 +0000] "OPTIONS * HTTP/1.0" 200 126 "-" "Apache/2.2.22 (Ubuntu) (internal dummy connection)"
190.232.131.24 - - [28/Feb/2014:06:27:49 +0000] "GET / HTTP/1.1" 200 8341 "-" "Mozilla/5.0 (Windows NT 6.2; WOW64) AppleWebKit/537.36 (KHTML, like Gecko) Chrome/33.0.1750.117 Safari/537.36"
190.232.131.24 - - [28/Feb/2014:06:27:49 +0000] "GET /css/foundation.css HTTP/1.1" 200 19068 "http://54.200.189.71/" "Mozilla/5.0 (Windows NT 6.2; WOW64) AppleWebKit/537.36 (KHTML, like Gecko) Chrome/33.0.1750.117 Safari/537.36"
190.232.131.24 - - [28/Feb/2014:06:27:49 +0000] "GET /css/custom.css HTTP/1.1" 200 4577 "http://54.200.189.71/" "Mozilla/5.0 (Windows NT 6.2; WOW64) AppleWebKit/537.36 (KHTML, like Gecko) Chrome/33.0.1750.117 Safari/537.36"
190.232.131.24 - - [28/Feb/2014:06:27:49 +0000] "GET /js/modernizr.js HTTP/1.1" 200 4446 "http://54.200.189.71/" "Mozilla/5.0 (Windows NT 6.2; WOW64) AppleWebKit/537.36 (KHTML, like Gecko) Chrome/33.0.1750.117 Safari/537.36"
190.232.131.24 - - [28/Feb/2014:06:27:50 +0000] "GET /js/waypoints.min.js HTTP/1.1" 200 2969 "http://54.200.189.71/" "Mozilla/5.0 (Windows NT 6.2; WOW64) AppleWebKit/537.36 (KHTML, like Gecko) Chrome/33.0.1750.117 Safari/537.36"
190.232.131.24 - - [28/Feb/2014:06:27:50 +0000] "GET /js/foundation.min.js HTTP/1.1" 200 19903 "http://54.200.189.71/" "Mozilla/5.0 (Windows NT 6.2; WOW64) AppleWebKit/537.36 (KHTML, like Gecko) Chrome/33.0.1750.117 Safari/537.36"
190.232.131.24 - - [28/Feb/2014:06:27:50 +0000] "GET /js/positiva.js HTTP/1.1" 200 2988 "http://54.200.189.71/" "Mozilla/5.0 (Windows NT 6.2; WOW64) AppleWebKit/537.36 (KHTML, like Gecko) Chrome/33.0.1750.117 Safari/537.36"
190.232.131.24 - - [28/Feb/2014:06:27:50 +0000] "GET /js/spin.min.js HTTP/1.1" 200 2541 "http://54.200.189.71/" "Mozilla/5.0 (Windows NT 6.2; WOW64) AppleWebKit/537.36 (KHTML, like Gecko) Chrome/33.0.1750.117 Safari/537.36"
190.232.131.24 - - [28/Feb/2014:06:27:50 +0000] "GET /fonts/vimsm-webfont.woff HTTP/1.1" 200 17448 "http://54.200.189.71/" "Mozilla/5.0 (Windows NT 6.2; WOW64) AppleWebKit/537.36 (KHTML, like Gecko) Chrome/33.0.1750.117 Safari/537.36"
190.232.131.24 - - [28/Feb/2014:06:27:50 +0000] "GET /fonts/fb-tw.woff HTTP/1.1" 200 1558 "http://54.200.189.71/" "Mozilla/5.0 (Windows NT 6.2; WOW64) AppleWebKit/537.36 (KHTML, like Gecko) Chrome/33.0.1750.117 Safari/537.36"
190.232.131.24 - - [28/Feb/2014:06:27:50 +0000] "GET /img/car.png HTTP/1.1" 200 94399 "http://54.200.189.71/" "Mozilla/5.0 (Windows NT 6.2; WOW64) AppleWebKit/537.36 (KHTML, like Gecko) Chrome/33.0.1750.117 Safari/537.36"
190.232.131.24 - - [28/Feb/2014:06:27:50 +0000] "GET /js/jquery.js HTTP/1.1" 200 73451 "http://54.200.189.71/" "Mozilla/5.0 (Windows NT 6.2; WOW64) AppleWebKit/537.36 (KHTML, like Gecko) Chrome/33.0.1750.117 Safari/537.36"
190.232.131.24 - - [28/Feb/2014:06:27:50 +0000] "GET /img/down_arrow.svg HTTP/1.1" 200 1003 "http://54.200.189.71/" "Mozilla/5.0 (Windows NT 6.2; WOW64) AppleWebKit/537.36 (KHTML, like Gecko) Chrome/33.0.1750.117 Safari/537.36"
190.232.131.24 - - [28/Feb/2014:06:27:50 +0000] "GET /img/banner.png HTTP/1.1" 200 65568 "http://54.200.189.71/" "Mozilla/5.0 (Windows NT 6.2; WOW64) AppleWebKit/537.36 (KHTML, like Gecko) Chrome/33.0.1750.117 Safari/537.36"
190.232.131.24 - - [28/Feb/2014:06:27:52 +0000] "GET /img/down_arrow_gray.svg HTTP/1.1" 200 1172 "http://54.200.189.71/" "Mozilla/5.0 (Windows NT 6.2; WOW64) AppleWebKit/537.36 (KHTML, like Gecko) Chrome/33.0.1750.117 Safari/537.36"
190.232.131.24 - - [28/Feb/2014:06:27:50 +0000] "GET /img/logo.png HTTP/1.1" 200 61604 "http://54.200.189.71/" "Mozilla/5.0 (Windows NT 6.2; WOW64) AppleWebKit/537.36 (KHTML, like Gecko) Chrome/33.0.1750.117 Safari/537.36"
190.232.131.24 - - [28/Feb/2014:06:27:55 +0000] "POST /?/content/modelos/ HTTP/1.1" 200 836 "http://54.200.189.71/" "Mozilla/5.0 (Windows NT 6.2; WOW64) AppleWebKit/537.36 (KHTML, like Gecko) Chrome/33.0.1750.117 Safari/537.36"
190.232.131.24 - - [28/Feb/2014:06:27:57 +0000] "POST /?/content/versiones/ HTTP/1.1" 200 814 "http://54.200.189.71/" "Mozilla/5.0 (Windows NT 6.2; WOW64) AppleWebKit/537.36 (KHTML, like Gecko) Chrome/33.0.1750.117 Safari/537.36"
190.232.131.24 - - [28/Feb/2014:06:27:59 +0000] "POST /?/content/ano/ HTTP/1.1" 200 813 "http://54.200.189.71/" "Mozilla/5.0 (Windows NT 6.2; WOW64) AppleWebKit/537.36 (KHTML, like Gecko) Chrome/33.0.1750.117 Safari/537.36"
190.232.131.24 - - [28/Feb/2014:06:28:01 +0000] "POST /?/content/menor_de_10k HTTP/1.1" 200 10396 "http://54.200.189.71/" "Mozilla/5.0 (Windows NT 6.2; WOW64) AppleWebKit/537.36 (KHTML, like Gecko) Chrome/33.0.1750.117 Safari/537.36"
190.232.131.24 - - [28/Feb/2014:06:28:02 +0000] "GET /img/logo_blanco.png HTTP/1.1" 200 58165 "http://54.200.189.71/?/content/menor_de_10k" "Mozilla/5.0 (Windows NT 6.2; WOW64) AppleWebKit/537.36 (KHTML, like Gecko) Chrome/33.0.1750.117 Safari/537.36"
190.232.131.24 - - [28/Feb/2014:06:28:02 +0000] "GET /img/down.png HTTP/1.1" 200 49126 "http://54.200.189.71/?/content/menor_de_10k" "Mozilla/5.0 (Windows NT 6.2; WOW64) AppleWebKit/537.36 (KHTML, like Gecko) Chrome/33.0.1750.117 Safari/537.36"
190.232.131.24 - - [28/Feb/2014:06:28:02 +0000] "GET /img/checkbox.png HTTP/1.1" 200 53956 "http://54.200.189.71/?/content/menor_de_10k" "Mozilla/5.0 (Windows NT 6.2; WOW64) AppleWebKit/537.36 (KHTML, like Gecko) Chrome/33.0.1750.117 Safari/537.36"
127.0.0.1 - - [28/Feb/2014:06:28:09 +0000] "OPTIONS * HTTP/1.0" 200 126 "-" "Apache/2.2.22 (Ubuntu) (internal dummy connection)"
190.236.10.197 - - [28/Feb/2014:13:06:22 +0000] "GET /apple-touch-icon-120x120-precomposed.png HTTP/1.1" 404 297 "-" "MobileSafari/9537.53 CFNetwork/672.0.8 Darwin/14.0.0"
190.236.10.197 - - [28/Feb/2014:13:06:23 +0000] "GET /apple-touch-icon-120x120.png HTTP/1.1" 404 296 "-" "MobileSafari/9537.53 CFNetwork/672.0.8 Darwin/14.0.0"
190.236.10.197 - - [28/Feb/2014:13:06:23 +0000] "GET /apple-touch-icon-precomposed.png HTTP/1.1" 404 296 "-" "MobileSafari/9537.53 CFNetwork/672.0.8 Darwin/14.0.0"
190.236.10.197 - - [28/Feb/2014:13:06:23 +0000] "GET /apple-touch-icon.png HTTP/1.1" 404 296 "-" "MobileSafari/9537.53 CFNetwork/672.0.8 Darwin/14.0.0"
190.187.158.48 - - [28/Feb/2014:13:55:54 +0000] "GET / HTTP/1.1" 200 8183 "-" "Mozilla/5.0 (Macintosh; Intel Mac OS X 10_9_2) AppleWebKit/537.36 (KHTML, like Gecko) Chrome/35.0.1862.2 Safari/537.36"
190.187.158.48 - - [28/Feb/2014:13:55:55 +0000] "GET /js/modernizr.js HTTP/1.1" 304 210 "http://packvehicular.com/" "Mozilla/5.0 (Macintosh; Intel Mac OS X 10_9_2) AppleWebKit/537.36 (KHTML, like Gecko) Chrome/35.0.1862.2 Safari/537.36"
190.187.158.48 - - [28/Feb/2014:13:55:55 +0000] "GET /js/waypoints.min.js HTTP/1.1" 304 211 "http://packvehicular.com/" "Mozilla/5.0 (Macintosh; Intel Mac OS X 10_9_2) AppleWebKit/537.36 (KHTML, like Gecko) Chrome/35.0.1862.2 Safari/537.36"
190.187.158.48 - - [28/Feb/2014:13:55:55 +0000] "GET /js/positiva.js HTTP/1.1" 304 211 "http://packvehicular.com/" "Mozilla/5.0 (Macintosh; Intel Mac OS X 10_9_2) AppleWebKit/537.36 (KHTML, like Gecko) Chrome/35.0.1862.2 Safari/537.36"
190.187.158.48 - - [28/Feb/2014:13:55:55 +0000] "GET /js/jquery.js HTTP/1.1" 304 212 "http://packvehicular.com/" "Mozilla/5.0 (Macintosh; Intel Mac OS X 10_9_2) AppleWebKit/537.36 (KHTML, like Gecko) Chrome/35.0.1862.2 Safari/537.36"
190.187.158.48 - - [28/Feb/2014:13:55:55 +0000] "GET /js/foundation.min.js HTTP/1.1" 304 212 "http://packvehicular.com/" "Mozilla/5.0 (Macintosh; Intel Mac OS X 10_9_2) AppleWebKit/537.36 (KHTML, like Gecko) Chrome/35.0.1862.2 Safari/537.36"
190.187.158.48 - - [28/Feb/2014:13:55:55 +0000] "GET /js/spin.min.js HTTP/1.1" 304 211 "http://packvehicular.com/" "Mozilla/5.0 (Macintosh; Intel Mac OS X 10_9_2) AppleWebKit/537.36 (KHTML, like Gecko) Chrome/35.0.1862.2 Safari/537.36"
190.187.158.48 - - [28/Feb/2014:13:55:57 +0000] "GET /favicon.ico HTTP/1.1" 404 460 "-" "Mozilla/5.0 (Macintosh; Intel Mac OS X 10_9_2) AppleWebKit/537.36 (KHTML, like Gecko) Chrome/35.0.1862.2 Safari/537.36"
127.0.0.1 - - [28/Feb/2014:13:56:04 +0000] "OPTIONS * HTTP/1.0" 200 126 "-" "Apache/2.2.22 (Ubuntu) (internal dummy connection)"
190.187.158.48 - - [28/Feb/2014:13:59:59 +0000] "POST /?/content/modelos/ HTTP/1.1" 200 689 "http://packvehicular.com/" "Mozilla/5.0 (Macintosh; Intel Mac OS X 10_9_2) AppleWebKit/537.36 (KHTML, like Gecko) Chrome/35.0.1862.2 Safari/537.36"
190.187.158.48 - - [28/Feb/2014:14:00:01 +0000] "POST /?/content/versiones/ HTTP/1.1" 200 787 "http://packvehicular.com/" "Mozilla/5.0 (Macintosh; Intel Mac OS X 10_9_2) AppleWebKit/537.36 (KHTML, like Gecko) Chrome/35.0.1862.2 Safari/537.36"
190.187.158.48 - - [28/Feb/2014:14:00:03 +0000] "POST /?/content/ano/ HTTP/1.1" 200 786 "http://packvehicular.com/" "Mozilla/5.0 (Macintosh; Intel Mac OS X 10_9_2) AppleWebKit/537.36 (KHTML, like Gecko) Chrome/35.0.1862.2 Safari/537.36"
190.187.158.48 - - [28/Feb/2014:14:00:07 +0000] "POST /?/content/mas_de_15k HTTP/1.1" 200 7822 "http://packvehicular.com/" "Mozilla/5.0 (Macintosh; Intel Mac OS X 10_9_2) AppleWebKit/537.36 (KHTML, like Gecko) Chrome/35.0.1862.2 Safari/537.36"
190.187.158.48 - - [28/Feb/2014:14:00:07 +0000] "GET /img/logo_blanco.png HTTP/1.1" 200 58165 "http://packvehicular.com/?/content/mas_de_15k" "Mozilla/5.0 (Macintosh; Intel Mac OS X 10_9_2) AppleWebKit/537.36 (KHTML, like Gecko) Chrome/35.0.1862.2 Safari/537.36"
190.187.158.48 - - [28/Feb/2014:14:00:08 +0000] "GET /img/down.png HTTP/1.1" 200 49126 "http://packvehicular.com/?/content/mas_de_15k" "Mozilla/5.0 (Macintosh; Intel Mac OS X 10_9_2) AppleWebKit/537.36 (KHTML, like Gecko) Chrome/35.0.1862.2 Safari/537.36"
190.187.158.48 - - [28/Feb/2014:14:00:25 +0000] "GET / HTTP/1.1" 200 8270 "http://packvehicular.com/?/content/mas_de_15k" "Mozilla/5.0 (Macintosh; Intel Mac OS X 10_9_2) AppleWebKit/537.36 (KHTML, like Gecko) Chrome/35.0.1862.2 Safari/537.36"
190.187.158.48 - - [28/Feb/2014:14:00:38 +0000] "GET /te_robaron HTTP/1.1" 200 8300 "-" "Mozilla/5.0 (Macintosh; Intel Mac OS X 10_9_2) AppleWebKit/537.36 (KHTML, like Gecko) Chrome/35.0.1862.2 Safari/537.36"
190.187.158.48 - - [28/Feb/2014:14:00:45 +0000] "GET /te_chocaron HTTP/1.1" 200 8304 "-" "Mozilla/5.0 (Macintosh; Intel Mac OS X 10_9_2) AppleWebKit/537.36 (KHTML, like Gecko) Chrome/35.0.1862.2 Safari/537.36"
190.187.158.48 - - [28/Feb/2014:14:00:46 +0000] "GET /img/car_1.png HTTP/1.1" 200 146018 "http://packvehicular.com/te_chocaron" "Mozilla/5.0 (Macintosh; Intel Mac OS X 10_9_2) AppleWebKit/537.36 (KHTML, like Gecko) Chrome/35.0.1862.2 Safari/537.36"
127.0.0.1 - - [28/Feb/2014:14:00:59 +0000] "OPTIONS * HTTP/1.0" 200 126 "-" "Apache/2.2.22 (Ubuntu) (internal dummy connection)"
127.0.0.1 - - [28/Feb/2014:14:01:19 +0000] "OPTIONS * HTTP/1.0" 200 126 "-" "Apache/2.2.22 (Ubuntu) (internal dummy connection)"
190.187.158.48 - - [28/Feb/2014:14:03:00 +0000] "GET /te_robarocc HTTP/1.1" 404 695 "-" "Mozilla/5.0 (Macintosh; Intel Mac OS X 10_9_2) AppleWebKit/537.36 (KHTML, like Gecko) Chrome/35.0.1862.2 Safari/537.36"
127.0.0.1 - - [28/Feb/2014:14:05:29 +0000] "OPTIONS * HTTP/1.0" 200 126 "-" "Apache/2.2.22 (Ubuntu) (internal dummy connection)"
190.187.158.48 - - [28/Feb/2014:14:06:23 +0000] "GET /te_robaron HTTP/1.1" 200 8280 "-" "Mozilla/5.0 (Macintosh; Intel Mac OS X 10_9_2) AppleWebKit/537.36 (KHTML, like Gecko) Chrome/35.0.1862.2 Safari/537.36"
190.187.158.48 - - [28/Feb/2014:14:06:24 +0000] "GET /css/custom.css HTTP/1.1" 200 4577 "http://packvehicular.com/te_robaron" "Mozilla/5.0 (Macintosh; Intel Mac OS X 10_9_2) AppleWebKit/537.36 (KHTML, like Gecko) Chrome/35.0.1862.2 Safari/537.36"
190.187.158.48 - - [28/Feb/2014:14:06:24 +0000] "GET /js/modernizr.js HTTP/1.1" 304 211 "http://packvehicular.com/te_robaron" "Mozilla/5.0 (Macintosh; Intel Mac OS X 10_9_2) AppleWebKit/537.36 (KHTML, like Gecko) Chrome/35.0.1862.2 Safari/537.36"
190.187.158.48 - - [28/Feb/2014:14:06:24 +0000] "GET /css/foundation.css HTTP/1.1" 200 19067 "http://packvehicular.com/te_robaron" "Mozilla/5.0 (Macintosh; Intel Mac OS X 10_9_2) AppleWebKit/537.36 (KHTML, like Gecko) Chrome/35.0.1862.2 Safari/537.36"
190.187.158.48 - - [28/Feb/2014:14:06:24 +0000] "GET /img/logo.png HTTP/1.1" 200 61605 "http://packvehicular.com/te_robaron" "Mozilla/5.0 (Macintosh; Intel Mac OS X 10_9_2) AppleWebKit/537.36 (KHTML, like Gecko) Chrome/35.0.1862.2 Safari/537.36"
190.187.158.48 - - [28/Feb/2014:14:06:24 +0000] "GET /js/foundation.min.js HTTP/1.1" 304 211 "http://packvehicular.com/te_robaron" "Mozilla/5.0 (Macintosh; Intel Mac OS X 10_9_2) AppleWebKit/537.36 (KHTML, like Gecko) Chrome/35.0.1862.2 Safari/537.36"
190.187.158.48 - - [28/Feb/2014:14:06:24 +0000] "GET /js/waypoints.min.js HTTP/1.1" 304 210 "http://packvehicular.com/te_robaron" "Mozilla/5.0 (Macintosh; Intel Mac OS X 10_9_2) AppleWebKit/537.36 (KHTML, like Gecko) Chrome/35.0.1862.2 Safari/537.36"
190.187.158.48 - - [28/Feb/2014:14:06:24 +0000] "GET /js/jquery.js HTTP/1.1" 304 212 "http://packvehicular.com/te_robaron" "Mozilla/5.0 (Macintosh; Intel Mac OS X 10_9_2) AppleWebKit/537.36 (KHTML, like Gecko) Chrome/35.0.1862.2 Safari/537.36"
190.187.158.48 - - [28/Feb/2014:14:06:24 +0000] "GET /js/positiva.js HTTP/1.1" 304 210 "http://packvehicular.com/te_robaron" "Mozilla/5.0 (Macintosh; Intel Mac OS X 10_9_2) AppleWebKit/537.36 (KHTML, like Gecko) Chrome/35.0.1862.2 Safari/537.36"
190.187.158.48 - - [28/Feb/2014:14:06:24 +0000] "GET /js/spin.min.js HTTP/1.1" 304 210 "http://packvehicular.com/te_robaron" "Mozilla/5.0 (Macintosh; Intel Mac OS X 10_9_2) AppleWebKit/537.36 (KHTML, like Gecko) Chrome/35.0.1862.2 Safari/537.36"
190.187.158.48 - - [28/Feb/2014:14:06:24 +0000] "GET /img/banner.png HTTP/1.1" 200 65568 "http://packvehicular.com/te_robaron" "Mozilla/5.0 (Macintosh; Intel Mac OS X 10_9_2) AppleWebKit/537.36 (KHTML, like Gecko) Chrome/35.0.1862.2 Safari/537.36"
190.187.158.48 - - [28/Feb/2014:14:06:24 +0000] "GET /img/car.png HTTP/1.1" 200 94400 "http://packvehicular.com/te_robaron" "Mozilla/5.0 (Macintosh; Intel Mac OS X 10_9_2) AppleWebKit/537.36 (KHTML, like Gecko) Chrome/35.0.1862.2 Safari/537.36"
190.187.158.48 - - [28/Feb/2014:14:06:24 +0000] "GET /fonts/vimsm-webfont.woff HTTP/1.1" 200 17448 "http://packvehicular.com/te_robaron" "Mozilla/5.0 (Macintosh; Intel Mac OS X 10_9_2) AppleWebKit/537.36 (KHTML, like Gecko) Chrome/35.0.1862.2 Safari/537.36"
190.187.158.48 - - [28/Feb/2014:14:06:24 +0000] "GET /img/down_arrow.svg HTTP/1.1" 200 1003 "http://packvehicular.com/te_robaron" "Mozilla/5.0 (Macintosh; Intel Mac OS X 10_9_2) AppleWebKit/537.36 (KHTML, like Gecko) Chrome/35.0.1862.2 Safari/537.36"
190.187.158.48 - - [28/Feb/2014:14:06:24 +0000] "GET /fonts/fb-tw.woff HTTP/1.1" 200 1558 "http://packvehicular.com/te_robaron" "Mozilla/5.0 (Macintosh; Intel Mac OS X 10_9_2) AppleWebKit/537.36 (KHTML, like Gecko) Chrome/35.0.1862.2 Safari/537.36"
190.187.158.48 - - [28/Feb/2014:14:06:24 +0000] "GET /img/down_arrow_gray.svg HTTP/1.1" 200 1172 "http://packvehicular.com/te_robaron" "Mozilla/5.0 (Macintosh; Intel Mac OS X 10_9_2) AppleWebKit/537.36 (KHTML, like Gecko) Chrome/35.0.1862.2 Safari/537.36"
127.0.0.1 - - [28/Feb/2014:14:06:32 +0000] "OPTIONS * HTTP/1.0" 200 126 "-" "Apache/2.2.22 (Ubuntu) (internal dummy connection)"
190.236.10.197 - - [28/Feb/2014:14:51:11 +0000] "GET / HTTP/1.1" 200 8356 "-" "Mozilla/5.0 (iPhone; CPU iPhone OS 7_0_4 like Mac OS X) AppleWebKit/537.51.1 (KHTML, like Gecko) Version/7.0 Mobile/11B554a Safari/9537.53"
190.236.10.197 - - [28/Feb/2014:14:51:11 +0000] "GET /css/foundation.css HTTP/1.1" 304 211 "http://packvehicular.com/" "Mozilla/5.0 (iPhone; CPU iPhone OS 7_0_4 like Mac OS X) AppleWebKit/537.51.1 (KHTML, like Gecko) Version/7.0 Mobile/11B554a Safari/9537.53"
190.236.10.197 - - [28/Feb/2014:14:51:11 +0000] "GET /css/custom.css HTTP/1.1" 304 211 "http://packvehicular.com/" "Mozilla/5.0 (iPhone; CPU iPhone OS 7_0_4 like Mac OS X) AppleWebKit/537.51.1 (KHTML, like Gecko) Version/7.0 Mobile/11B554a Safari/9537.53"
190.236.10.197 - - [28/Feb/2014:14:51:12 +0000] "GET /js/modernizr.js HTTP/1.1" 304 210 "http://packvehicular.com/" "Mozilla/5.0 (iPhone; CPU iPhone OS 7_0_4 like Mac OS X) AppleWebKit/537.51.1 (KHTML, like Gecko) Version/7.0 Mobile/11B554a Safari/9537.53"
190.236.10.197 - - [28/Feb/2014:14:51:12 +0000] "GET /js/jquery.js HTTP/1.1" 304 211 "http://packvehicular.com/" "Mozilla/5.0 (iPhone; CPU iPhone OS 7_0_4 like Mac OS X) AppleWebKit/537.51.1 (KHTML, like Gecko) Version/7.0 Mobile/11B554a Safari/9537.53"
190.236.10.197 - - [28/Feb/2014:14:51:12 +0000] "GET /js/spin.min.js HTTP/1.1" 304 211 "http://packvehicular.com/" "Mozilla/5.0 (iPhone; CPU iPhone OS 7_0_4 like Mac OS X) AppleWebKit/537.51.1 (KHTML, like Gecko) Version/7.0 Mobile/11B554a Safari/9537.53"
190.236.10.197 - - [28/Feb/2014:14:51:12 +0000] "GET /js/positiva.js HTTP/1.1" 304 211 "http://packvehicular.com/" "Mozilla/5.0 (iPhone; CPU iPhone OS 7_0_4 like Mac OS X) AppleWebKit/537.51.1 (KHTML, like Gecko) Version/7.0 Mobile/11B554a Safari/9537.53"
190.236.10.197 - - [28/Feb/2014:14:51:12 +0000] "GET /js/waypoints.min.js HTTP/1.1" 304 211 "http://packvehicular.com/" "Mozilla/5.0 (iPhone; CPU iPhone OS 7_0_4 like Mac OS X) AppleWebKit/537.51.1 (KHTML, like Gecko) Version/7.0 Mobile/11B554a Safari/9537.53"
190.236.10.197 - - [28/Feb/2014:14:51:12 +0000] "GET /js/foundation.min.js HTTP/1.1" 304 212 "http://packvehicular.com/" "Mozilla/5.0 (iPhone; CPU iPhone OS 7_0_4 like Mac OS X) AppleWebKit/537.51.1 (KHTML, like Gecko) Version/7.0 Mobile/11B554a Safari/9537.53"
190.236.10.197 - - [28/Feb/2014:14:51:12 +0000] "GET /fonts/vimsm-webfont.woff HTTP/1.1" 304 187 "http://packvehicular.com/" "Mozilla/5.0 (iPhone; CPU iPhone OS 7_0_4 like Mac OS X) AppleWebKit/537.51.1 (KHTML, like Gecko) Version/7.0 Mobile/11B554a Safari/9537.53"
190.236.10.197 - - [28/Feb/2014:14:51:12 +0000] "GET /fonts/fb-tw.woff HTTP/1.1" 304 186 "http://packvehicular.com/" "Mozilla/5.0 (iPhone; CPU iPhone OS 7_0_4 like Mac OS X) AppleWebKit/537.51.1 (KHTML, like Gecko) Version/7.0 Mobile/11B554a Safari/9537.53"
190.236.10.197 - - [28/Feb/2014:14:51:12 +0000] "GET /img/car.png HTTP/1.1" 304 188 "http://packvehicular.com/" "Mozilla/5.0 (iPhone; CPU iPhone OS 7_0_4 like Mac OS X) AppleWebKit/537.51.1 (KHTML, like Gecko) Version/7.0 Mobile/11B554a Safari/9537.53"
190.236.10.197 - - [28/Feb/2014:14:51:12 +0000] "GET /img/logo.png HTTP/1.1" 304 187 "http://packvehicular.com/" "Mozilla/5.0 (iPhone; CPU iPhone OS 7_0_4 like Mac OS X) AppleWebKit/537.51.1 (KHTML, like Gecko) Version/7.0 Mobile/11B554a Safari/9537.53"
190.236.10.197 - - [28/Feb/2014:14:51:12 +0000] "GET /img/banner.png HTTP/1.1" 304 187 "http://packvehicular.com/" "Mozilla/5.0 (iPhone; CPU iPhone OS 7_0_4 like Mac OS X) AppleWebKit/537.51.1 (KHTML, like Gecko) Version/7.0 Mobile/11B554a Safari/9537.53"
190.236.10.197 - - [28/Feb/2014:14:51:12 +0000] "GET /img/down_arrow.svg HTTP/1.1" 304 186 "http://packvehicular.com/" "Mozilla/5.0 (iPhone; CPU iPhone OS 7_0_4 like Mac OS X) AppleWebKit/537.51.1 (KHTML, like Gecko) Version/7.0 Mobile/11B554a Safari/9537.53"
190.236.10.197 - - [28/Feb/2014:14:51:12 +0000] "GET /img/down_arrow_gray.svg HTTP/1.1" 304 186 "http://packvehicular.com/" "Mozilla/5.0 (iPhone; CPU iPhone OS 7_0_4 like Mac OS X) AppleWebKit/537.51.1 (KHTML, like Gecko) Version/7.0 Mobile/11B554a Safari/9537.53"
190.236.10.197 - - [28/Feb/2014:14:51:13 +0000] "GET / HTTP/1.1" 200 8226 "-" "Mozilla/5.0 (iPhone; CPU iPhone OS 7_0_4 like Mac OS X) AppleWebKit/537.51.1 (KHTML, like Gecko) Version/7.0 Mobile/11B554a Safari/9537.53"
127.0.0.1 - - [28/Feb/2014:14:51:16 +0000] "OPTIONS * HTTP/1.0" 200 126 "-" "Apache/2.2.22 (Ubuntu) (internal dummy connection)"
190.236.10.197 - - [28/Feb/2014:14:51:29 +0000] "POST /?/content/modelos/ HTTP/1.1" 200 932 "http://packvehicular.com/" "Mozilla/5.0 (iPhone; CPU iPhone OS 7_0_4 like Mac OS X) AppleWebKit/537.51.1 (KHTML, like Gecko) Version/7.0 Mobile/11B554a Safari/9537.53"
190.236.10.197 - - [28/Feb/2014:14:51:50 +0000] "POST /?/content/versiones/ HTTP/1.1" 200 943 "http://packvehicular.com/" "Mozilla/5.0 (iPhone; CPU iPhone OS 7_0_4 like Mac OS X) AppleWebKit/537.51.1 (KHTML, like Gecko) Version/7.0 Mobile/11B554a Safari/9537.53"
190.236.10.197 - - [28/Feb/2014:14:52:00 +0000] "POST /?/content/ano/ HTTP/1.1" 200 830 "http://packvehicular.com/" "Mozilla/5.0 (iPhone; CPU iPhone OS 7_0_4 like Mac OS X) AppleWebKit/537.51.1 (KHTML, like Gecko) Version/7.0 Mobile/11B554a Safari/9537.53"
190.236.10.197 - - [28/Feb/2014:14:52:05 +0000] "POST /?/content/mas_de_15k HTTP/1.1" 200 7818 "http://packvehicular.com/" "Mozilla/5.0 (iPhone; CPU iPhone OS 7_0_4 like Mac OS X) AppleWebKit/537.51.1 (KHTML, like Gecko) Version/7.0 Mobile/11B554a Safari/9537.53"
190.236.10.197 - - [28/Feb/2014:14:52:06 +0000] "GET /img/down.png HTTP/1.1" 304 187 "http://packvehicular.com/?/content/mas_de_15k" "Mozilla/5.0 (iPhone; CPU iPhone OS 7_0_4 like Mac OS X) AppleWebKit/537.51.1 (KHTML, like Gecko) Version/7.0 Mobile/11B554a Safari/9537.53"
190.236.10.197 - - [28/Feb/2014:14:52:06 +0000] "GET /img/logo_blanco.png HTTP/1.1" 304 188 "http://packvehicular.com/?/content/mas_de_15k" "Mozilla/5.0 (iPhone; CPU iPhone OS 7_0_4 like Mac OS X) AppleWebKit/537.51.1 (KHTML, like Gecko) Version/7.0 Mobile/11B554a Safari/9537.53"
200.48.4.26 - - [28/Feb/2014:14:54:51 +0000] "GET / HTTP/1.1" 200 8183 "-" "Mozilla/5.0 (iPhone; CPU iPhone OS 7_0_6 like Mac OS X) AppleWebKit/537.51.1 (KHTML, like Gecko) Version/7.0 Mobile/11B651 Safari/9537.53"
200.48.4.26 - - [28/Feb/2014:14:54:52 +0000] "GET /css/foundation.css HTTP/1.1" 304 211 "http://www.packvehicular.com/" "Mozilla/5.0 (iPhone; CPU iPhone OS 7_0_6 like Mac OS X) AppleWebKit/537.51.1 (KHTML, like Gecko) Version/7.0 Mobile/11B651 Safari/9537.53"
200.48.4.26 - - [28/Feb/2014:14:54:53 +0000] "GET /css/custom.css HTTP/1.1" 304 211 "http://www.packvehicular.com/" "Mozilla/5.0 (iPhone; CPU iPhone OS 7_0_6 like Mac OS X) AppleWebKit/537.51.1 (KHTML, like Gecko) Version/7.0 Mobile/11B651 Safari/9537.53"
200.48.4.26 - - [28/Feb/2014:14:54:53 +0000] "GET /js/foundation.min.js HTTP/1.1" 304 211 "http://www.packvehicular.com/" "Mozilla/5.0 (iPhone; CPU iPhone OS 7_0_6 like Mac OS X) AppleWebKit/537.51.1 (KHTML, like Gecko) Version/7.0 Mobile/11B651 Safari/9537.53"
200.48.4.26 - - [28/Feb/2014:14:54:53 +0000] "GET /js/modernizr.js HTTP/1.1" 304 210 "http://www.packvehicular.com/" "Mozilla/5.0 (iPhone; CPU iPhone OS 7_0_6 like Mac OS X) AppleWebKit/537.51.1 (KHTML, like Gecko) Version/7.0 Mobile/11B651 Safari/9537.53"
200.48.4.26 - - [28/Feb/2014:14:54:53 +0000] "GET /js/jquery.js HTTP/1.1" 304 211 "http://www.packvehicular.com/" "Mozilla/5.0 (iPhone; CPU iPhone OS 7_0_6 like Mac OS X) AppleWebKit/537.51.1 (KHTML, like Gecko) Version/7.0 Mobile/11B651 Safari/9537.53"
200.48.4.26 - - [28/Feb/2014:14:54:53 +0000] "GET /js/waypoints.min.js HTTP/1.1" 304 211 "http://www.packvehicular.com/" "Mozilla/5.0 (iPhone; CPU iPhone OS 7_0_6 like Mac OS X) AppleWebKit/537.51.1 (KHTML, like Gecko) Version/7.0 Mobile/11B651 Safari/9537.53"
200.48.4.26 - - [28/Feb/2014:14:54:53 +0000] "GET /js/spin.min.js HTTP/1.1" 304 211 "http://www.packvehicular.com/" "Mozilla/5.0 (iPhone; CPU iPhone OS 7_0_6 like Mac OS X) AppleWebKit/537.51.1 (KHTML, like Gecko) Version/7.0 Mobile/11B651 Safari/9537.53"
200.48.4.26 - - [28/Feb/2014:14:54:53 +0000] "GET /js/positiva.js HTTP/1.1" 304 211 "http://www.packvehicular.com/" "Mozilla/5.0 (iPhone; CPU iPhone OS 7_0_6 like Mac OS X) AppleWebKit/537.51.1 (KHTML, like Gecko) Version/7.0 Mobile/11B651 Safari/9537.53"
200.48.4.26 - - [28/Feb/2014:14:54:53 +0000] "GET /img/car.png HTTP/1.1" 304 188 "http://www.packvehicular.com/" "Mozilla/5.0 (iPhone; CPU iPhone OS 7_0_6 like Mac OS X) AppleWebKit/537.51.1 (KHTML, like Gecko) Version/7.0 Mobile/11B651 Safari/9537.53"
200.48.4.26 - - [28/Feb/2014:14:54:53 +0000] "GET /img/logo.png HTTP/1.1" 304 187 "http://www.packvehicular.com/" "Mozilla/5.0 (iPhone; CPU iPhone OS 7_0_6 like Mac OS X) AppleWebKit/537.51.1 (KHTML, like Gecko) Version/7.0 Mobile/11B651 Safari/9537.53"
200.48.4.26 - - [28/Feb/2014:14:54:53 +0000] "GET /img/banner.png HTTP/1.1" 304 187 "http://www.packvehicular.com/" "Mozilla/5.0 (iPhone; CPU iPhone OS 7_0_6 like Mac OS X) AppleWebKit/537.51.1 (KHTML, like Gecko) Version/7.0 Mobile/11B651 Safari/9537.53"
200.48.4.26 - - [28/Feb/2014:14:54:53 +0000] "GET /img/down_arrow.svg HTTP/1.1" 304 186 "http://www.packvehicular.com/" "Mozilla/5.0 (iPhone; CPU iPhone OS 7_0_6 like Mac OS X) AppleWebKit/537.51.1 (KHTML, like Gecko) Version/7.0 Mobile/11B651 Safari/9537.53"
200.48.4.26 - - [28/Feb/2014:14:54:54 +0000] "GET /fonts/vimsm-webfont.woff HTTP/1.1" 304 187 "http://www.packvehicular.com/" "Mozilla/5.0 (iPhone; CPU iPhone OS 7_0_6 like Mac OS X) AppleWebKit/537.51.1 (KHTML, like Gecko) Version/7.0 Mobile/11B651 Safari/9537.53"
200.48.4.26 - - [28/Feb/2014:14:54:54 +0000] "GET /fonts/fb-tw.woff HTTP/1.1" 304 186 "http://www.packvehicular.com/" "Mozilla/5.0 (iPhone; CPU iPhone OS 7_0_6 like Mac OS X) AppleWebKit/537.51.1 (KHTML, like Gecko) Version/7.0 Mobile/11B651 Safari/9537.53"
200.48.4.26 - - [28/Feb/2014:14:54:55 +0000] "GET /img/down_arrow_gray.svg HTTP/1.1" 304 186 "http://www.packvehicular.com/" "Mozilla/5.0 (iPhone; CPU iPhone OS 7_0_6 like Mac OS X) AppleWebKit/537.51.1 (KHTML, like Gecko) Version/7.0 Mobile/11B651 Safari/9537.53"
200.48.4.26 - - [28/Feb/2014:14:55:09 +0000] "POST /?/content/modelos/ HTTP/1.1" 200 772 "http://www.packvehicular.com/" "Mozilla/5.0 (iPhone; CPU iPhone OS 7_0_6 like Mac OS X) AppleWebKit/537.51.1 (KHTML, like Gecko) Version/7.0 Mobile/11B651 Safari/9537.53"
200.48.4.26 - - [28/Feb/2014:14:55:18 +0000] "POST /?/content/versiones/ HTTP/1.1" 200 875 "http://www.packvehicular.com/" "Mozilla/5.0 (iPhone; CPU iPhone OS 7_0_6 like Mac OS X) AppleWebKit/537.51.1 (KHTML, like Gecko) Version/7.0 Mobile/11B651 Safari/9537.53"
190.236.10.197 - - [28/Feb/2014:14:55:23 +0000] "GET / HTTP/1.1" 200 8270 "-" "Mozilla/5.0 (iPhone; CPU iPhone OS 7_0_4 like Mac OS X) AppleWebKit/537.51.1 (KHTML, like Gecko) Version/7.0 Mobile/11B554a Safari/9537.53"
190.236.10.197 - - [28/Feb/2014:14:55:23 +0000] "GET / HTTP/1.1" 200 8270 "-" "Mozilla/5.0 (iPhone; CPU iPhone OS 7_0_4 like Mac OS X) AppleWebKit/537.51.1 (KHTML, like Gecko) Version/7.0 Mobile/11B554a Safari/9537.53"
200.48.4.26 - - [28/Feb/2014:14:55:24 +0000] "POST /?/content/ano/ HTTP/1.1" 200 784 "http://www.packvehicular.com/" "Mozilla/5.0 (iPhone; CPU iPhone OS 7_0_6 like Mac OS X) AppleWebKit/537.51.1 (KHTML, like Gecko) Version/7.0 Mobile/11B651 Safari/9537.53"
200.48.4.26 - - [28/Feb/2014:14:55:28 +0000] "POST /?/content/menor_de_10k HTTP/1.1" 200 10386 "http://www.packvehicular.com/" "Mozilla/5.0 (iPhone; CPU iPhone OS 7_0_6 like Mac OS X) AppleWebKit/537.51.1 (KHTML, like Gecko) Version/7.0 Mobile/11B651 Safari/9537.53"
200.48.4.26 - - [28/Feb/2014:14:55:28 +0000] "GET /img/down.png HTTP/1.1" 304 187 "http://www.packvehicular.com/?/content/menor_de_10k" "Mozilla/5.0 (iPhone; CPU iPhone OS 7_0_6 like Mac OS X) AppleWebKit/537.51.1 (KHTML, like Gecko) Version/7.0 Mobile/11B651 Safari/9537.53"
200.48.4.26 - - [28/Feb/2014:14:55:28 +0000] "GET /img/logo_blanco.png HTTP/1.1" 304 188 "http://www.packvehicular.com/?/content/menor_de_10k" "Mozilla/5.0 (iPhone; CPU iPhone OS 7_0_6 like Mac OS X) AppleWebKit/537.51.1 (KHTML, like Gecko) Version/7.0 Mobile/11B651 Safari/9537.53"
200.48.4.26 - - [28/Feb/2014:14:55:35 +0000] "GET /?/content/pop-ups HTTP/1.1" 200 8214 "http://www.packvehicular.com/?/content/menor_de_10k" "Mozilla/5.0 (iPhone; CPU iPhone OS 7_0_6 like Mac OS X) AppleWebKit/537.51.1 (KHTML, like Gecko) Version/7.0 Mobile/11B651 Safari/9537.53"
200.48.4.26 - - [28/Feb/2014:14:55:54 +0000] "GET /?/content/pop-ups HTTP/1.1" 200 8171 "http://www.packvehicular.com/?/content/menor_de_10k" "Mozilla/5.0 (iPhone; CPU iPhone OS 7_0_6 like Mac OS X) AppleWebKit/537.51.1 (KHTML, like Gecko) Version/7.0 Mobile/11B651 Safari/9537.53"
190.236.10.197 - - [28/Feb/2014:14:56:02 +0000] "POST /?/content/modelos/ HTTP/1.1" 200 932 "http://packvehicular.com/" "Mozilla/5.0 (iPhone; CPU iPhone OS 7_0_4 like Mac OS X) AppleWebKit/537.51.1 (KHTML, like Gecko) Version/7.0 Mobile/11B554a Safari/9537.53"
190.236.10.197 - - [28/Feb/2014:14:56:07 +0000] "POST /?/content/versiones/ HTTP/1.1" 200 1061 "http://packvehicular.com/" "Mozilla/5.0 (iPhone; CPU iPhone OS 7_0_4 like Mac OS X) AppleWebKit/537.51.1 (KHTML, like Gecko) Version/7.0 Mobile/11B554a Safari/9537.53"
190.236.10.197 - - [28/Feb/2014:14:56:38 +0000] "POST /?/content/ano/ HTTP/1.1" 200 847 "http://packvehicular.com/" "Mozilla/5.0 (iPhone; CPU iPhone OS 7_0_4 like Mac OS X) AppleWebKit/537.51.1 (KHTML, like Gecko) Version/7.0 Mobile/11B554a Safari/9537.53"
190.236.10.197 - - [28/Feb/2014:14:56:47 +0000] "POST /?/content/mas_de_15k HTTP/1.1" 200 7804 "http://packvehicular.com/" "Mozilla/5.0 (iPhone; CPU iPhone OS 7_0_4 like Mac OS X) AppleWebKit/537.51.1 (KHTML, like Gecko) Version/7.0 Mobile/11B554a Safari/9537.53"
200.48.4.26 - - [28/Feb/2014:14:56:59 +0000] "POST /?/content/gracias HTTP/1.1" 200 8153 "http://www.packvehicular.com/?/content/menor_de_10k" "Mozilla/5.0 (iPhone; CPU iPhone OS 7_0_6 like Mac OS X) AppleWebKit/537.51.1 (KHTML, like Gecko) Version/7.0 Mobile/11B651 Safari/9537.53"
