54.200.189.71 - - [28/Feb/2014:14:57:03 +0000] "GET /?/content/cotizacion?a=Ivo&b=Saona&c=3722438&d=Honda&e=Civic&f=2000&g=Civic-1.5-LX&p=7000&tr=0&r=30&ptr=0&ptch=35&dpch=0&tp=65 HTTP/1.0" 200 2322 "-" "-"
54.200.189.71 - - [28/Feb/2014:14:57:03 +0000] "GET /img/lapositiva.png HTTP/1.0" 200 124070 "-" "-"
54.200.189.71 - - [28/Feb/2014:14:57:03 +0000] "GET /img/rabito1.png HTTP/1.0" 200 25641 "-" "-"
200.48.4.26 - - [28/Feb/2014:14:57:03 +0000] "GET /?ACT=35&path=content%2Fcotizacion%3Fa%3DIvo%26b%3DSaona%26c%3D3722438%26d%3DHonda%26e%3DCivic%26f%3D2000%26g%3DCivic-1.5-LX%26p%3D7000%26tr%3D0%26r%3D30%26ptr%3D0%26ptch%3D35%26dpch%3D0%26tp%3D65&size=letter&orientation=portrait&attachment=1&filename=Cotizacion_Pack_Vehicular_La_Positiva.pdf HTTP/1.1" 200 609 "http://www.packvehicular.com/?/content/gracias" "Mozilla/5.0 (iPhone; CPU iPhone OS 7_0_6 like Mac OS X) AppleWebKit/537.51.1 (KHTML, like Gecko) Version/7.0 Mobile/11B651 Safari/9537.53"
190.236.10.197 - - [28/Feb/2014:14:57:28 +0000] "GET / HTTP/1.1" 200 8270 "-" "Mozilla/5.0 (iPhone; CPU iPhone OS 7_0_4 like Mac OS X) AppleWebKit/537.51.1 (KHTML, like Gecko) Version/7.0 Mobile/11B554a Safari/9537.53"
190.236.10.197 - - [28/Feb/2014:14:57:38 +0000] "POST /?/content/modelos/ HTTP/1.1" 200 932 "http://packvehicular.com/" "Mozilla/5.0 (iPhone; CPU iPhone OS 7_0_4 like Mac OS X) AppleWebKit/537.51.1 (KHTML, like Gecko) Version/7.0 Mobile/11B554a Safari/9537.53"
190.236.10.197 - - [28/Feb/2014:14:57:42 +0000] "POST /?/content/versiones/ HTTP/1.1" 200 1061 "http://packvehicular.com/" "Mozilla/5.0 (iPhone; CPU iPhone OS 7_0_4 like Mac OS X) AppleWebKit/537.51.1 (KHTML, like Gecko) Version/7.0 Mobile/11B554a Safari/9537.53"
190.236.10.197 - - [28/Feb/2014:14:57:45 +0000] "POST /?/content/ano/ HTTP/1.1" 200 847 "http://packvehicular.com/" "Mozilla/5.0 (iPhone; CPU iPhone OS 7_0_4 like Mac OS X) AppleWebKit/537.51.1 (KHTML, like Gecko) Version/7.0 Mobile/11B554a Safari/9537.53"
190.236.10.197 - - [28/Feb/2014:14:57:48 +0000] "POST /?/content/mas_de_15k HTTP/1.1" 200 7806 "http://packvehicular.com/" "Mozilla/5.0 (iPhone; CPU iPhone OS 7_0_4 like Mac OS X) AppleWebKit/537.51.1 (KHTML, like Gecko) Version/7.0 Mobile/11B554a Safari/9537.53"
190.236.10.197 - - [28/Feb/2014:14:58:01 +0000] "POST /?/content/modelos/ HTTP/1.1" 200 1001 "http://packvehicular.com/" "Mozilla/5.0 (iPhone; CPU iPhone OS 7_0_4 like Mac OS X) AppleWebKit/537.51.1 (KHTML, like Gecko) Version/7.0 Mobile/11B554a Safari/9537.53"
190.236.10.197 - - [28/Feb/2014:14:58:07 +0000] "POST /?/content/versiones/ HTTP/1.1" 200 861 "http://packvehicular.com/" "Mozilla/5.0 (iPhone; CPU iPhone OS 7_0_4 like Mac OS X) AppleWebKit/537.51.1 (KHTML, like Gecko) Version/7.0 Mobile/11B554a Safari/9537.53"
200.48.4.26 - - [28/Feb/2014:14:58:19 +0000] "POST /?/content/gracias HTTP/1.1" 200 8108 "http://www.packvehicular.com/?/content/menor_de_10k" "Mozilla/5.0 (iPhone; CPU iPhone OS 7_0_6 like Mac OS X) AppleWebKit/537.51.1 (KHTML, like Gecko) Version/7.0 Mobile/11B651 Safari/9537.53"
54.200.189.71 - - [28/Feb/2014:14:58:21 +0000] "GET /?/content/cotizacion?a=Ivo&b=Saona&c=3722438&d=Honda&e=Civic&f=2000&g=Civic-1.5-LX&p=7000&tr=0&r=30&ptr=0&ptch=35&dpch=0&tp=65 HTTP/1.0" 200 2322 "-" "-"
54.200.189.71 - - [28/Feb/2014:14:58:21 +0000] "GET /img/lapositiva.png HTTP/1.0" 200 124070 "-" "-"
54.200.189.71 - - [28/Feb/2014:14:58:21 +0000] "GET /img/rabito1.png HTTP/1.0" 200 25641 "-" "-"
200.48.4.26 - - [28/Feb/2014:14:58:21 +0000] "GET /?ACT=35&path=content%2Fcotizacion%3Fa%3DIvo%26b%3DSaona%26c%3D3722438%26d%3DHonda%26e%3DCivic%26f%3D2000%26g%3DCivic-1.5-LX%26p%3D7000%26tr%3D0%26r%3D30%26ptr%3D0%26ptch%3D35%26dpch%3D0%26tp%3D65&size=letter&orientation=portrait&attachment=1&filename=Cotizacion_Pack_Vehicular_La_Positiva.pdf HTTP/1.1" 200 523 "http://www.packvehicular.com/?/content/gracias" "Mozilla/5.0 (iPhone; CPU iPhone OS 7_0_6 like Mac OS X) AppleWebKit/537.51.1 (KHTML, like Gecko) Version/7.0 Mobile/11B651 Safari/9537.53"
190.236.10.197 - - [28/Feb/2014:14:58:49 +0000] "POST /?/content/ano/ HTTP/1.1" 200 876 "http://packvehicular.com/" "Mozilla/5.0 (iPhone; CPU iPhone OS 7_0_4 like Mac OS X) AppleWebKit/537.51.1 (KHTML, like Gecko) Version/7.0 Mobile/11B554a Safari/9537.53"
190.236.10.197 - - [28/Feb/2014:14:58:54 +0000] "POST /?/content/menor_de_10k HTTP/1.1" 200 10408 "http://packvehicular.com/" "Mozilla/5.0 (iPhone; CPU iPhone OS 7_0_4 like Mac OS X) AppleWebKit/537.51.1 (KHTML, like Gecko) Version/7.0 Mobile/11B554a Safari/9537.53"
200.48.4.26 - - [28/Feb/2014:14:58:59 +0000] "POST /?/content/distrito/ HTTP/1.1" 200 838 "http://www.packvehicular.com/?/content/menor_de_10k" "Mozilla/5.0 (iPhone; CPU iPhone OS 7_0_6 like Mac OS X) AppleWebKit/537.51.1 (KHTML, like Gecko) Version/7.0 Mobile/11B651 Safari/9537.53"
200.48.4.26 - - [28/Feb/2014:14:59:04 +0000] "POST /?/content/agencia/ HTTP/1.1" 200 950 "http://www.packvehicular.com/?/content/menor_de_10k" "Mozilla/5.0 (iPhone; CPU iPhone OS 7_0_6 like Mac OS X) AppleWebKit/537.51.1 (KHTML, like Gecko) Version/7.0 Mobile/11B651 Safari/9537.53"
190.236.10.197 - - [28/Feb/2014:14:59:31 +0000] "POST /?/content/gracias HTTP/1.1" 200 8169 "http://packvehicular.com/?/content/menor_de_10k" "Mozilla/5.0 (iPhone; CPU iPhone OS 7_0_4 like Mac OS X) AppleWebKit/537.51.1 (KHTML, like Gecko) Version/7.0 Mobile/11B554a Safari/9537.53"
54.200.189.71 - - [28/Feb/2014:14:59:32 +0000] "GET /?/content/cotizacion?a=Manuel&b=Tirado&c=012110417&d=Chevrolet&e=Aveo&f=2006&g=Aveo-HB-1.4&p=6500&tr=0&r=15&ptr=0&ptch=35&dpch=0&tp=50 HTTP/1.0" 200 2334 "-" "-"
54.200.189.71 - - [28/Feb/2014:14:59:33 +0000] "GET /img/lapositiva.png HTTP/1.0" 200 124070 "-" "-"
54.200.189.71 - - [28/Feb/2014:14:59:33 +0000] "GET /img/rabito1.png HTTP/1.0" 200 25641 "-" "-"
190.236.10.197 - - [28/Feb/2014:14:59:32 +0000] "GET /?ACT=35&path=content%2Fcotizacion%3Fa%3DManuel%26b%3DTirado%26c%3D012110417%26d%3DChevrolet%26e%3DAveo%26f%3D2006%26g%3DAveo-HB-1.4%26p%3D6500%26tr%3D0%26r%3D15%26ptr%3D0%26ptch%3D35%26dpch%3D0%26tp%3D50&size=letter&orientation=portrait&attachment=1&filename=Cotizacion_Pack_Vehicular_La_Positiva.pdf HTTP/1.1" 200 522 "http://packvehicular.com/?/content/gracias" "Mozilla/5.0 (iPhone; CPU iPhone OS 7_0_4 like Mac OS X) AppleWebKit/537.51.1 (KHTML, like Gecko) Version/7.0 Mobile/11B554a Safari/9537.53"
192.96.204.42 - - [28/Feb/2014:16:30:43 +0000] "GET / HTTP/1.1" 200 8134 "-" "Mozilla/5.0 (Windows NT 5.1) AppleWebKit/537.36 (KHTML, like Gecko) Chrome/31.0.1650.16 Safari/537.36"
192.96.204.42 - - [28/Feb/2014:16:30:43 +0000] "GET / HTTP/1.0" 200 8153 "-" "Mozilla/5.0 (Windows NT 5.1) AppleWebKit/537.36 (KHTML, like Gecko) Chrome/31.0.1650.16 Safari/537.36"
192.96.204.42 - - [28/Feb/2014:16:31:41 +0000] "GET / HTTP/1.1" 200 8134 "http://www.domaintuno.com/d/packvehicularlapositiva.org" "Mozilla/5.0 (Windows NT 5.1) AppleWebKit/537.36 (KHTML, like Gecko) Chrome/31.0.1650.16 Safari/537.36"
192.96.204.42 - - [28/Feb/2014:16:31:41 +0000] "GET /js/spin.min.js HTTP/1.1" 200 2485 "-" "Mozilla/4.0 (compatible; MSIE 5.5; Windows NT)"
192.96.204.42 - - [28/Feb/2014:16:31:41 +0000] "GET /js/positiva.js HTTP/1.1" 200 2933 "-" "Mozilla/4.0 (compatible; MSIE 5.5; Windows NT)"
192.96.204.42 - - [28/Feb/2014:16:31:41 +0000] "GET /js/modernizr.js HTTP/1.1" 200 4390 "-" "Mozilla/4.0 (compatible; MSIE 5.5; Windows NT)"
192.96.204.42 - - [28/Feb/2014:16:31:41 +0000] "GET /css/foundation.css HTTP/1.1" 200 19012 "-" "Mozilla/4.0 (compatible; MSIE 5.5; Windows NT)"
192.96.204.42 - - [28/Feb/2014:16:31:41 +0000] "GET /js/waypoints.min.js HTTP/1.1" 200 2914 "-" "Mozilla/4.0 (compatible; MSIE 5.5; Windows NT)"
192.96.204.42 - - [28/Feb/2014:16:31:41 +0000] "GET /css/custom.css HTTP/1.1" 200 4521 "-" "Mozilla/4.0 (compatible; MSIE 5.5; Windows NT)"
192.96.204.42 - - [28/Feb/2014:16:31:41 +0000] "GET /js/foundation.min.js HTTP/1.1" 200 19847 "-" "Mozilla/4.0 (compatible; MSIE 5.5; Windows NT)"
192.96.204.42 - - [28/Feb/2014:16:31:41 +0000] "GET /js/jquery.js HTTP/1.1" 200 73396 "-" "Mozilla/4.0 (compatible; MSIE 5.5; Windows NT)"
192.96.204.42 - - [28/Feb/2014:16:31:42 +0000] "GET /domainsigma_removal_f3cabf5027684f379538f9d0919dff1e49bd9fce.html HTTP/1.1" 404 491 "-" "Mozilla/5.0 (Windows NT 5.1) AppleWebKit/537.36 (KHTML, like Gecko) Chrome/31.0.1650.16 Safari/537.36"
192.96.204.42 - - [28/Feb/2014:16:31:43 +0000] "GET / HTTP/1.0" 200 8153 "-" "Mozilla/5.0 (Windows NT 5.1) AppleWebKit/537.36 (KHTML, like Gecko) Chrome/31.0.1650.16 Safari/537.36"
192.96.204.42 - - [28/Feb/2014:16:31:44 +0000] "GET /favicon.ico HTTP/1.1" 404 491 "-" "Mozilla/5.0 (Windows NT 5.1) AppleWebKit/537.36 (KHTML, like Gecko) Chrome/31.0.1650.16 Safari/537.36"
127.0.0.1 - - [28/Feb/2014:16:31:48 +0000] "OPTIONS * HTTP/1.0" 200 126 "-" "Apache/2.2.22 (Ubuntu) (internal dummy connection)"
173.252.112.112 - - [28/Feb/2014:16:31:49 +0000] "GET / HTTP/1.1" 206 8237 "-" "facebookexternalhit/1.1 (+http://www.facebook.com/externalhit_uatext.php)"
173.252.112.115 - - [28/Feb/2014:16:31:51 +0000] "GET /img/logo_fb_4.jpg HTTP/1.1" 206 26957 "-" "facebookexternalhit/1.1 (+http://www.facebook.com/externalhit_uatext.php)"
69.171.245.117 - - [28/Feb/2014:16:31:55 +0000] "GET /img/logo_fb_4.jpg HTTP/1.1" 206 26957 "-" "facebookexternalhit/1.1 (+http://www.facebook.com/externalhit_uatext.php)"
192.96.204.42 - - [28/Feb/2014:16:32:08 +0000] "GET / HTTP/1.1" 200 8190 "-" "Mozilla/5.0 (Unknown; Linux x86_64) AppleWebKit/534.34 (KHTML, like Gecko) PhantomJS/1.9.7 Safari/534.34"
192.96.204.42 - - [28/Feb/2014:16:32:08 +0000] "GET /css/foundation.css HTTP/1.1" 200 19067 "http://packvehicularlapositiva.org/" "Mozilla/5.0 (Unknown; Linux x86_64) AppleWebKit/534.34 (KHTML, like Gecko) PhantomJS/1.9.7 Safari/534.34"
192.96.204.42 - - [28/Feb/2014:16:32:08 +0000] "GET /css/custom.css HTTP/1.1" 200 4577 "http://packvehicularlapositiva.org/" "Mozilla/5.0 (Unknown; Linux x86_64) AppleWebKit/534.34 (KHTML, like Gecko) PhantomJS/1.9.7 Safari/534.34"
192.96.204.42 - - [28/Feb/2014:16:32:08 +0000] "GET /js/modernizr.js HTTP/1.1" 200 4446 "http://packvehicularlapositiva.org/" "Mozilla/5.0 (Unknown; Linux x86_64) AppleWebKit/534.34 (KHTML, like Gecko) PhantomJS/1.9.7 Safari/534.34"
192.96.204.42 - - [28/Feb/2014:16:32:08 +0000] "GET /js/waypoints.min.js HTTP/1.1" 200 2970 "http://packvehicularlapositiva.org/" "Mozilla/5.0 (Unknown; Linux x86_64) AppleWebKit/534.34 (KHTML, like Gecko) PhantomJS/1.9.7 Safari/534.34"
192.96.204.42 - - [28/Feb/2014:16:32:08 +0000] "GET /js/foundation.min.js HTTP/1.1" 200 19903 "http://packvehicularlapositiva.org/" "Mozilla/5.0 (Unknown; Linux x86_64) AppleWebKit/534.34 (KHTML, like Gecko) PhantomJS/1.9.7 Safari/534.34"
192.96.204.42 - - [28/Feb/2014:16:32:08 +0000] "GET /js/positiva.js HTTP/1.1" 200 2988 "http://packvehicularlapositiva.org/" "Mozilla/5.0 (Unknown; Linux x86_64) AppleWebKit/534.34 (KHTML, like Gecko) PhantomJS/1.9.7 Safari/534.34"
192.96.204.42 - - [28/Feb/2014:16:32:08 +0000] "GET /js/spin.min.js HTTP/1.1" 200 2540 "http://packvehicularlapositiva.org/" "Mozilla/5.0 (Unknown; Linux x86_64) AppleWebKit/534.34 (KHTML, like Gecko) PhantomJS/1.9.7 Safari/534.34"
192.96.204.42 - - [28/Feb/2014:16:32:08 +0000] "GET /img/down_arrow.svg HTTP/1.1" 200 1003 "http://packvehicularlapositiva.org/" "Mozilla/5.0 (Unknown; Linux x86_64) AppleWebKit/534.34 (KHTML, like Gecko) PhantomJS/1.9.7 Safari/534.34"
192.96.204.42 - - [28/Feb/2014:16:32:08 +0000] "GET /fonts/vimsm-webfont.woff HTTP/1.1" 200 17448 "http://packvehicularlapositiva.org/" "Mozilla/5.0 (Unknown; Linux x86_64) AppleWebKit/534.34 (KHTML, like Gecko) PhantomJS/1.9.7 Safari/534.34"
192.96.204.42 - - [28/Feb/2014:16:32:08 +0000] "GET /js/jquery.js HTTP/1.1" 200 73452 "http://packvehicularlapositiva.org/" "Mozilla/5.0 (Unknown; Linux x86_64) AppleWebKit/534.34 (KHTML, like Gecko) PhantomJS/1.9.7 Safari/534.34"
192.96.204.42 - - [28/Feb/2014:16:32:08 +0000] "GET /fonts/fb-tw.woff HTTP/1.1" 200 1558 "http://packvehicularlapositiva.org/" "Mozilla/5.0 (Unknown; Linux x86_64) AppleWebKit/534.34 (KHTML, like Gecko) PhantomJS/1.9.7 Safari/534.34"
192.96.204.42 - - [28/Feb/2014:16:32:08 +0000] "GET /img/logo.png HTTP/1.1" 200 61604 "http://packvehicularlapositiva.org/" "Mozilla/5.0 (Unknown; Linux x86_64) AppleWebKit/534.34 (KHTML, like Gecko) PhantomJS/1.9.7 Safari/534.34"
192.96.204.42 - - [28/Feb/2014:16:32:08 +0000] "GET /img/banner.png HTTP/1.1" 200 65568 "http://packvehicularlapositiva.org/" "Mozilla/5.0 (Unknown; Linux x86_64) AppleWebKit/534.34 (KHTML, like Gecko) PhantomJS/1.9.7 Safari/534.34"
192.96.204.42 - - [28/Feb/2014:16:32:08 +0000] "GET /img/car.png HTTP/1.1" 200 94399 "http://packvehicularlapositiva.org/" "Mozilla/5.0 (Unknown; Linux x86_64) AppleWebKit/534.34 (KHTML, like Gecko) PhantomJS/1.9.7 Safari/534.34"
192.96.204.42 - - [28/Feb/2014:16:32:09 +0000] "GET /img/down_arrow_gray.svg HTTP/1.1" 200 1172 "http://packvehicularlapositiva.org/" "Mozilla/5.0 (Unknown; Linux x86_64) AppleWebKit/534.34 (KHTML, like Gecko) PhantomJS/1.9.7 Safari/534.34"
127.0.0.1 - - [28/Feb/2014:16:32:14 +0000] "OPTIONS * HTTP/1.0" 200 126 "-" "Apache/2.2.22 (Ubuntu) (internal dummy connection)"
200.48.4.26 - - [28/Feb/2014:16:37:04 +0000] "GET / HTTP/1.1" 200 32693 "-" "Mozilla/5.0 (Windows NT 5.1) AppleWebKit/537.36 (KHTML, like Gecko) Chrome/33.0.1750.117 Safari/537.36"
200.48.4.26 - - [28/Feb/2014:16:37:04 +0000] "GET /js/waypoints.min.js HTTP/1.1" 200 8373 "http://www.packvehicular.com/" "Mozilla/5.0 (Windows NT 5.1) AppleWebKit/537.36 (KHTML, like Gecko) Chrome/33.0.1750.117 Safari/537.36"
200.48.4.26 - - [28/Feb/2014:16:37:04 +0000] "GET /css/custom.css HTTP/1.1" 200 23173 "http://www.packvehicular.com/" "Mozilla/5.0 (Windows NT 5.1) AppleWebKit/537.36 (KHTML, like Gecko) Chrome/33.0.1750.117 Safari/537.36"
200.48.4.26 - - [28/Feb/2014:16:37:04 +0000] "GET /js/modernizr.js HTTP/1.1" 200 9617 "http://www.packvehicular.com/" "Mozilla/5.0 (Windows NT 5.1) AppleWebKit/537.36 (KHTML, like Gecko) Chrome/33.0.1750.117 Safari/537.36"
200.48.4.26 - - [28/Feb/2014:16:37:04 +0000] "GET /js/foundation.min.js HTTP/1.1" 200 76056 "http://www.packvehicular.com/" "Mozilla/5.0 (Windows NT 5.1) AppleWebKit/537.36 (KHTML, like Gecko) Chrome/33.0.1750.117 Safari/537.36"
200.48.4.26 - - [28/Feb/2014:16:37:04 +0000] "GET /css/foundation.css HTTP/1.1" 200 139934 "http://www.packvehicular.com/" "Mozilla/5.0 (Windows NT 5.1) AppleWebKit/537.36 (KHTML, like Gecko) Chrome/33.0.1750.117 Safari/537.36"
200.48.4.26 - - [28/Feb/2014:16:37:05 +0000] "GET /js/positiva.js HTTP/1.1" 200 14170 "http://www.packvehicular.com/" "Mozilla/5.0 (Windows NT 5.1) AppleWebKit/537.36 (KHTML, like Gecko) Chrome/33.0.1750.117 Safari/537.36"
200.48.4.26 - - [28/Feb/2014:16:37:05 +0000] "GET /js/spin.min.js HTTP/1.1" 200 4788 "http://www.packvehicular.com/" "Mozilla/5.0 (Windows NT 5.1) AppleWebKit/537.36 (KHTML, like Gecko) Chrome/33.0.1750.117 Safari/537.36"
200.48.4.26 - - [28/Feb/2014:16:37:05 +0000] "GET /img/car.png HTTP/1.1" 200 94399 "http://www.packvehicular.com/" "Mozilla/5.0 (Windows NT 5.1) AppleWebKit/537.36 (KHTML, like Gecko) Chrome/33.0.1750.117 Safari/537.36"
200.48.4.26 - - [28/Feb/2014:16:37:06 +0000] "GET /img/banner.png HTTP/1.1" 200 65568 "http://www.packvehicular.com/" "Mozilla/5.0 (Windows NT 5.1) AppleWebKit/537.36 (KHTML, like Gecko) Chrome/33.0.1750.117 Safari/537.36"
200.48.4.26 - - [28/Feb/2014:16:37:06 +0000] "GET /img/logo.png HTTP/1.1" 200 61604 "http://www.packvehicular.com/" "Mozilla/5.0 (Windows NT 5.1) AppleWebKit/537.36 (KHTML, like Gecko) Chrome/33.0.1750.117 Safari/537.36"
200.48.4.26 - - [28/Feb/2014:16:37:06 +0000] "GET /fonts/vimsm-webfont.woff HTTP/1.1" 200 17448 "http://www.packvehicular.com/" "Mozilla/5.0 (Windows NT 5.1) AppleWebKit/537.36 (KHTML, like Gecko) Chrome/33.0.1750.117 Safari/537.36"
200.48.4.26 - - [28/Feb/2014:16:37:06 +0000] "GET /fonts/fb-tw.woff HTTP/1.1" 200 1558 "http://www.packvehicular.com/" "Mozilla/5.0 (Windows NT 5.1) AppleWebKit/537.36 (KHTML, like Gecko) Chrome/33.0.1750.117 Safari/537.36"
200.48.4.26 - - [28/Feb/2014:16:37:06 +0000] "GET /img/down_arrow.svg HTTP/1.1" 200 1003 "http://www.packvehicular.com/" "Mozilla/5.0 (Windows NT 5.1) AppleWebKit/537.36 (KHTML, like Gecko) Chrome/33.0.1750.117 Safari/537.36"
200.48.4.26 - - [28/Feb/2014:16:37:04 +0000] "GET /js/jquery.js HTTP/1.1" 200 262078 "http://www.packvehicular.com/" "Mozilla/5.0 (Windows NT 5.1) AppleWebKit/537.36 (KHTML, like Gecko) Chrome/33.0.1750.117 Safari/537.36"
200.48.4.26 - - [28/Feb/2014:16:37:08 +0000] "GET /img/down_arrow_gray.svg HTTP/1.1" 200 1172 "http://www.packvehicular.com/" "Mozilla/5.0 (Windows NT 5.1) AppleWebKit/537.36 (KHTML, like Gecko) Chrome/33.0.1750.117 Safari/537.36"
200.48.4.26 - - [28/Feb/2014:16:37:08 +0000] "GET /favicon.ico HTTP/1.1" 404 452 "-" "Mozilla/5.0 (Windows NT 5.1) AppleWebKit/537.36 (KHTML, like Gecko) Chrome/33.0.1750.117 Safari/537.36"
127.0.0.1 - - [28/Feb/2014:16:37:14 +0000] "OPTIONS * HTTP/1.0" 200 126 "-" "Apache/2.2.22 (Ubuntu) (internal dummy connection)"
200.48.4.26 - - [28/Feb/2014:16:37:21 +0000] "POST /?/content/modelos/ HTTP/1.1" 200 1337 "http://www.packvehicular.com/" "Mozilla/5.0 (Windows NT 5.1) AppleWebKit/537.36 (KHTML, like Gecko) Chrome/33.0.1750.117 Safari/537.36"
200.48.4.26 - - [28/Feb/2014:16:37:25 +0000] "POST /?/content/versiones/ HTTP/1.1" 200 1422 "http://www.packvehicular.com/" "Mozilla/5.0 (Windows NT 5.1) AppleWebKit/537.36 (KHTML, like Gecko) Chrome/33.0.1750.117 Safari/537.36"
200.48.4.26 - - [28/Feb/2014:16:37:51 +0000] "POST /?/content/ano/ HTTP/1.1" 200 886 "http://www.packvehicular.com/" "Mozilla/5.0 (Windows NT 5.1) AppleWebKit/537.36 (KHTML, like Gecko) Chrome/33.0.1750.117 Safari/537.36"
200.48.4.26 - - [28/Feb/2014:16:37:56 +0000] "POST /?/content/mas_de_15k HTTP/1.1" 200 29260 "http://www.packvehicular.com/" "Mozilla/5.0 (Windows NT 5.1) AppleWebKit/537.36 (KHTML, like Gecko) Chrome/33.0.1750.117 Safari/537.36"
200.48.4.26 - - [28/Feb/2014:16:37:56 +0000] "GET /img/down.png HTTP/1.1" 200 49125 "http://www.packvehicular.com/?/content/mas_de_15k" "Mozilla/5.0 (Windows NT 5.1) AppleWebKit/537.36 (KHTML, like Gecko) Chrome/33.0.1750.117 Safari/537.36"
200.48.4.26 - - [28/Feb/2014:16:37:57 +0000] "GET /img/logo_blanco.png HTTP/1.1" 200 58166 "http://www.packvehicular.com/?/content/mas_de_15k" "Mozilla/5.0 (Windows NT 5.1) AppleWebKit/537.36 (KHTML, like Gecko) Chrome/33.0.1750.117 Safari/537.36"
200.48.4.26 - - [28/Feb/2014:16:38:58 +0000] "POST /?/content/modelos/ HTTP/1.1" 200 1512 "http://www.packvehicular.com/" "Mozilla/5.0 (Windows NT 5.1) AppleWebKit/537.36 (KHTML, like Gecko) Chrome/33.0.1750.117 Safari/537.36"
200.48.4.26 - - [28/Feb/2014:16:39:01 +0000] "POST /?/content/versiones/ HTTP/1.1" 200 960 "http://www.packvehicular.com/" "Mozilla/5.0 (Windows NT 5.1) AppleWebKit/537.36 (KHTML, like Gecko) Chrome/33.0.1750.117 Safari/537.36"
200.48.4.26 - - [28/Feb/2014:16:39:04 +0000] "POST /?/content/ano/ HTTP/1.1" 200 1105 "http://www.packvehicular.com/" "Mozilla/5.0 (Windows NT 5.1) AppleWebKit/537.36 (KHTML, like Gecko) Chrome/33.0.1750.117 Safari/537.36"
200.48.4.26 - - [28/Feb/2014:16:39:08 +0000] "POST /?/content/mas_de_15k HTTP/1.1" 200 29276 "http://www.packvehicular.com/" "Mozilla/5.0 (Windows NT 5.1) AppleWebKit/537.36 (KHTML, like Gecko) Chrome/33.0.1750.117 Safari/537.36"
200.48.4.26 - - [28/Feb/2014:16:39:54 +0000] "POST /?/content/modelos/ HTTP/1.1" 200 1372 "http://www.packvehicular.com/" "Mozilla/5.0 (Windows NT 5.1) AppleWebKit/537.36 (KHTML, like Gecko) Chrome/33.0.1750.117 Safari/537.36"
200.48.4.26 - - [28/Feb/2014:16:39:59 +0000] "POST /?/content/modelos/ HTTP/1.1" 200 1299 "http://www.packvehicular.com/" "Mozilla/5.0 (Windows NT 5.1) AppleWebKit/537.36 (KHTML, like Gecko) Chrome/33.0.1750.117 Safari/537.36"
200.48.4.26 - - [28/Feb/2014:16:40:05 +0000] "POST /?/content/versiones/ HTTP/1.1" 200 1179 "http://www.packvehicular.com/" "Mozilla/5.0 (Windows NT 5.1) AppleWebKit/537.36 (KHTML, like Gecko) Chrome/33.0.1750.117 Safari/537.36"
200.48.4.26 - - [28/Feb/2014:16:40:08 +0000] "POST /?/content/ano/ HTTP/1.1" 200 903 "http://www.packvehicular.com/" "Mozilla/5.0 (Windows NT 5.1) AppleWebKit/537.36 (KHTML, like Gecko) Chrome/33.0.1750.117 Safari/537.36"
200.48.4.26 - - [28/Feb/2014:16:40:13 +0000] "POST /?/content/menor_de_10k HTTP/1.1" 200 48310 "http://www.packvehicular.com/" "Mozilla/5.0 (Windows NT 5.1) AppleWebKit/537.36 (KHTML, like Gecko) Chrome/33.0.1750.117 Safari/537.36"
200.48.4.26 - - [28/Feb/2014:16:40:49 +0000] "GET /img/checkbox.png HTTP/1.1" 200 53956 "http://www.packvehicular.com/?/content/menor_de_10k" "Mozilla/5.0 (Windows NT 5.1) AppleWebKit/537.36 (KHTML, like Gecko) Chrome/33.0.1750.117 Safari/537.36"
124.65.181.222 - admin [28/Feb/2014:16:41:11 +0000] "GET /manager/html HTTP/1.1" 404 635 "-" "-"
190.117.246.37 - - [28/Feb/2014:16:43:34 +0000] "GET / HTTP/1.1" 200 8329 "-" "Mozilla/5.0 (Macintosh; Intel Mac OS X 10_9_2) AppleWebKit/537.36 (KHTML, like Gecko) Chrome/35.0.1862.2 Safari/537.36"
127.0.0.1 - - [28/Feb/2014:16:43:53 +0000] "OPTIONS * HTTP/1.0" 200 126 "-" "Apache/2.2.22 (Ubuntu) (internal dummy connection)"
192.96.204.42 - - [28/Feb/2014:16:45:59 +0000] "GET / HTTP/1.1" 200 8130 "-" "Mozilla/5.0 (Windows NT 5.1) AppleWebKit/537.36 (KHTML, like Gecko) Chrome/31.0.1650.16 Safari/537.36"
190.117.246.37 - - [28/Feb/2014:16:46:37 +0000] "GET / HTTP/1.1" 200 8207 "-" "Mozilla/5.0 (Macintosh; Intel Mac OS X 10_9_2) AppleWebKit/537.36 (KHTML, like Gecko) Chrome/35.0.1862.2 Safari/537.36"
127.0.0.1 - - [28/Feb/2014:16:46:58 +0000] "OPTIONS * HTTP/1.0" 200 126 "-" "Apache/2.2.22 (Ubuntu) (internal dummy connection)"
46.38.48.66 - - [28/Feb/2014:16:48:46 +0000] "GET / HTTP/1.0" 200 32278 "-" "masscan/1.0 (https://github.com/robertdavidgraham/masscan)"
190.117.246.30 - - [28/Feb/2014:16:53:32 +0000] "POST /?/content/modelos/ HTTP/1.1" 200 870 "http://packvehicular.com/" "Mozilla/5.0 (Macintosh; Intel Mac OS X 10_9_2) AppleWebKit/537.36 (KHTML, like Gecko) Chrome/35.0.1862.2 Safari/537.36"
190.117.246.30 - - [28/Feb/2014:16:53:36 +0000] "POST /?/content/versiones/ HTTP/1.1" 200 851 "http://packvehicular.com/" "Mozilla/5.0 (Macintosh; Intel Mac OS X 10_9_2) AppleWebKit/537.36 (KHTML, like Gecko) Chrome/35.0.1862.2 Safari/537.36"
190.117.246.30 - - [28/Feb/2014:16:53:40 +0000] "POST /?/content/ano/ HTTP/1.1" 200 826 "http://packvehicular.com/" "Mozilla/5.0 (Macintosh; Intel Mac OS X 10_9_2) AppleWebKit/537.36 (KHTML, like Gecko) Chrome/35.0.1862.2 Safari/537.36"
190.117.246.30 - - [28/Feb/2014:16:53:45 +0000] "POST /?/content/menor_de_10k HTTP/1.1" 200 10389 "http://packvehicular.com/" "Mozilla/5.0 (Macintosh; Intel Mac OS X 10_9_2) AppleWebKit/537.36 (KHTML, like Gecko) Chrome/35.0.1862.2 Safari/537.36"
190.117.246.30 - - [28/Feb/2014:16:53:45 +0000] "GET /js/modernizr.js HTTP/1.1" 304 210 "http://packvehicular.com/?/content/menor_de_10k" "Mozilla/5.0 (Macintosh; Intel Mac OS X 10_9_2) AppleWebKit/537.36 (KHTML, like Gecko) Chrome/35.0.1862.2 Safari/537.36"
190.117.246.30 - - [28/Feb/2014:16:53:46 +0000] "GET /js/jquery.js HTTP/1.1" 304 212 "http://packvehicular.com/?/content/menor_de_10k" "Mozilla/5.0 (Macintosh; Intel Mac OS X 10_9_2) AppleWebKit/537.36 (KHTML, like Gecko) Chrome/35.0.1862.2 Safari/537.36"
190.117.246.30 - - [28/Feb/2014:16:53:46 +0000] "GET /js/foundation.min.js HTTP/1.1" 304 212 "http://packvehicular.com/?/content/menor_de_10k" "Mozilla/5.0 (Macintosh; Intel Mac OS X 10_9_2) AppleWebKit/537.36 (KHTML, like Gecko) Chrome/35.0.1862.2 Safari/537.36"
190.117.246.30 - - [28/Feb/2014:16:53:46 +0000] "GET /js/waypoints.min.js HTTP/1.1" 304 211 "http://packvehicular.com/?/content/menor_de_10k" "Mozilla/5.0 (Macintosh; Intel Mac OS X 10_9_2) AppleWebKit/537.36 (KHTML, like Gecko) Chrome/35.0.1862.2 Safari/537.36"
190.117.246.30 - - [28/Feb/2014:16:53:46 +0000] "GET /js/positiva.js HTTP/1.1" 304 211 "http://packvehicular.com/?/content/menor_de_10k" "Mozilla/5.0 (Macintosh; Intel Mac OS X 10_9_2) AppleWebKit/537.36 (KHTML, like Gecko) Chrome/35.0.1862.2 Safari/537.36"
190.117.246.30 - - [28/Feb/2014:16:53:46 +0000] "GET /js/spin.min.js HTTP/1.1" 304 211 "http://packvehicular.com/?/content/menor_de_10k" "Mozilla/5.0 (Macintosh; Intel Mac OS X 10_9_2) AppleWebKit/537.36 (KHTML, like Gecko) Chrome/35.0.1862.2 Safari/537.36"
190.117.246.30 - - [28/Feb/2014:16:53:46 +0000] "GET /img/logo_blanco.png HTTP/1.1" 304 187 "http://packvehicular.com/?/content/menor_de_10k" "Mozilla/5.0 (Macintosh; Intel Mac OS X 10_9_2) AppleWebKit/537.36 (KHTML, like Gecko) Chrome/35.0.1862.2 Safari/537.36"
190.117.246.30 - - [28/Feb/2014:16:53:47 +0000] "GET /img/checkbox.png HTTP/1.1" 200 53955 "http://packvehicular.com/?/content/menor_de_10k" "Mozilla/5.0 (Macintosh; Intel Mac OS X 10_9_2) AppleWebKit/537.36 (KHTML, like Gecko) Chrome/35.0.1862.2 Safari/537.36"
190.117.246.30 - - [28/Feb/2014:16:53:47 +0000] "GET /img/down.png HTTP/1.1" 304 187 "http://packvehicular.com/?/content/menor_de_10k" "Mozilla/5.0 (Macintosh; Intel Mac OS X 10_9_2) AppleWebKit/537.36 (KHTML, like Gecko) Chrome/35.0.1862.2 Safari/537.36"
127.0.0.1 - - [28/Feb/2014:16:53:54 +0000] "OPTIONS * HTTP/1.0" 200 126 "-" "Apache/2.2.22 (Ubuntu) (internal dummy connection)"
190.117.246.37 - - [28/Feb/2014:16:54:44 +0000] "POST /?/content/gracias HTTP/1.1" 200 8176 "http://packvehicular.com/?/content/menor_de_10k" "Mozilla/5.0 (Macintosh; Intel Mac OS X 10_9_2) AppleWebKit/537.36 (KHTML, like Gecko) Chrome/35.0.1862.2 Safari/537.36"
54.200.189.71 - - [28/Feb/2014:16:54:47 +0000] "GET /?/content/cotizacion?a=Mariana_Checa&b=Costa&c=997509973&d=Daewoo&e=Lanos&f=1999&g=Lanos-1.5-S&p=3400&tr=0&r=15&ptr=0&ptch=35&dpch=0&tp=50 HTTP/1.0" 200 2344 "-" "-"
54.200.189.71 - - [28/Feb/2014:16:54:47 +0000] "GET /img/lapositiva.png HTTP/1.0" 200 124070 "-" "-"
54.200.189.71 - - [28/Feb/2014:16:54:47 +0000] "GET /img/rabito1.png HTTP/1.0" 200 25641 "-" "-"
190.117.246.37 - - [28/Feb/2014:16:54:47 +0000] "GET /?ACT=35&path=content%2Fcotizacion%3Fa%3DMariana_Checa%26b%3DCosta%26c%3D997509973%26d%3DDaewoo%26e%3DLanos%26f%3D1999%26g%3DLanos-1.5-S%26p%3D3400%26tr%3D0%26r%3D15%26ptr%3D0%26ptch%3D35%26dpch%3D0%26tp%3D50&size=letter&orientation=portrait&attachment=1&filename=Cotizacion_Pack_Vehicular_La_Positiva.pdf HTTP/1.1" 200 522 "http://packvehicular.com/?/content/gracias" "Mozilla/5.0 (Macintosh; Intel Mac OS X 10_9_2) AppleWebKit/537.36 (KHTML, like Gecko) Chrome/35.0.1862.2 Safari/537.36"
200.48.4.26 - - [28/Feb/2014:16:54:50 +0000] "GET /?/content/menor_de_10k HTTP/1.1" 200 10191 "-" "Mozilla/5.0 (iPhone; CPU iPhone OS 7_0_6 like Mac OS X) AppleWebKit/537.51.1 (KHTML, like Gecko) Version/7.0 Mobile/11B651 Safari/9537.53"
200.48.4.26 - - [28/Feb/2014:16:54:51 +0000] "GET /css/foundation.css HTTP/1.1" 304 211 "http://www.packvehicular.com/?/content/menor_de_10k" "Mozilla/5.0 (iPhone; CPU iPhone OS 7_0_6 like Mac OS X) AppleWebKit/537.51.1 (KHTML, like Gecko) Version/7.0 Mobile/11B651 Safari/9537.53"
200.48.4.26 - - [28/Feb/2014:16:54:51 +0000] "GET /css/custom.css HTTP/1.1" 304 211 "http://www.packvehicular.com/?/content/menor_de_10k" "Mozilla/5.0 (iPhone; CPU iPhone OS 7_0_6 like Mac OS X) AppleWebKit/537.51.1 (KHTML, like Gecko) Version/7.0 Mobile/11B651 Safari/9537.53"
200.48.4.26 - - [28/Feb/2014:16:54:51 +0000] "GET /js/modernizr.js HTTP/1.1" 304 210 "http://www.packvehicular.com/?/content/menor_de_10k" "Mozilla/5.0 (iPhone; CPU iPhone OS 7_0_6 like Mac OS X) AppleWebKit/537.51.1 (KHTML, like Gecko) Version/7.0 Mobile/11B651 Safari/9537.53"
200.48.4.26 - - [28/Feb/2014:16:54:52 +0000] "GET /js/jquery.js HTTP/1.1" 304 211 "http://www.packvehicular.com/?/content/menor_de_10k" "Mozilla/5.0 (iPhone; CPU iPhone OS 7_0_6 like Mac OS X) AppleWebKit/537.51.1 (KHTML, like Gecko) Version/7.0 Mobile/11B651 Safari/9537.53"
200.48.4.26 - - [28/Feb/2014:16:54:52 +0000] "GET /js/spin.min.js HTTP/1.1" 304 211 "http://www.packvehicular.com/?/content/menor_de_10k" "Mozilla/5.0 (iPhone; CPU iPhone OS 7_0_6 like Mac OS X) AppleWebKit/537.51.1 (KHTML, like Gecko) Version/7.0 Mobile/11B651 Safari/9537.53"
200.48.4.26 - - [28/Feb/2014:16:54:52 +0000] "GET /js/positiva.js HTTP/1.1" 304 211 "http://www.packvehicular.com/?/content/menor_de_10k" "Mozilla/5.0 (iPhone; CPU iPhone OS 7_0_6 like Mac OS X) AppleWebKit/537.51.1 (KHTML, like Gecko) Version/7.0 Mobile/11B651 Safari/9537.53"
200.48.4.26 - - [28/Feb/2014:16:54:52 +0000] "GET /js/foundation.min.js HTTP/1.1" 304 212 "http://www.packvehicular.com/?/content/menor_de_10k" "Mozilla/5.0 (iPhone; CPU iPhone OS 7_0_6 like Mac OS X) AppleWebKit/537.51.1 (KHTML, like Gecko) Version/7.0 Mobile/11B651 Safari/9537.53"
200.48.4.26 - - [28/Feb/2014:16:54:52 +0000] "GET /js/waypoints.min.js HTTP/1.1" 304 211 "http://www.packvehicular.com/?/content/menor_de_10k" "Mozilla/5.0 (iPhone; CPU iPhone OS 7_0_6 like Mac OS X) AppleWebKit/537.51.1 (KHTML, like Gecko) Version/7.0 Mobile/11B651 Safari/9537.53"
200.48.4.26 - - [28/Feb/2014:16:54:52 +0000] "GET /img/banner.png HTTP/1.1" 304 187 "http://www.packvehicular.com/?/content/menor_de_10k" "Mozilla/5.0 (iPhone; CPU iPhone OS 7_0_6 like Mac OS X) AppleWebKit/537.51.1 (KHTML, like Gecko) Version/7.0 Mobile/11B651 Safari/9537.53"
200.48.4.26 - - [28/Feb/2014:16:54:52 +0000] "GET /img/logo_blanco.png HTTP/1.1" 304 187 "http://www.packvehicular.com/?/content/menor_de_10k" "Mozilla/5.0 (iPhone; CPU iPhone OS 7_0_6 like Mac OS X) AppleWebKit/537.51.1 (KHTML, like Gecko) Version/7.0 Mobile/11B651 Safari/9537.53"
200.48.4.26 - - [28/Feb/2014:16:54:52 +0000] "GET /img/down.png HTTP/1.1" 304 187 "http://www.packvehicular.com/?/content/menor_de_10k" "Mozilla/5.0 (iPhone; CPU iPhone OS 7_0_6 like Mac OS X) AppleWebKit/537.51.1 (KHTML, like Gecko) Version/7.0 Mobile/11B651 Safari/9537.53"
200.48.4.26 - - [28/Feb/2014:16:54:52 +0000] "GET /img/down_arrow.svg HTTP/1.1" 304 186 "http://www.packvehicular.com/?/content/menor_de_10k" "Mozilla/5.0 (iPhone; CPU iPhone OS 7_0_6 like Mac OS X) AppleWebKit/537.51.1 (KHTML, like Gecko) Version/7.0 Mobile/11B651 Safari/9537.53"
200.48.4.26 - - [28/Feb/2014:16:54:53 +0000] "GET /fonts/vimsm-webfont.woff HTTP/1.1" 304 187 "http://www.packvehicular.com/?/content/menor_de_10k" "Mozilla/5.0 (iPhone; CPU iPhone OS 7_0_6 like Mac OS X) AppleWebKit/537.51.1 (KHTML, like Gecko) Version/7.0 Mobile/11B651 Safari/9537.53"
200.48.4.26 - - [28/Feb/2014:16:54:53 +0000] "GET /fonts/fb-tw.woff HTTP/1.1" 304 186 "http://www.packvehicular.com/?/content/menor_de_10k" "Mozilla/5.0 (iPhone; CPU iPhone OS 7_0_6 like Mac OS X) AppleWebKit/537.51.1 (KHTML, like Gecko) Version/7.0 Mobile/11B651 Safari/9537.53"
127.0.0.1 - - [28/Feb/2014:16:54:59 +0000] "OPTIONS * HTTP/1.0" 200 126 "-" "Apache/2.2.22 (Ubuntu) (internal dummy connection)"
127.0.0.1 - - [28/Feb/2014:16:55:00 +0000] "OPTIONS * HTTP/1.0" 200 126 "-" "Apache/2.2.22 (Ubuntu) (internal dummy connection)"
127.0.0.1 - - [28/Feb/2014:16:55:01 +0000] "OPTIONS * HTTP/1.0" 200 126 "-" "Apache/2.2.22 (Ubuntu) (internal dummy connection)"
127.0.0.1 - - [28/Feb/2014:16:55:16 +0000] "OPTIONS * HTTP/1.0" 200 126 "-" "Apache/2.2.22 (Ubuntu) (internal dummy connection)"
200.48.4.26 - - [28/Feb/2014:16:55:18 +0000] "POST /?/content/modelos/ HTTP/1.1" 200 790 "http://www.packvehicular.com/" "Mozilla/5.0 (iPhone; CPU iPhone OS 7_0_6 like Mac OS X) AppleWebKit/537.51.1 (KHTML, like Gecko) Version/7.0 Mobile/11B651 Safari/9537.53"
200.48.4.26 - - [28/Feb/2014:16:55:22 +0000] "POST /?/content/versiones/ HTTP/1.1" 200 892 "http://www.packvehicular.com/" "Mozilla/5.0 (iPhone; CPU iPhone OS 7_0_6 like Mac OS X) AppleWebKit/537.51.1 (KHTML, like Gecko) Version/7.0 Mobile/11B651 Safari/9537.53"
200.48.4.26 - - [28/Feb/2014:16:55:25 +0000] "POST /?/content/ano/ HTTP/1.1" 200 801 "http://www.packvehicular.com/" "Mozilla/5.0 (iPhone; CPU iPhone OS 7_0_6 like Mac OS X) AppleWebKit/537.51.1 (KHTML, like Gecko) Version/7.0 Mobile/11B651 Safari/9537.53"
200.48.4.26 - - [28/Feb/2014:16:55:29 +0000] "POST /?/content/menor_de_10k HTTP/1.1" 200 10404 "http://www.packvehicular.com/" "Mozilla/5.0 (iPhone; CPU iPhone OS 7_0_6 like Mac OS X) AppleWebKit/537.51.1 (KHTML, like Gecko) Version/7.0 Mobile/11B651 Safari/9537.53"
200.48.4.26 - - [28/Feb/2014:16:55:41 +0000] "GET /?/content/pop-ups HTTP/1.1" 200 8214 "http://www.packvehicular.com/?/content/menor_de_10k" "Mozilla/5.0 (iPhone; CPU iPhone OS 7_0_6 like Mac OS X) AppleWebKit/537.51.1 (KHTML, like Gecko) Version/7.0 Mobile/11B651 Safari/9537.53"
200.48.4.26 - - [28/Feb/2014:16:55:42 +0000] "GET /img/logo.png HTTP/1.1" 304 187 "http://www.packvehicular.com/" "Mozilla/5.0 (iPhone; CPU iPhone OS 7_0_6 like Mac OS X) AppleWebKit/537.51.1 (KHTML, like Gecko) Version/7.0 Mobile/11B651 Safari/9537.53"
200.48.4.26 - - [28/Feb/2014:16:56:00 +0000] "GET /img/down_arrow_gray.svg HTTP/1.1" 304 187 "http://www.packvehicular.com/" "Mozilla/5.0 (iPhone; CPU iPhone OS 7_0_6 like Mac OS X) AppleWebKit/537.51.1 (KHTML, like Gecko) Version/7.0 Mobile/11B651 Safari/9537.53"
200.48.4.26 - - [28/Feb/2014:16:56:08 +0000] "POST /?/content/distrito/ HTTP/1.1" 200 1036 "http://www.packvehicular.com/?/content/menor_de_10k" "Mozilla/5.0 (iPhone; CPU iPhone OS 7_0_6 like Mac OS X) AppleWebKit/537.51.1 (KHTML, like Gecko) Version/7.0 Mobile/11B651 Safari/9537.53"
200.48.4.26 - - [28/Feb/2014:16:56:13 +0000] "POST /?/content/agencia/ HTTP/1.1" 200 917 "http://www.packvehicular.com/?/content/menor_de_10k" "Mozilla/5.0 (iPhone; CPU iPhone OS 7_0_6 like Mac OS X) AppleWebKit/537.51.1 (KHTML, like Gecko) Version/7.0 Mobile/11B651 Safari/9537.53"
200.48.4.26 - - [28/Feb/2014:16:56:45 +0000] "POST /?/content/modelos/ HTTP/1.1" 200 920 "http://www.packvehicular.com/" "Mozilla/5.0 (iPhone; CPU iPhone OS 7_0_6 like Mac OS X) AppleWebKit/537.51.1 (KHTML, like Gecko) Version/7.0 Mobile/11B651 Safari/9537.53"
200.48.4.26 - - [28/Feb/2014:16:56:48 +0000] "POST /?/content/versiones/ HTTP/1.1" 200 974 "http://www.packvehicular.com/" "Mozilla/5.0 (iPhone; CPU iPhone OS 7_0_6 like Mac OS X) AppleWebKit/537.51.1 (KHTML, like Gecko) Version/7.0 Mobile/11B651 Safari/9537.53"
200.48.4.26 - - [28/Feb/2014:16:56:53 +0000] "POST /?/content/ano/ HTTP/1.1" 200 840 "http://www.packvehicular.com/" "Mozilla/5.0 (iPhone; CPU iPhone OS 7_0_6 like Mac OS X) AppleWebKit/537.51.1 (KHTML, like Gecko) Version/7.0 Mobile/11B651 Safari/9537.53"
200.48.4.26 - - [28/Feb/2014:16:56:57 +0000] "POST /?/content/menor_de_10k HTTP/1.1" 200 10399 "http://www.packvehicular.com/" "Mozilla/5.0 (iPhone; CPU iPhone OS 7_0_6 like Mac OS X) AppleWebKit/537.51.1 (KHTML, like Gecko) Version/7.0 Mobile/11B651 Safari/9537.53"
200.48.4.26 - - [28/Feb/2014:16:57:15 +0000] "GET /?/content/pop-ups HTTP/1.1" 200 8214 "http://www.packvehicular.com/?/content/menor_de_10k" "Mozilla/5.0 (iPhone; CPU iPhone OS 7_0_6 like Mac OS X) AppleWebKit/537.51.1 (KHTML, like Gecko) Version/7.0 Mobile/11B651 Safari/9537.53"
200.48.4.26 - - [28/Feb/2014:16:58:06 +0000] "POST /?/content/distrito/ HTTP/1.1" 200 860 "http://www.packvehicular.com/?/content/menor_de_10k" "Mozilla/5.0 (iPhone; CPU iPhone OS 7_0_6 like Mac OS X) AppleWebKit/537.51.1 (KHTML, like Gecko) Version/7.0 Mobile/11B651 Safari/9537.53"
200.48.4.26 - - [28/Feb/2014:16:58:11 +0000] "POST /?/content/agencia/ HTTP/1.1" 200 1051 "http://www.packvehicular.com/?/content/menor_de_10k" "Mozilla/5.0 (iPhone; CPU iPhone OS 7_0_6 like Mac OS X) AppleWebKit/537.51.1 (KHTML, like Gecko) Version/7.0 Mobile/11B651 Safari/9537.53"
200.48.4.26 - - [28/Feb/2014:16:58:26 +0000] "POST /?/content/distrito/ HTTP/1.1" 200 1039 "http://www.packvehicular.com/?/content/menor_de_10k" "Mozilla/5.0 (iPhone; CPU iPhone OS 7_0_6 like Mac OS X) AppleWebKit/537.51.1 (KHTML, like Gecko) Version/7.0 Mobile/11B651 Safari/9537.53"
200.48.4.26 - - [28/Feb/2014:16:58:36 +0000] "POST /?/content/agencia/ HTTP/1.1" 200 993 "http://www.packvehicular.com/?/content/menor_de_10k" "Mozilla/5.0 (iPhone; CPU iPhone OS 7_0_6 like Mac OS X) AppleWebKit/537.51.1 (KHTML, like Gecko) Version/7.0 Mobile/11B651 Safari/9537.53"
192.96.204.42 - - [28/Feb/2014:17:32:54 +0000] "GET / HTTP/1.1" 200 8134 "-" "Mozilla/5.0 (Windows NT 5.1) AppleWebKit/537.36 (KHTML, like Gecko) Chrome/31.0.1650.16 Safari/537.36"
109.68.191.26 - - [28/Feb/2014:18:12:33 +0000] "GET / HTTP/1.0" 200 32278 "-" "masscan/1.0 (https://github.com/robertdavidgraham/masscan)"
62.96.158.205 - - [28/Feb/2014:19:04:53 +0000] "HEAD / HTTP/1.0" 200 564 "-" "-"
190.117.246.30 - - [28/Feb/2014:19:10:52 +0000] "GET /casa.php HTTP/1.1" 302 511 "-" "Mozilla/5.0 (Windows NT 6.2; WOW64) AppleWebKit/537.36 (KHTML, like Gecko) Chrome/33.0.1750.117 Safari/537.36"
190.117.246.37 - - [28/Feb/2014:19:10:53 +0000] "GET / HTTP/1.1" 200 8183 "-" "Mozilla/5.0 (Macintosh; Intel Mac OS X 10_9_1) AppleWebKit/537.36 (KHTML, like Gecko) Chrome/32.0.1700.107 Safari/537.36"
190.117.246.37 - - [28/Feb/2014:19:10:53 +0000] "GET /js/positiva.js HTTP/1.1" 200 2988 "http://packvehicular.com/" "Mozilla/5.0 (Macintosh; Intel Mac OS X 10_9_1) AppleWebKit/537.36 (KHTML, like Gecko) Chrome/32.0.1700.107 Safari/537.36"
190.117.246.37 - - [28/Feb/2014:19:10:54 +0000] "GET /favicon.ico HTTP/1.1" 404 460 "-" "Mozilla/5.0 (Macintosh; Intel Mac OS X 10_9_1) AppleWebKit/537.36 (KHTML, like Gecko) Chrome/32.0.1700.107 Safari/537.36"
190.117.246.30 - - [28/Feb/2014:19:10:54 +0000] "GET /casa.php?S=0&D=cp&C=homepage HTTP/1.1" 302 421 "-" "Mozilla/5.0 (Windows NT 6.2; WOW64) AppleWebKit/537.36 (KHTML, like Gecko) Chrome/33.0.1750.117 Safari/537.36"
190.117.246.30 - - [28/Feb/2014:19:10:57 +0000] "GET /casa.php?S=0&D=cp&C=login HTTP/1.1" 200 1247 "-" "Mozilla/5.0 (Windows NT 6.2; WOW64) AppleWebKit/537.36 (KHTML, like Gecko) Chrome/33.0.1750.117 Safari/537.36"
190.117.246.37 - - [28/Feb/2014:19:10:58 +0000] "GET /casa.php HTTP/1.1" 302 424 "-" "Mozilla/5.0 (Macintosh; Intel Mac OS X 10_9_1) AppleWebKit/537.36 (KHTML, like Gecko) Chrome/32.0.1700.107 Safari/537.36"
190.117.246.37 - - [28/Feb/2014:19:10:58 +0000] "GET /casa.php?S=0&D=cp&C=homepage HTTP/1.1" 302 421 "-" "Mozilla/5.0 (Macintosh; Intel Mac OS X 10_9_1) AppleWebKit/537.36 (KHTML, like Gecko) Chrome/32.0.1700.107 Safari/537.36"
190.117.246.37 - - [28/Feb/2014:19:10:58 +0000] "GET /casa.php?S=0&D=cp&C=login HTTP/1.1" 200 1244 "-" "Mozilla/5.0 (Macintosh; Intel Mac OS X 10_9_1) AppleWebKit/537.36 (KHTML, like Gecko) Chrome/32.0.1700.107 Safari/537.36"
190.117.246.37 - - [28/Feb/2014:19:10:59 +0000] "GET /themes/cp_themes/default/css/login.css?v=1393480016 HTTP/1.1" 200 1040 "http://packvehicular.com/casa.php?S=0&D=cp&C=login" "Mozilla/5.0 (Macintosh; Intel Mac OS X 10_9_1) AppleWebKit/537.36 (KHTML, like Gecko) Chrome/32.0.1700.107 Safari/537.36"
190.117.246.37 - - [28/Feb/2014:19:10:59 +0000] "GET /themes/javascript/compressed/jquery/jquery.js?v=1393480016 HTTP/1.1" 200 34122 "http://packvehicular.com/casa.php?S=0&D=cp&C=login" "Mozilla/5.0 (Macintosh; Intel Mac OS X 10_9_1) AppleWebKit/537.36 (KHTML, like Gecko) Chrome/32.0.1700.107 Safari/537.36"
190.117.246.30 - - [28/Feb/2014:19:10:59 +0000] "GET /themes/cp_themes/default/css/login.css?v=1393480016 HTTP/1.1" 304 209 "http://54.200.189.71/casa.php?S=0&D=cp&C=login" "Mozilla/5.0 (Windows NT 6.2; WOW64) AppleWebKit/537.36 (KHTML, like Gecko) Chrome/33.0.1750.117 Safari/537.36"
190.117.246.30 - - [28/Feb/2014:19:10:59 +0000] "GET /themes/javascript/compressed/jquery/jquery.js?v=1393480016 HTTP/1.1" 304 212 "http://54.200.189.71/casa.php?S=0&D=cp&C=login" "Mozilla/5.0 (Windows NT 6.2; WOW64) AppleWebKit/537.36 (KHTML, like Gecko) Chrome/33.0.1750.117 Safari/537.36"
190.117.246.30 - - [28/Feb/2014:19:10:59 +0000] "GET /themes/cp_global_images/ee_logo_branding.gif HTTP/1.1" 304 187 "http://54.200.189.71/casa.php?S=0&D=cp&C=login" "Mozilla/5.0 (Windows NT 6.2; WOW64) AppleWebKit/537.36 (KHTML, like Gecko) Chrome/33.0.1750.117 Safari/537.36"
190.117.246.37 - - [28/Feb/2014:19:10:59 +0000] "GET /themes/cp_themes/default/images/branding_bg.gif HTTP/1.1" 200 340 "http://packvehicular.com/casa.php?S=0&D=cp&C=login" "Mozilla/5.0 (Macintosh; Intel Mac OS X 10_9_1) AppleWebKit/537.36 (KHTML, like Gecko) Chrome/32.0.1700.107 Safari/537.36"
190.117.246.37 - - [28/Feb/2014:19:10:59 +0000] "GET /themes/cp_themes/default/images/ee_login_bg.gif HTTP/1.1" 200 3209 "http://packvehicular.com/casa.php?S=0&D=cp&C=login" "Mozilla/5.0 (Macintosh; Intel Mac OS X 10_9_1) AppleWebKit/537.36 (KHTML, like Gecko) Chrome/32.0.1700.107 Safari/537.36"
190.117.246.37 - - [28/Feb/2014:19:10:59 +0000] "GET /themes/cp_themes/default/images/submit_button_bg.gif HTTP/1.1" 200 439 "http://packvehicular.com/casa.php?S=0&D=cp&C=login" "Mozilla/5.0 (Macintosh; Intel Mac OS X 10_9_1) AppleWebKit/537.36 (KHTML, like Gecko) Chrome/32.0.1700.107 Safari/537.36"
190.117.246.30 - - [28/Feb/2014:19:11:02 +0000] "GET /themes/cp_themes/default/images/branding_bg.gif HTTP/1.1" 304 185 "http://54.200.189.71/casa.php?S=0&D=cp&C=login" "Mozilla/5.0 (Windows NT 6.2; WOW64) AppleWebKit/537.36 (KHTML, like Gecko) Chrome/33.0.1750.117 Safari/537.36"
190.117.246.30 - - [28/Feb/2014:19:11:02 +0000] "GET /themes/cp_themes/default/images/ee_login_bg.gif HTTP/1.1" 304 186 "http://54.200.189.71/casa.php?S=0&D=cp&C=login" "Mozilla/5.0 (Windows NT 6.2; WOW64) AppleWebKit/537.36 (KHTML, like Gecko) Chrome/33.0.1750.117 Safari/537.36"
190.117.246.30 - - [28/Feb/2014:19:11:02 +0000] "GET /themes/cp_themes/default/images/submit_button_bg.gif HTTP/1.1" 304 185 "http://54.200.189.71/casa.php?S=0&D=cp&C=login" "Mozilla/5.0 (Windows NT 6.2; WOW64) AppleWebKit/537.36 (KHTML, like Gecko) Chrome/33.0.1750.117 Safari/537.36"
127.0.0.1 - - [28/Feb/2014:19:11:07 +0000] "OPTIONS * HTTP/1.0" 200 126 "-" "Apache/2.2.22 (Ubuntu) (internal dummy connection)"
127.0.0.1 - - [28/Feb/2014:19:11:09 +0000] "OPTIONS * HTTP/1.0" 200 126 "-" "Apache/2.2.22 (Ubuntu) (internal dummy connection)"
127.0.0.1 - - [28/Feb/2014:19:11:10 +0000] "OPTIONS * HTTP/1.0" 200 126 "-" "Apache/2.2.22 (Ubuntu) (internal dummy connection)"
127.0.0.1 - - [28/Feb/2014:19:11:11 +0000] "OPTIONS * HTTP/1.0" 200 126 "-" "Apache/2.2.22 (Ubuntu) (internal dummy connection)"
190.117.246.37 - - [28/Feb/2014:19:11:11 +0000] "POST /?/content/modelos/ HTTP/1.1" 200 802 "http://packvehicular.com/" "Mozilla/5.0 (Macintosh; Intel Mac OS X 10_9_1) AppleWebKit/537.36 (KHTML, like Gecko) Chrome/32.0.1700.107 Safari/537.36"
127.0.0.1 - - [28/Feb/2014:19:11:12 +0000] "OPTIONS * HTTP/1.0" 200 126 "-" "Apache/2.2.22 (Ubuntu) (internal dummy connection)"
127.0.0.1 - - [28/Feb/2014:19:11:13 +0000] "OPTIONS * HTTP/1.0" 200 126 "-" "Apache/2.2.22 (Ubuntu) (internal dummy connection)"
190.117.246.37 - - [28/Feb/2014:19:11:17 +0000] "POST /casa.php?S=0&D=cp&C=login&M=authenticate HTTP/1.1" 302 1081 "http://54.200.189.71/casa.php?S=0&D=cp&C=login" "Mozilla/5.0 (Windows NT 6.2; WOW64) AppleWebKit/537.36 (KHTML, like Gecko) Chrome/33.0.1750.117 Safari/537.36"
190.117.246.37 - - [28/Feb/2014:19:11:18 +0000] "GET /casa.php?S=a870adeaf48be5aaf3c69aadc01cfe4e&D=cp&C=homepage HTTP/1.1" 200 6132 "http://54.200.189.71/casa.php?S=0&D=cp&C=login" "Mozilla/5.0 (Windows NT 6.2; WOW64) AppleWebKit/537.36 (KHTML, like Gecko) Chrome/33.0.1750.117 Safari/537.36"
190.117.246.37 - - [28/Feb/2014:19:11:19 +0000] "GET /themes/cp_themes/default/css/jquery-ui-1.8.16.custom.css?v=1393480016 HTTP/1.1" 304 210 "http://54.200.189.71/casa.php?S=a870adeaf48be5aaf3c69aadc01cfe4e&D=cp&C=homepage" "Mozilla/5.0 (Windows NT 6.2; WOW64) AppleWebKit/537.36 (KHTML, like Gecko) Chrome/33.0.1750.117 Safari/537.36"
190.117.246.37 - - [28/Feb/2014:19:11:19 +0000] "GET /themes/cp_themes/default/css/global.css?v=1393480016 HTTP/1.1" 304 212 "http://54.200.189.71/casa.php?S=a870adeaf48be5aaf3c69aadc01cfe4e&D=cp&C=homepage" "Mozilla/5.0 (Windows NT 6.2; WOW64) AppleWebKit/537.36 (KHTML, like Gecko) Chrome/33.0.1750.117 Safari/537.36"
190.117.246.37 - - [28/Feb/2014:19:11:19 +0000] "GET /themes/cp_themes/default/images/home_icon.png HTTP/1.1" 304 185 "http://54.200.189.71/casa.php?S=a870adeaf48be5aaf3c69aadc01cfe4e&D=cp&C=homepage" "Mozilla/5.0 (Windows NT 6.2; WOW64) AppleWebKit/537.36 (KHTML, like Gecko) Chrome/33.0.1750.117 Safari/537.36"
190.117.246.37 - - [28/Feb/2014:19:11:19 +0000] "GET /casa.php?S=a870adeaf48be5aaf3c69aadc01cfe4e&D=cp&C=javascript&M=combo_load&file=cp/homepage&v=1393480016 HTTP/1.1" 304 177 "http://54.200.189.71/casa.php?S=a870adeaf48be5aaf3c69aadc01cfe4e&D=cp&C=homepage" "Mozilla/5.0 (Windows NT 6.2; WOW64) AppleWebKit/537.36 (KHTML, like Gecko) Chrome/33.0.1750.117 Safari/537.36"
190.117.246.37 - - [28/Feb/2014:19:11:19 +0000] "GET /casa.php?S=a870adeaf48be5aaf3c69aadc01cfe4e&D=cp&C=javascript&M=combo_load&ui=core,widget,mouse,position,sortable,dialog&plugin=ee_interact.event,ee_broadcast.event,ee_notice,ee_txtarea,tablesorter,ee_toggle_all,ee_navigation&file=json2,underscore,cp/global_start&v=1393480016 HTTP/1.1" 304 177 "http://54.200.189.71/casa.php?S=a870adeaf48be5aaf3c69aadc01cfe4e&D=cp&C=homepage" "Mozilla/5.0 (Windows NT 6.2; WOW64) AppleWebKit/537.36 (KHTML, like Gecko) Chrome/33.0.1750.117 Safari/537.36"
190.117.246.37 - - [28/Feb/2014:19:11:19 +0000] "GET /casa.php?S=a870adeaf48be5aaf3c69aadc01cfe4e&D=cp&C=javascript&M=combo_load&file=cp/global_end&v=1393480016 HTTP/1.1" 304 177 "http://54.200.189.71/casa.php?S=a870adeaf48be5aaf3c69aadc01cfe4e&D=cp&C=homepage" "Mozilla/5.0 (Windows NT 6.2; WOW64) AppleWebKit/537.36 (KHTML, like Gecko) Chrome/33.0.1750.117 Safari/537.36"
190.117.246.37 - - [28/Feb/2014:19:11:19 +0000] "GET /themes/third_party/nsm_morphine_theme/scripts/compressed.js HTTP/1.1" 404 486 "http://54.200.189.71/casa.php?S=a870adeaf48be5aaf3c69aadc01cfe4e&D=cp&C=homepage" "Mozilla/5.0 (Windows NT 6.2; WOW64) AppleWebKit/537.36 (KHTML, like Gecko) Chrome/33.0.1750.117 Safari/537.36"
190.117.246.37 - - [28/Feb/2014:19:11:19 +0000] "GET /themes/third_party/nsm_morphine_theme/styles/screen.css HTTP/1.1" 404 487 "http://54.200.189.71/casa.php?S=a870adeaf48be5aaf3c69aadc01cfe4e&D=cp&C=homepage" "Mozilla/5.0 (Windows NT 6.2; WOW64) AppleWebKit/537.36 (KHTML, like Gecko) Chrome/33.0.1750.117 Safari/537.36"
190.117.246.37 - - [28/Feb/2014:19:11:19 +0000] "GET /themes/cp_themes/default/images/site_logo.gif HTTP/1.1" 304 186 "http://54.200.189.71/casa.php?S=a870adeaf48be5aaf3c69aadc01cfe4e&D=cp&C=homepage" "Mozilla/5.0 (Windows NT 6.2; WOW64) AppleWebKit/537.36 (KHTML, like Gecko) Chrome/33.0.1750.117 Safari/537.36"
190.117.246.37 - - [28/Feb/2014:19:11:20 +0000] "GET /themes/cp_themes/default/images/search_button.gif HTTP/1.1" 304 186 "http://54.200.189.71/casa.php?S=a870adeaf48be5aaf3c69aadc01cfe4e&D=cp&C=homepage" "Mozilla/5.0 (Windows NT 6.2; WOW64) AppleWebKit/537.36 (KHTML, like Gecko) Chrome/33.0.1750.117 Safari/537.36"
190.117.246.37 - - [28/Feb/2014:19:11:20 +0000] "GET /themes/cp_themes/default/images/indicator.gif HTTP/1.1" 304 186 "http://54.200.189.71/casa.php?S=a870adeaf48be5aaf3c69aadc01cfe4e&D=cp&C=homepage" "Mozilla/5.0 (Windows NT 6.2; WOW64) AppleWebKit/537.36 (KHTML, like Gecko) Chrome/33.0.1750.117 Safari/537.36"
190.117.246.37 - - [28/Feb/2014:19:11:20 +0000] "GET /themes/cp_themes/default/images/ee_logo_footer.gif HTTP/1.1" 304 186 "http://54.200.189.71/casa.php?S=a870adeaf48be5aaf3c69aadc01cfe4e&D=cp&C=homepage" "Mozilla/5.0 (Windows NT 6.2; WOW64) AppleWebKit/537.36 (KHTML, like Gecko) Chrome/33.0.1750.117 Safari/537.36"
190.117.246.37 - - [28/Feb/2014:19:11:20 +0000] "GET /themes/cp_themes/default/images/alert.png HTTP/1.1" 304 186 "http://54.200.189.71/casa.php?S=a870adeaf48be5aaf3c69aadc01cfe4e&D=cp&C=homepage" "Mozilla/5.0 (Windows NT 6.2; WOW64) AppleWebKit/537.36 (KHTML, like Gecko) Chrome/33.0.1750.117 Safari/537.36"
190.117.246.37 - - [28/Feb/2014:19:11:20 +0000] "GET /themes/cp_themes/default/images/success.png HTTP/1.1" 304 186 "http://54.200.189.71/casa.php?S=a870adeaf48be5aaf3c69aadc01cfe4e&D=cp&C=homepage" "Mozilla/5.0 (Windows NT 6.2; WOW64) AppleWebKit/537.36 (KHTML, like Gecko) Chrome/33.0.1750.117 Safari/537.36"
190.117.246.37 - - [28/Feb/2014:19:11:20 +0000] "GET /themes/cp_themes/default/images/contentmenu_icons.gif HTTP/1.1" 304 186 "http://54.200.189.71/casa.php?S=a870adeaf48be5aaf3c69aadc01cfe4e&D=cp&C=homepage" "Mozilla/5.0 (Windows NT 6.2; WOW64) AppleWebKit/537.36 (KHTML, like Gecko) Chrome/33.0.1750.117 Safari/537.36"
190.117.246.37 - - [28/Feb/2014:19:11:20 +0000] "GET /themes/cp_themes/default/images/heading_images_sprite.gif HTTP/1.1" 304 186 "http://54.200.189.71/casa.php?S=a870adeaf48be5aaf3c69aadc01cfe4e&D=cp&C=homepage" "Mozilla/5.0 (Windows NT 6.2; WOW64) AppleWebKit/537.36 (KHTML, like Gecko) Chrome/33.0.1750.117 Safari/537.36"
190.117.246.37 - - [28/Feb/2014:19:11:20 +0000] "GET /themes/cp_themes/default/images/backgrounds_sprite.png HTTP/1.1" 304 186 "http://54.200.189.71/casa.php?S=a870adeaf48be5aaf3c69aadc01cfe4e&D=cp&C=homepage" "Mozilla/5.0 (Windows NT 6.2; WOW64) AppleWebKit/537.36 (KHTML, like Gecko) Chrome/33.0.1750.117 Safari/537.36"
190.117.246.37 - - [28/Feb/2014:19:11:20 +0000] "GET /themes/cp_themes/default/images/cp_sprite.png HTTP/1.1" 304 187 "http://54.200.189.71/casa.php?S=a870adeaf48be5aaf3c69aadc01cfe4e&D=cp&C=homepage" "Mozilla/5.0 (Windows NT 6.2; WOW64) AppleWebKit/537.36 (KHTML, like Gecko) Chrome/33.0.1750.117 Safari/537.36"
190.117.246.37 - - [28/Feb/2014:19:11:20 +0000] "GET /themes/cp_themes/default/images/hide_sidebar_arrow.gif HTTP/1.1" 304 186 "http://54.200.189.71/casa.php?S=a870adeaf48be5aaf3c69aadc01cfe4e&D=cp&C=homepage" "Mozilla/5.0 (Windows NT 6.2; WOW64) AppleWebKit/537.36 (KHTML, like Gecko) Chrome/33.0.1750.117 Safari/537.36"
190.117.246.37 - - [28/Feb/2014:19:11:20 +0000] "GET /themes/cp_themes/default/images/nav_arrow_light.png HTTP/1.1" 304 185 "http://54.200.189.71/casa.php?S=a870adeaf48be5aaf3c69aadc01cfe4e&D=cp&C=homepage" "Mozilla/5.0 (Windows NT 6.2; WOW64) AppleWebKit/537.36 (KHTML, like Gecko) Chrome/33.0.1750.117 Safari/537.36"
